[13:36:36] git HEAD f84c5c3fdf301edbf0f500a0521a0e3379dba579; dirty entries: ['?? notebooks/run_classifier_calibration.py', '?? notebooks/run_classifier_grid_extension.py', '?? output/baseline_recovery_v2_classifier_grid_ext_20261008_lgbm.log', '?? output/baseline_recovery_v2_classifier_grid_ext_20261008_rf.log', '?? src/classifier_calibration.py', '?? src/classifier_grid_extension.py', '?? tests/test_classifier_calibration.py', '?? tests/test_classifier_grid_extension.py']; priority=below_normal
[13:36:47] loaded weather_on (180332, 39), weather_off (180332, 25), positives=31805 in 11.2s
[13:36:47] START seed=42 weather_off/random_forest_ext
[13:37:09]     rf[weather_off] fold=1 {'min_samples_leaf': 25, 'max_features': 0.5} inner_LL=0.445177 (21.2s)
[13:37:38]     rf[weather_off] fold=1 {'min_samples_leaf': 25, 'max_features': 0.7} inner_LL=0.445867 (29.8s)
[13:38:23]     rf[weather_off] fold=1 {'min_samples_leaf': 25, 'max_features': 1.0} inner_LL=0.445600 (44.5s)
[13:38:43]     rf[weather_off] fold=1 {'min_samples_leaf': 50, 'max_features': 0.5} inner_LL=0.444648 (20.0s)
[13:39:12]     rf[weather_off] fold=1 {'min_samples_leaf': 50, 'max_features': 0.7} inner_LL=0.444835 (28.6s)
[13:39:51]     rf[weather_off] fold=1 {'min_samples_leaf': 50, 'max_features': 1.0} inner_LL=0.444852 (39.8s)
[13:40:10]     rf[weather_off] fold=1 {'min_samples_leaf': 100, 'max_features': 0.5} inner_LL=0.444519 (18.2s)
[13:40:35]     rf[weather_off] fold=1 {'min_samples_leaf': 100, 'max_features': 0.7} inner_LL=0.444526 (25.4s)
[13:41:13]     rf[weather_off] fold=1 {'min_samples_leaf': 100, 'max_features': 1.0} inner_LL=0.444563 (37.5s)
[13:41:29]     rf[weather_off] fold=1 {'min_samples_leaf': 200, 'max_features': 0.5} inner_LL=0.444759 (16.3s)
[13:41:51]     rf[weather_off] fold=1 {'min_samples_leaf': 200, 'max_features': 0.7} inner_LL=0.444805 (22.0s)
[13:42:23]     rf[weather_off] fold=1 {'min_samples_leaf': 200, 'max_features': 1.0} inner_LL=0.444679 (32.4s)
[13:42:38]     rf[weather_off] fold=1 {'min_samples_leaf': 400, 'max_features': 0.5} inner_LL=0.445498 (14.5s)
[13:42:57]     rf[weather_off] fold=1 {'min_samples_leaf': 400, 'max_features': 0.7} inner_LL=0.445345 (19.6s)
[13:43:25]     rf[weather_off] fold=1 {'min_samples_leaf': 400, 'max_features': 1.0} inner_LL=0.445288 (27.7s)
[13:43:25]   42_weather_off_random_forest_ext fold=1 params={'min_samples_leaf': 100, 'max_features': 0.5} edge={'min_samples_leaf': None, 'max_features': 'low'} thr=0.24 (398.2s)
[13:43:49]     rf[weather_off] fold=2 {'min_samples_leaf': 25, 'max_features': 0.5} inner_LL=0.445493 (23.4s)
[13:44:22]     rf[weather_off] fold=2 {'min_samples_leaf': 25, 'max_features': 0.7} inner_LL=0.446056 (32.7s)
[13:45:10]     rf[weather_off] fold=2 {'min_samples_leaf': 25, 'max_features': 1.0} inner_LL=0.446054 (48.4s)
[13:45:33]     rf[weather_off] fold=2 {'min_samples_leaf': 50, 'max_features': 0.5} inner_LL=0.445165 (22.5s)
[13:46:03]     rf[weather_off] fold=2 {'min_samples_leaf': 50, 'max_features': 0.7} inner_LL=0.445476 (30.3s)
[13:46:46]     rf[weather_off] fold=2 {'min_samples_leaf': 50, 'max_features': 1.0} inner_LL=0.445344 (42.5s)
[13:47:05]     rf[weather_off] fold=2 {'min_samples_leaf': 100, 'max_features': 0.5} inner_LL=0.445259 (19.2s)
[13:47:31]     rf[weather_off] fold=2 {'min_samples_leaf': 100, 'max_features': 0.7} inner_LL=0.445251 (26.4s)
[13:48:09]     rf[weather_off] fold=2 {'min_samples_leaf': 100, 'max_features': 1.0} inner_LL=0.445330 (38.2s)
[13:48:27]     rf[weather_off] fold=2 {'min_samples_leaf': 200, 'max_features': 0.5} inner_LL=0.445679 (17.8s)
[13:48:50]     rf[weather_off] fold=2 {'min_samples_leaf': 200, 'max_features': 0.7} inner_LL=0.445708 (22.3s)
[13:49:22]     rf[weather_off] fold=2 {'min_samples_leaf': 200, 'max_features': 1.0} inner_LL=0.445678 (32.3s)
[13:49:37]     rf[weather_off] fold=2 {'min_samples_leaf': 400, 'max_features': 0.5} inner_LL=0.446289 (15.2s)
[13:49:59]     rf[weather_off] fold=2 {'min_samples_leaf': 400, 'max_features': 0.7} inner_LL=0.446327 (21.7s)
[13:50:27]     rf[weather_off] fold=2 {'min_samples_leaf': 400, 'max_features': 1.0} inner_LL=0.446339 (28.5s)
[13:50:28]   42_weather_off_random_forest_ext fold=2 params={'min_samples_leaf': 50, 'max_features': 0.5} edge={'min_samples_leaf': None, 'max_features': 'low'} thr=0.25 (422.2s)
[13:50:51]     rf[weather_off] fold=3 {'min_samples_leaf': 25, 'max_features': 0.5} inner_LL=0.443323 (23.3s)
[13:51:23]     rf[weather_off] fold=3 {'min_samples_leaf': 25, 'max_features': 0.7} inner_LL=0.443581 (31.8s)
[13:52:08]     rf[weather_off] fold=3 {'min_samples_leaf': 25, 'max_features': 1.0} inner_LL=0.443549 (45.2s)
[13:52:29]     rf[weather_off] fold=3 {'min_samples_leaf': 50, 'max_features': 0.5} inner_LL=0.442760 (21.1s)
[13:52:59]     rf[weather_off] fold=3 {'min_samples_leaf': 50, 'max_features': 0.7} inner_LL=0.442751 (29.1s)
[13:53:39]     rf[weather_off] fold=3 {'min_samples_leaf': 50, 'max_features': 1.0} inner_LL=0.442631 (40.7s)
[13:53:58]     rf[weather_off] fold=3 {'min_samples_leaf': 100, 'max_features': 0.5} inner_LL=0.442569 (18.4s)
[13:54:23]     rf[weather_off] fold=3 {'min_samples_leaf': 100, 'max_features': 0.7} inner_LL=0.442445 (25.4s)
[13:54:58]     rf[weather_off] fold=3 {'min_samples_leaf': 100, 'max_features': 1.0} inner_LL=0.442327 (35.3s)
[13:55:14]     rf[weather_off] fold=3 {'min_samples_leaf': 200, 'max_features': 0.5} inner_LL=0.442970 (15.3s)
[13:55:36]     rf[weather_off] fold=3 {'min_samples_leaf': 200, 'max_features': 0.7} inner_LL=0.442933 (22.5s)
[13:56:08]     rf[weather_off] fold=3 {'min_samples_leaf': 200, 'max_features': 1.0} inner_LL=0.442810 (31.3s)
[13:56:22]     rf[weather_off] fold=3 {'min_samples_leaf': 400, 'max_features': 0.5} inner_LL=0.443866 (14.0s)
[13:56:41]     rf[weather_off] fold=3 {'min_samples_leaf': 400, 'max_features': 0.7} inner_LL=0.443866 (19.3s)
[13:57:08]     rf[weather_off] fold=3 {'min_samples_leaf': 400, 'max_features': 1.0} inner_LL=0.443770 (27.0s)
[13:57:08]   42_weather_off_random_forest_ext fold=3 params={'min_samples_leaf': 100, 'max_features': 1.0} edge={'min_samples_leaf': None, 'max_features': 'high'} thr=0.24 (400.5s)
[13:57:32]     rf[weather_off] fold=4 {'min_samples_leaf': 25, 'max_features': 0.5} inner_LL=0.443886 (23.2s)
[13:58:04]     rf[weather_off] fold=4 {'min_samples_leaf': 25, 'max_features': 0.7} inner_LL=0.444390 (32.0s)
[13:58:49]     rf[weather_off] fold=4 {'min_samples_leaf': 25, 'max_features': 1.0} inner_LL=0.444819 (45.3s)
[13:59:10]     rf[weather_off] fold=4 {'min_samples_leaf': 50, 'max_features': 0.5} inner_LL=0.443417 (20.7s)
[13:59:38]     rf[weather_off] fold=4 {'min_samples_leaf': 50, 'max_features': 0.7} inner_LL=0.443622 (28.6s)
[14:00:19]     rf[weather_off] fold=4 {'min_samples_leaf': 50, 'max_features': 1.0} inner_LL=0.443694 (40.6s)
[14:00:37]     rf[weather_off] fold=4 {'min_samples_leaf': 100, 'max_features': 0.5} inner_LL=0.443397 (18.3s)
[14:01:02]     rf[weather_off] fold=4 {'min_samples_leaf': 100, 'max_features': 0.7} inner_LL=0.443529 (24.5s)
[14:01:36]     rf[weather_off] fold=4 {'min_samples_leaf': 100, 'max_features': 1.0} inner_LL=0.443523 (33.9s)
[14:01:51]     rf[weather_off] fold=4 {'min_samples_leaf': 200, 'max_features': 0.5} inner_LL=0.443946 (15.6s)
[14:02:13]     rf[weather_off] fold=4 {'min_samples_leaf': 200, 'max_features': 0.7} inner_LL=0.443828 (21.7s)
[14:02:43]     rf[weather_off] fold=4 {'min_samples_leaf': 200, 'max_features': 1.0} inner_LL=0.443861 (29.7s)
[14:02:57]     rf[weather_off] fold=4 {'min_samples_leaf': 400, 'max_features': 0.5} inner_LL=0.444731 (14.0s)
[14:03:16]     rf[weather_off] fold=4 {'min_samples_leaf': 400, 'max_features': 0.7} inner_LL=0.444569 (19.2s)
[14:03:43]     rf[weather_off] fold=4 {'min_samples_leaf': 400, 'max_features': 1.0} inner_LL=0.444478 (27.2s)
[14:03:43]   42_weather_off_random_forest_ext fold=4 params={'min_samples_leaf': 100, 'max_features': 0.5} edge={'min_samples_leaf': None, 'max_features': 'low'} thr=0.24 (395.2s)
[14:04:07]     rf[weather_off] fold=5 {'min_samples_leaf': 25, 'max_features': 0.5} inner_LL=0.444391 (23.4s)
[14:04:40]     rf[weather_off] fold=5 {'min_samples_leaf': 25, 'max_features': 0.7} inner_LL=0.444704 (32.5s)
[14:05:25]     rf[weather_off] fold=5 {'min_samples_leaf': 25, 'max_features': 1.0} inner_LL=0.445108 (45.7s)
[14:05:47]     rf[weather_off] fold=5 {'min_samples_leaf': 50, 'max_features': 0.5} inner_LL=0.443806 (21.4s)
[14:06:16]     rf[weather_off] fold=5 {'min_samples_leaf': 50, 'max_features': 0.7} inner_LL=0.443866 (28.8s)
[14:07:02]     rf[weather_off] fold=5 {'min_samples_leaf': 50, 'max_features': 1.0} inner_LL=0.444184 (46.0s)
[14:07:20]     rf[weather_off] fold=5 {'min_samples_leaf': 100, 'max_features': 0.5} inner_LL=0.443579 (18.2s)
[14:07:44]     rf[weather_off] fold=5 {'min_samples_leaf': 100, 'max_features': 0.7} inner_LL=0.443639 (24.5s)
[14:08:21]     rf[weather_off] fold=5 {'min_samples_leaf': 100, 'max_features': 1.0} inner_LL=0.443659 (36.3s)
[14:08:37]     rf[weather_off] fold=5 {'min_samples_leaf': 200, 'max_features': 0.5} inner_LL=0.443881 (16.8s)
[14:09:00]     rf[weather_off] fold=5 {'min_samples_leaf': 200, 'max_features': 0.7} inner_LL=0.443792 (22.7s)
[14:09:35]     rf[weather_off] fold=5 {'min_samples_leaf': 200, 'max_features': 1.0} inner_LL=0.443755 (34.6s)
[14:09:49]     rf[weather_off] fold=5 {'min_samples_leaf': 400, 'max_features': 0.5} inner_LL=0.444602 (14.5s)
[14:10:08]     rf[weather_off] fold=5 {'min_samples_leaf': 400, 'max_features': 0.7} inner_LL=0.444551 (18.8s)
[14:10:34]     rf[weather_off] fold=5 {'min_samples_leaf': 400, 'max_features': 1.0} inner_LL=0.444466 (26.5s)
[14:10:35]   42_weather_off_random_forest_ext fold=5 params={'min_samples_leaf': 100, 'max_features': 0.5} edge={'min_samples_leaf': None, 'max_features': 'low'} thr=0.25 (411.4s)
[14:10:39] DONE seed=42 weather_off/random_forest_ext MacroF1=0.584391 LL=0.443443 AUC=0.654735 P1=0.3102 R1=0.3311 (2028s)
[14:10:39] START seed=42 weather_on/random_forest_ext
[14:11:18]     rf[weather_on] fold=1 {'min_samples_leaf': 25, 'max_features': 0.5} inner_LL=0.432877 (38.0s)
[14:12:09]     rf[weather_on] fold=1 {'min_samples_leaf': 25, 'max_features': 0.7} inner_LL=0.433289 (51.1s)
[14:13:21]     rf[weather_on] fold=1 {'min_samples_leaf': 25, 'max_features': 1.0} inner_LL=0.433565 (72.3s)
[14:13:54]     rf[weather_on] fold=1 {'min_samples_leaf': 50, 'max_features': 0.5} inner_LL=0.433331 (33.3s)
[14:14:39]     rf[weather_on] fold=1 {'min_samples_leaf': 50, 'max_features': 0.7} inner_LL=0.433341 (44.9s)
[14:15:54]     rf[weather_on] fold=1 {'min_samples_leaf': 50, 'max_features': 1.0} inner_LL=0.433532 (74.2s)
[14:16:23]     rf[weather_on] fold=1 {'min_samples_leaf': 100, 'max_features': 0.5} inner_LL=0.434438 (29.6s)
[14:17:04]     rf[weather_on] fold=1 {'min_samples_leaf': 100, 'max_features': 0.7} inner_LL=0.434268 (40.7s)
[14:18:01]     rf[weather_on] fold=1 {'min_samples_leaf': 100, 'max_features': 1.0} inner_LL=0.434450 (57.5s)
[14:18:28]     rf[weather_on] fold=1 {'min_samples_leaf': 200, 'max_features': 0.5} inner_LL=0.435804 (26.5s)
[14:19:05]     rf[weather_on] fold=1 {'min_samples_leaf': 200, 'max_features': 0.7} inner_LL=0.435829 (36.8s)
[14:19:56]     rf[weather_on] fold=1 {'min_samples_leaf': 200, 'max_features': 1.0} inner_LL=0.435777 (51.4s)
[14:20:19]     rf[weather_on] fold=1 {'min_samples_leaf': 400, 'max_features': 0.5} inner_LL=0.437657 (23.2s)
[14:20:52]     rf[weather_on] fold=1 {'min_samples_leaf': 400, 'max_features': 0.7} inner_LL=0.437609 (32.9s)
[14:21:40]     rf[weather_on] fold=1 {'min_samples_leaf': 400, 'max_features': 1.0} inner_LL=0.437663 (47.5s)
[14:21:40]   42_weather_on_random_forest_ext fold=1 params={'min_samples_leaf': 25, 'max_features': 0.5} edge={'min_samples_leaf': 'low', 'max_features': 'low'} thr=0.25 (660.9s)
[14:22:20]     rf[weather_on] fold=2 {'min_samples_leaf': 25, 'max_features': 0.5} inner_LL=0.431795 (39.6s)
[14:23:12]     rf[weather_on] fold=2 {'min_samples_leaf': 25, 'max_features': 0.7} inner_LL=0.432090 (51.3s)
[14:24:27]     rf[weather_on] fold=2 {'min_samples_leaf': 25, 'max_features': 1.0} inner_LL=0.432278 (75.5s)
[14:25:02]     rf[weather_on] fold=2 {'min_samples_leaf': 50, 'max_features': 0.5} inner_LL=0.432594 (35.1s)
[14:25:50]     rf[weather_on] fold=2 {'min_samples_leaf': 50, 'max_features': 0.7} inner_LL=0.432647 (48.0s)
[14:26:56]     rf[weather_on] fold=2 {'min_samples_leaf': 50, 'max_features': 1.0} inner_LL=0.432916 (65.5s)
[14:27:25]     rf[weather_on] fold=2 {'min_samples_leaf': 100, 'max_features': 0.5} inner_LL=0.433828 (29.2s)
[14:28:04]     rf[weather_on] fold=2 {'min_samples_leaf': 100, 'max_features': 0.7} inner_LL=0.433828 (38.7s)
[14:29:04]     rf[weather_on] fold=2 {'min_samples_leaf': 100, 'max_features': 1.0} inner_LL=0.433844 (60.6s)
[14:29:31]     rf[weather_on] fold=2 {'min_samples_leaf': 200, 'max_features': 0.5} inner_LL=0.435361 (26.4s)
[14:30:06]     rf[weather_on] fold=2 {'min_samples_leaf': 200, 'max_features': 0.7} inner_LL=0.435301 (35.6s)
[14:30:57]     rf[weather_on] fold=2 {'min_samples_leaf': 200, 'max_features': 1.0} inner_LL=0.435298 (50.8s)
[14:31:19]     rf[weather_on] fold=2 {'min_samples_leaf': 400, 'max_features': 0.5} inner_LL=0.437328 (21.6s)
[14:31:47]     rf[weather_on] fold=2 {'min_samples_leaf': 400, 'max_features': 0.7} inner_LL=0.437253 (28.6s)
[14:32:28]     rf[weather_on] fold=2 {'min_samples_leaf': 400, 'max_features': 1.0} inner_LL=0.437289 (40.5s)
[14:32:28]   42_weather_on_random_forest_ext fold=2 params={'min_samples_leaf': 25, 'max_features': 0.5} edge={'min_samples_leaf': 'low', 'max_features': 'low'} thr=0.25 (647.8s)
[14:33:03]     rf[weather_on] fold=3 {'min_samples_leaf': 25, 'max_features': 0.5} inner_LL=0.430640 (34.7s)
[14:33:51]     rf[weather_on] fold=3 {'min_samples_leaf': 25, 'max_features': 0.7} inner_LL=0.430978 (47.6s)
[14:35:00]     rf[weather_on] fold=3 {'min_samples_leaf': 25, 'max_features': 1.0} inner_LL=0.431781 (68.8s)
[14:35:31]     rf[weather_on] fold=3 {'min_samples_leaf': 50, 'max_features': 0.5} inner_LL=0.431263 (31.0s)
[14:36:12]     rf[weather_on] fold=3 {'min_samples_leaf': 50, 'max_features': 0.7} inner_LL=0.431556 (41.3s)
[14:37:11]     rf[weather_on] fold=3 {'min_samples_leaf': 50, 'max_features': 1.0} inner_LL=0.431812 (59.2s)
[14:37:38]     rf[weather_on] fold=3 {'min_samples_leaf': 100, 'max_features': 0.5} inner_LL=0.432159 (27.1s)
[14:38:14]     rf[weather_on] fold=3 {'min_samples_leaf': 100, 'max_features': 0.7} inner_LL=0.432304 (35.3s)
[14:39:04]     rf[weather_on] fold=3 {'min_samples_leaf': 100, 'max_features': 1.0} inner_LL=0.432533 (50.0s)
[14:39:25]     rf[weather_on] fold=3 {'min_samples_leaf': 200, 'max_features': 0.5} inner_LL=0.433725 (21.9s)
[14:39:56]     rf[weather_on] fold=3 {'min_samples_leaf': 200, 'max_features': 0.7} inner_LL=0.433906 (30.6s)
[14:40:40]     rf[weather_on] fold=3 {'min_samples_leaf': 200, 'max_features': 1.0} inner_LL=0.433983 (43.6s)
[14:40:58]     rf[weather_on] fold=3 {'min_samples_leaf': 400, 'max_features': 0.5} inner_LL=0.435747 (18.9s)
[14:41:24]     rf[weather_on] fold=3 {'min_samples_leaf': 400, 'max_features': 0.7} inner_LL=0.435845 (25.5s)
[14:42:01]     rf[weather_on] fold=3 {'min_samples_leaf': 400, 'max_features': 1.0} inner_LL=0.436181 (37.2s)
[14:42:02]   42_weather_on_random_forest_ext fold=3 params={'min_samples_leaf': 25, 'max_features': 0.5} edge={'min_samples_leaf': 'low', 'max_features': 'low'} thr=0.26 (573.5s)
[14:42:34]     rf[weather_on] fold=4 {'min_samples_leaf': 25, 'max_features': 0.5} inner_LL=0.430267 (32.2s)
[14:43:18]     rf[weather_on] fold=4 {'min_samples_leaf': 25, 'max_features': 0.7} inner_LL=0.430295 (43.5s)
[14:44:24]     rf[weather_on] fold=4 {'min_samples_leaf': 25, 'max_features': 1.0} inner_LL=0.430455 (66.1s)
[14:44:54]     rf[weather_on] fold=4 {'min_samples_leaf': 50, 'max_features': 0.5} inner_LL=0.430411 (29.8s)
[14:45:33]     rf[weather_on] fold=4 {'min_samples_leaf': 50, 'max_features': 0.7} inner_LL=0.430344 (39.9s)
[14:46:30]     rf[weather_on] fold=4 {'min_samples_leaf': 50, 'max_features': 1.0} inner_LL=0.430662 (56.4s)
[14:46:55]     rf[weather_on] fold=4 {'min_samples_leaf': 100, 'max_features': 0.5} inner_LL=0.431361 (25.1s)
[14:47:31]     rf[weather_on] fold=4 {'min_samples_leaf': 100, 'max_features': 0.7} inner_LL=0.431469 (36.3s)
[14:48:22]     rf[weather_on] fold=4 {'min_samples_leaf': 100, 'max_features': 1.0} inner_LL=0.431449 (50.4s)
[14:48:44]     rf[weather_on] fold=4 {'min_samples_leaf': 200, 'max_features': 0.5} inner_LL=0.433233 (21.9s)
[14:49:12]     rf[weather_on] fold=4 {'min_samples_leaf': 200, 'max_features': 0.7} inner_LL=0.432928 (28.7s)
[14:49:53]     rf[weather_on] fold=4 {'min_samples_leaf': 200, 'max_features': 1.0} inner_LL=0.432917 (40.9s)
[14:50:09]     rf[weather_on] fold=4 {'min_samples_leaf': 400, 'max_features': 0.5} inner_LL=0.435233 (15.7s)
[14:50:30]     rf[weather_on] fold=4 {'min_samples_leaf': 400, 'max_features': 0.7} inner_LL=0.435175 (21.4s)
[14:50:58]     rf[weather_on] fold=4 {'min_samples_leaf': 400, 'max_features': 1.0} inner_LL=0.435070 (28.1s)
[14:50:59]   42_weather_on_random_forest_ext fold=4 params={'min_samples_leaf': 25, 'max_features': 0.5} edge={'min_samples_leaf': 'low', 'max_features': 'low'} thr=0.25 (537.1s)
[14:51:26]     rf[weather_on] fold=5 {'min_samples_leaf': 25, 'max_features': 0.5} inner_LL=0.431923 (26.7s)
[14:51:59]     rf[weather_on] fold=5 {'min_samples_leaf': 25, 'max_features': 0.7} inner_LL=0.431853 (33.4s)
[14:52:48]     rf[weather_on] fold=5 {'min_samples_leaf': 25, 'max_features': 1.0} inner_LL=0.431972 (48.6s)
[14:53:10]     rf[weather_on] fold=5 {'min_samples_leaf': 50, 'max_features': 0.5} inner_LL=0.432059 (22.0s)
[14:53:39]     rf[weather_on] fold=5 {'min_samples_leaf': 50, 'max_features': 0.7} inner_LL=0.432023 (29.6s)
[14:54:22]     rf[weather_on] fold=5 {'min_samples_leaf': 50, 'max_features': 1.0} inner_LL=0.432259 (43.1s)
[14:54:41]     rf[weather_on] fold=5 {'min_samples_leaf': 100, 'max_features': 0.5} inner_LL=0.433118 (19.0s)
[14:55:07]     rf[weather_on] fold=5 {'min_samples_leaf': 100, 'max_features': 0.7} inner_LL=0.432934 (26.0s)
[14:55:45]     rf[weather_on] fold=5 {'min_samples_leaf': 100, 'max_features': 1.0} inner_LL=0.432974 (37.2s)
[14:56:01]     rf[weather_on] fold=5 {'min_samples_leaf': 200, 'max_features': 0.5} inner_LL=0.434509 (16.6s)
[14:56:24]     rf[weather_on] fold=5 {'min_samples_leaf': 200, 'max_features': 0.7} inner_LL=0.434360 (22.4s)
[14:56:56]     rf[weather_on] fold=5 {'min_samples_leaf': 200, 'max_features': 1.0} inner_LL=0.434454 (32.1s)
[14:57:10]     rf[weather_on] fold=5 {'min_samples_leaf': 400, 'max_features': 0.5} inner_LL=0.436410 (14.2s)
[14:57:29]     rf[weather_on] fold=5 {'min_samples_leaf': 400, 'max_features': 0.7} inner_LL=0.436332 (19.1s)
[14:57:56]     rf[weather_on] fold=5 {'min_samples_leaf': 400, 'max_features': 1.0} inner_LL=0.436399 (27.4s)
[14:57:57]   42_weather_on_random_forest_ext fold=5 params={'min_samples_leaf': 25, 'max_features': 0.7} edge={'min_samples_leaf': 'low', 'max_features': None} thr=0.25 (418.1s)
[14:58:00] DONE seed=42 weather_on/random_forest_ext MacroF1=0.609882 LL=0.431571 AUC=0.687429 P1=0.3470 R1=0.3847 (2837s)
[14:58:00] START seed=1 weather_off/random_forest_ext
[14:58:16]     rf[weather_off] fold=1 {'min_samples_leaf': 25, 'max_features': 0.5} inner_LL=0.444918 (15.6s)
[14:58:38]     rf[weather_off] fold=1 {'min_samples_leaf': 25, 'max_features': 0.7} inner_LL=0.445106 (21.9s)
[14:59:08]     rf[weather_off] fold=1 {'min_samples_leaf': 25, 'max_features': 1.0} inner_LL=0.445623 (30.3s)
[14:59:22]     rf[weather_off] fold=1 {'min_samples_leaf': 50, 'max_features': 0.5} inner_LL=0.444240 (13.9s)
[14:59:41]     rf[weather_off] fold=1 {'min_samples_leaf': 50, 'max_features': 0.7} inner_LL=0.444432 (19.0s)
[15:00:08]     rf[weather_off] fold=1 {'min_samples_leaf': 50, 'max_features': 1.0} inner_LL=0.444547 (26.9s)
[15:00:20]     rf[weather_off] fold=1 {'min_samples_leaf': 100, 'max_features': 0.5} inner_LL=0.444030 (12.2s)
[15:00:37]     rf[weather_off] fold=1 {'min_samples_leaf': 100, 'max_features': 0.7} inner_LL=0.444139 (16.9s)
[15:01:01]     rf[weather_off] fold=1 {'min_samples_leaf': 100, 'max_features': 1.0} inner_LL=0.444175 (23.5s)
[15:01:11]     rf[weather_off] fold=1 {'min_samples_leaf': 200, 'max_features': 0.5} inner_LL=0.444332 (10.6s)
[15:01:26]     rf[weather_off] fold=1 {'min_samples_leaf': 200, 'max_features': 0.7} inner_LL=0.444291 (14.5s)
[15:01:46]     rf[weather_off] fold=1 {'min_samples_leaf': 200, 'max_features': 1.0} inner_LL=0.444340 (20.4s)
[15:01:56]     rf[weather_off] fold=1 {'min_samples_leaf': 400, 'max_features': 0.5} inner_LL=0.444854 (10.1s)
[15:02:11]     rf[weather_off] fold=1 {'min_samples_leaf': 400, 'max_features': 0.7} inner_LL=0.444892 (14.6s)
[15:02:30]     rf[weather_off] fold=1 {'min_samples_leaf': 400, 'max_features': 1.0} inner_LL=0.444888 (19.5s)
[15:02:31]   1_weather_off_random_forest_ext fold=1 params={'min_samples_leaf': 100, 'max_features': 0.5} edge={'min_samples_leaf': None, 'max_features': 'low'} thr=0.23 (270.4s)
[15:02:49]     rf[weather_off] fold=2 {'min_samples_leaf': 25, 'max_features': 0.5} inner_LL=0.441864 (18.1s)
[15:03:15]     rf[weather_off] fold=2 {'min_samples_leaf': 25, 'max_features': 0.7} inner_LL=0.442289 (26.2s)
[15:03:53]     rf[weather_off] fold=2 {'min_samples_leaf': 25, 'max_features': 1.0} inner_LL=0.442538 (37.9s)
[15:04:08]     rf[weather_off] fold=2 {'min_samples_leaf': 50, 'max_features': 0.5} inner_LL=0.441169 (15.2s)
[15:04:29]     rf[weather_off] fold=2 {'min_samples_leaf': 50, 'max_features': 0.7} inner_LL=0.441440 (20.6s)
[15:04:59]     rf[weather_off] fold=2 {'min_samples_leaf': 50, 'max_features': 1.0} inner_LL=0.441618 (30.1s)
[15:05:13]     rf[weather_off] fold=2 {'min_samples_leaf': 100, 'max_features': 0.5} inner_LL=0.441091 (13.9s)
[15:05:32]     rf[weather_off] fold=2 {'min_samples_leaf': 100, 'max_features': 0.7} inner_LL=0.441172 (19.2s)
[15:05:57]     rf[weather_off] fold=2 {'min_samples_leaf': 100, 'max_features': 1.0} inner_LL=0.441224 (25.0s)
[15:06:09]     rf[weather_off] fold=2 {'min_samples_leaf': 200, 'max_features': 0.5} inner_LL=0.441649 (11.5s)
[15:06:25]     rf[weather_off] fold=2 {'min_samples_leaf': 200, 'max_features': 0.7} inner_LL=0.441485 (15.9s)
[15:06:49]     rf[weather_off] fold=2 {'min_samples_leaf': 200, 'max_features': 1.0} inner_LL=0.441395 (24.6s)
[15:07:00]     rf[weather_off] fold=2 {'min_samples_leaf': 400, 'max_features': 0.5} inner_LL=0.442195 (11.1s)
[15:07:16]     rf[weather_off] fold=2 {'min_samples_leaf': 400, 'max_features': 0.7} inner_LL=0.442080 (15.3s)
[15:07:37]     rf[weather_off] fold=2 {'min_samples_leaf': 400, 'max_features': 1.0} inner_LL=0.441919 (21.1s)
[15:07:37]   1_weather_off_random_forest_ext fold=2 params={'min_samples_leaf': 100, 'max_features': 0.5} edge={'min_samples_leaf': None, 'max_features': 'low'} thr=0.24 (306.3s)
[15:07:55]     rf[weather_off] fold=3 {'min_samples_leaf': 25, 'max_features': 0.5} inner_LL=0.442362 (18.0s)
[15:08:20]     rf[weather_off] fold=3 {'min_samples_leaf': 25, 'max_features': 0.7} inner_LL=0.442925 (24.9s)
[15:08:53]     rf[weather_off] fold=3 {'min_samples_leaf': 25, 'max_features': 1.0} inner_LL=0.443033 (33.3s)
[15:09:08]     rf[weather_off] fold=3 {'min_samples_leaf': 50, 'max_features': 0.5} inner_LL=0.441968 (15.0s)
[15:09:29]     rf[weather_off] fold=3 {'min_samples_leaf': 50, 'max_features': 0.7} inner_LL=0.442224 (20.5s)
[15:09:58]     rf[weather_off] fold=3 {'min_samples_leaf': 50, 'max_features': 1.0} inner_LL=0.442294 (29.0s)
[15:10:11]     rf[weather_off] fold=3 {'min_samples_leaf': 100, 'max_features': 0.5} inner_LL=0.441829 (13.4s)
[15:10:30]     rf[weather_off] fold=3 {'min_samples_leaf': 100, 'max_features': 0.7} inner_LL=0.442059 (18.5s)
[15:10:55]     rf[weather_off] fold=3 {'min_samples_leaf': 100, 'max_features': 1.0} inner_LL=0.442049 (25.6s)
[15:11:07]     rf[weather_off] fold=3 {'min_samples_leaf': 200, 'max_features': 0.5} inner_LL=0.442337 (11.6s)
[15:11:24]     rf[weather_off] fold=3 {'min_samples_leaf': 200, 'max_features': 0.7} inner_LL=0.442167 (17.4s)
[15:11:48]     rf[weather_off] fold=3 {'min_samples_leaf': 200, 'max_features': 1.0} inner_LL=0.442160 (23.2s)
[15:11:58]     rf[weather_off] fold=3 {'min_samples_leaf': 400, 'max_features': 0.5} inner_LL=0.442976 (10.5s)
[15:12:12]     rf[weather_off] fold=3 {'min_samples_leaf': 400, 'max_features': 0.7} inner_LL=0.442909 (14.0s)
[15:12:32]     rf[weather_off] fold=3 {'min_samples_leaf': 400, 'max_features': 1.0} inner_LL=0.442830 (19.9s)
[15:12:32]   1_weather_off_random_forest_ext fold=3 params={'min_samples_leaf': 100, 'max_features': 0.5} edge={'min_samples_leaf': None, 'max_features': 'low'} thr=0.24 (295.4s)
[15:12:50]     rf[weather_off] fold=4 {'min_samples_leaf': 25, 'max_features': 0.5} inner_LL=0.443111 (17.7s)
[15:13:15]     rf[weather_off] fold=4 {'min_samples_leaf': 25, 'max_features': 0.7} inner_LL=0.443219 (24.4s)
[15:13:50]     rf[weather_off] fold=4 {'min_samples_leaf': 25, 'max_features': 1.0} inner_LL=0.443375 (35.1s)
[15:14:06]     rf[weather_off] fold=4 {'min_samples_leaf': 50, 'max_features': 0.5} inner_LL=0.442395 (16.0s)
[15:14:28]     rf[weather_off] fold=4 {'min_samples_leaf': 50, 'max_features': 0.7} inner_LL=0.442570 (22.0s)
[15:14:59]     rf[weather_off] fold=4 {'min_samples_leaf': 50, 'max_features': 1.0} inner_LL=0.442550 (30.9s)
[15:15:13]     rf[weather_off] fold=4 {'min_samples_leaf': 100, 'max_features': 0.5} inner_LL=0.442361 (14.2s)
[15:15:33]     rf[weather_off] fold=4 {'min_samples_leaf': 100, 'max_features': 0.7} inner_LL=0.442457 (19.8s)
[15:16:00]     rf[weather_off] fold=4 {'min_samples_leaf': 100, 'max_features': 1.0} inner_LL=0.442531 (27.8s)
[15:16:13]     rf[weather_off] fold=4 {'min_samples_leaf': 200, 'max_features': 0.5} inner_LL=0.442892 (12.2s)
[15:16:30]     rf[weather_off] fold=4 {'min_samples_leaf': 200, 'max_features': 0.7} inner_LL=0.442755 (17.3s)
[15:16:54]     rf[weather_off] fold=4 {'min_samples_leaf': 200, 'max_features': 1.0} inner_LL=0.442819 (24.2s)
[15:17:05]     rf[weather_off] fold=4 {'min_samples_leaf': 400, 'max_features': 0.5} inner_LL=0.443672 (10.6s)
[15:17:19]     rf[weather_off] fold=4 {'min_samples_leaf': 400, 'max_features': 0.7} inner_LL=0.443548 (14.7s)
[15:17:39]     rf[weather_off] fold=4 {'min_samples_leaf': 400, 'max_features': 1.0} inner_LL=0.443474 (20.1s)
[15:17:40]   1_weather_off_random_forest_ext fold=4 params={'min_samples_leaf': 100, 'max_features': 0.5} edge={'min_samples_leaf': None, 'max_features': 'low'} thr=0.24 (307.4s)
[15:17:57]     rf[weather_off] fold=5 {'min_samples_leaf': 25, 'max_features': 0.5} inner_LL=0.444867 (17.4s)
[15:18:22]     rf[weather_off] fold=5 {'min_samples_leaf': 25, 'max_features': 0.7} inner_LL=0.445437 (24.2s)
[15:18:57]     rf[weather_off] fold=5 {'min_samples_leaf': 25, 'max_features': 1.0} inner_LL=0.445549 (35.2s)
[15:19:13]     rf[weather_off] fold=5 {'min_samples_leaf': 50, 'max_features': 0.5} inner_LL=0.444061 (16.2s)
[15:19:36]     rf[weather_off] fold=5 {'min_samples_leaf': 50, 'max_features': 0.7} inner_LL=0.444357 (22.5s)
[15:20:07]     rf[weather_off] fold=5 {'min_samples_leaf': 50, 'max_features': 1.0} inner_LL=0.444519 (32.0s)
[15:20:22]     rf[weather_off] fold=5 {'min_samples_leaf': 100, 'max_features': 0.5} inner_LL=0.443791 (14.3s)
[15:20:42]     rf[weather_off] fold=5 {'min_samples_leaf': 100, 'max_features': 0.7} inner_LL=0.443844 (19.9s)
[15:21:09]     rf[weather_off] fold=5 {'min_samples_leaf': 100, 'max_features': 1.0} inner_LL=0.443992 (27.2s)
[15:21:21]     rf[weather_off] fold=5 {'min_samples_leaf': 200, 'max_features': 0.5} inner_LL=0.444091 (12.5s)
[15:21:38]     rf[weather_off] fold=5 {'min_samples_leaf': 200, 'max_features': 0.7} inner_LL=0.443959 (16.7s)
[15:22:01]     rf[weather_off] fold=5 {'min_samples_leaf': 200, 'max_features': 1.0} inner_LL=0.443989 (23.2s)
[15:22:12]     rf[weather_off] fold=5 {'min_samples_leaf': 400, 'max_features': 0.5} inner_LL=0.444797 (10.6s)
[15:22:27]     rf[weather_off] fold=5 {'min_samples_leaf': 400, 'max_features': 0.7} inner_LL=0.444855 (14.9s)
[15:22:47]     rf[weather_off] fold=5 {'min_samples_leaf': 400, 'max_features': 1.0} inner_LL=0.444701 (20.4s)
[15:22:47]   1_weather_off_random_forest_ext fold=5 params={'min_samples_leaf': 100, 'max_features': 0.5} edge={'min_samples_leaf': None, 'max_features': 'low'} thr=0.23 (307.8s)
[15:22:51] DONE seed=1 weather_off/random_forest_ext MacroF1=0.583036 LL=0.443253 AUC=0.655448 P1=0.3013 R1=0.3567 (1487s)
[15:22:51] START seed=1 weather_on/random_forest_ext
[15:23:20]     rf[weather_on] fold=1 {'min_samples_leaf': 25, 'max_features': 0.5} inner_LL=0.431492 (28.2s)
[15:23:58]     rf[weather_on] fold=1 {'min_samples_leaf': 25, 'max_features': 0.7} inner_LL=0.431978 (38.1s)
[15:24:52]     rf[weather_on] fold=1 {'min_samples_leaf': 25, 'max_features': 1.0} inner_LL=0.432269 (54.7s)
[15:25:18]     rf[weather_on] fold=1 {'min_samples_leaf': 50, 'max_features': 0.5} inner_LL=0.432390 (25.2s)
[15:25:53]     rf[weather_on] fold=1 {'min_samples_leaf': 50, 'max_features': 0.7} inner_LL=0.432476 (35.0s)
[15:26:45]     rf[weather_on] fold=1 {'min_samples_leaf': 50, 'max_features': 1.0} inner_LL=0.432441 (52.5s)
[15:27:11]     rf[weather_on] fold=1 {'min_samples_leaf': 100, 'max_features': 0.5} inner_LL=0.433590 (25.5s)
[15:27:44]     rf[weather_on] fold=1 {'min_samples_leaf': 100, 'max_features': 0.7} inner_LL=0.433544 (33.1s)
[15:28:33]     rf[weather_on] fold=1 {'min_samples_leaf': 100, 'max_features': 1.0} inner_LL=0.433589 (49.1s)
[15:28:55]     rf[weather_on] fold=1 {'min_samples_leaf': 200, 'max_features': 0.5} inner_LL=0.435170 (22.3s)
[15:29:24]     rf[weather_on] fold=1 {'min_samples_leaf': 200, 'max_features': 0.7} inner_LL=0.435207 (28.8s)
[15:30:04]     rf[weather_on] fold=1 {'min_samples_leaf': 200, 'max_features': 1.0} inner_LL=0.435151 (39.9s)
[15:30:20]     rf[weather_on] fold=1 {'min_samples_leaf': 400, 'max_features': 0.5} inner_LL=0.436941 (16.6s)
[15:30:42]     rf[weather_on] fold=1 {'min_samples_leaf': 400, 'max_features': 0.7} inner_LL=0.436962 (21.8s)
[15:31:14]     rf[weather_on] fold=1 {'min_samples_leaf': 400, 'max_features': 1.0} inner_LL=0.436943 (31.6s)
[15:31:14]   1_weather_on_random_forest_ext fold=1 params={'min_samples_leaf': 25, 'max_features': 0.5} edge={'min_samples_leaf': 'low', 'max_features': 'low'} thr=0.25 (503.1s)
[15:31:42]     rf[weather_on] fold=2 {'min_samples_leaf': 25, 'max_features': 0.5} inner_LL=0.429560 (27.7s)
[15:32:21]     rf[weather_on] fold=2 {'min_samples_leaf': 25, 'max_features': 0.7} inner_LL=0.429355 (38.7s)
[15:33:18]     rf[weather_on] fold=2 {'min_samples_leaf': 25, 'max_features': 1.0} inner_LL=0.430137 (56.6s)
[15:33:44]     rf[weather_on] fold=2 {'min_samples_leaf': 50, 'max_features': 0.5} inner_LL=0.429470 (26.4s)
[15:34:21]     rf[weather_on] fold=2 {'min_samples_leaf': 50, 'max_features': 0.7} inner_LL=0.429454 (36.6s)
[15:35:13]     rf[weather_on] fold=2 {'min_samples_leaf': 50, 'max_features': 1.0} inner_LL=0.429887 (52.4s)
[15:35:36]     rf[weather_on] fold=2 {'min_samples_leaf': 100, 'max_features': 0.5} inner_LL=0.430389 (23.0s)
[15:36:07]     rf[weather_on] fold=2 {'min_samples_leaf': 100, 'max_features': 0.7} inner_LL=0.430339 (31.0s)
[15:36:50]     rf[weather_on] fold=2 {'min_samples_leaf': 100, 'max_features': 1.0} inner_LL=0.430693 (43.0s)
[15:37:09]     rf[weather_on] fold=2 {'min_samples_leaf': 200, 'max_features': 0.5} inner_LL=0.432133 (18.7s)
[15:37:34]     rf[weather_on] fold=2 {'min_samples_leaf': 200, 'max_features': 0.7} inner_LL=0.431905 (25.0s)
[15:38:09]     rf[weather_on] fold=2 {'min_samples_leaf': 200, 'max_features': 1.0} inner_LL=0.432183 (35.3s)
[15:38:24]     rf[weather_on] fold=2 {'min_samples_leaf': 400, 'max_features': 0.5} inner_LL=0.434152 (15.1s)
[15:38:46]     rf[weather_on] fold=2 {'min_samples_leaf': 400, 'max_features': 0.7} inner_LL=0.434127 (21.7s)
[15:39:19]     rf[weather_on] fold=2 {'min_samples_leaf': 400, 'max_features': 1.0} inner_LL=0.434244 (33.4s)
[15:39:20]   1_weather_on_random_forest_ext fold=2 params={'min_samples_leaf': 25, 'max_features': 0.7} edge={'min_samples_leaf': 'low', 'max_features': None} thr=0.25 (485.4s)
[15:39:50]     rf[weather_on] fold=3 {'min_samples_leaf': 25, 'max_features': 0.5} inner_LL=0.429008 (30.5s)
[15:40:32]     rf[weather_on] fold=3 {'min_samples_leaf': 25, 'max_features': 0.7} inner_LL=0.428789 (41.3s)
[15:41:30]     rf[weather_on] fold=3 {'min_samples_leaf': 25, 'max_features': 1.0} inner_LL=0.428878 (58.8s)
[15:41:57]     rf[weather_on] fold=3 {'min_samples_leaf': 50, 'max_features': 0.5} inner_LL=0.429551 (26.3s)
[15:42:34]     rf[weather_on] fold=3 {'min_samples_leaf': 50, 'max_features': 0.7} inner_LL=0.429307 (37.5s)
[15:43:28]     rf[weather_on] fold=3 {'min_samples_leaf': 50, 'max_features': 1.0} inner_LL=0.429254 (53.4s)
[15:43:53]     rf[weather_on] fold=3 {'min_samples_leaf': 100, 'max_features': 0.5} inner_LL=0.430594 (24.9s)
[15:44:26]     rf[weather_on] fold=3 {'min_samples_leaf': 100, 'max_features': 0.7} inner_LL=0.430389 (33.5s)
[15:45:16]     rf[weather_on] fold=3 {'min_samples_leaf': 100, 'max_features': 1.0} inner_LL=0.430489 (50.1s)
[15:45:37]     rf[weather_on] fold=3 {'min_samples_leaf': 200, 'max_features': 0.5} inner_LL=0.432284 (21.0s)
[15:46:05]     rf[weather_on] fold=3 {'min_samples_leaf': 200, 'max_features': 0.7} inner_LL=0.432135 (27.9s)
[15:46:44]     rf[weather_on] fold=3 {'min_samples_leaf': 200, 'max_features': 1.0} inner_LL=0.432118 (38.7s)
[15:47:01]     rf[weather_on] fold=3 {'min_samples_leaf': 400, 'max_features': 0.5} inner_LL=0.434518 (17.2s)
[15:47:24]     rf[weather_on] fold=3 {'min_samples_leaf': 400, 'max_features': 0.7} inner_LL=0.434337 (23.2s)
[15:47:58]     rf[weather_on] fold=3 {'min_samples_leaf': 400, 'max_features': 1.0} inner_LL=0.434409 (33.7s)
[15:47:58]   1_weather_on_random_forest_ext fold=3 params={'min_samples_leaf': 25, 'max_features': 0.7} edge={'min_samples_leaf': 'low', 'max_features': None} thr=0.25 (518.6s)
[15:48:27]     rf[weather_on] fold=4 {'min_samples_leaf': 25, 'max_features': 0.5} inner_LL=0.431133 (28.7s)
[15:49:07]     rf[weather_on] fold=4 {'min_samples_leaf': 25, 'max_features': 0.7} inner_LL=0.431654 (39.4s)
[15:50:07]     rf[weather_on] fold=4 {'min_samples_leaf': 25, 'max_features': 1.0} inner_LL=0.431811 (59.9s)
[15:50:31]     rf[weather_on] fold=4 {'min_samples_leaf': 50, 'max_features': 0.5} inner_LL=0.431298 (24.7s)
[15:51:04]     rf[weather_on] fold=4 {'min_samples_leaf': 50, 'max_features': 0.7} inner_LL=0.431660 (33.1s)
[15:51:51]     rf[weather_on] fold=4 {'min_samples_leaf': 50, 'max_features': 1.0} inner_LL=0.431753 (46.5s)
[15:52:12]     rf[weather_on] fold=4 {'min_samples_leaf': 100, 'max_features': 0.5} inner_LL=0.432380 (20.7s)
[15:52:41]     rf[weather_on] fold=4 {'min_samples_leaf': 100, 'max_features': 0.7} inner_LL=0.432527 (28.9s)
[15:53:23]     rf[weather_on] fold=4 {'min_samples_leaf': 100, 'max_features': 1.0} inner_LL=0.432577 (42.1s)
[15:53:43]     rf[weather_on] fold=4 {'min_samples_leaf': 200, 'max_features': 0.5} inner_LL=0.433760 (20.2s)
[15:54:10]     rf[weather_on] fold=4 {'min_samples_leaf': 200, 'max_features': 0.7} inner_LL=0.433797 (27.1s)
[15:54:50]     rf[weather_on] fold=4 {'min_samples_leaf': 200, 'max_features': 1.0} inner_LL=0.434036 (39.6s)
[15:55:07]     rf[weather_on] fold=4 {'min_samples_leaf': 400, 'max_features': 0.5} inner_LL=0.435984 (17.0s)
[15:55:29]     rf[weather_on] fold=4 {'min_samples_leaf': 400, 'max_features': 0.7} inner_LL=0.435844 (22.9s)
[15:56:04]     rf[weather_on] fold=4 {'min_samples_leaf': 400, 'max_features': 1.0} inner_LL=0.435940 (34.4s)
[15:56:04]   1_weather_on_random_forest_ext fold=4 params={'min_samples_leaf': 25, 'max_features': 0.5} edge={'min_samples_leaf': 'low', 'max_features': 'low'} thr=0.28 (485.9s)
[15:56:34]     rf[weather_on] fold=5 {'min_samples_leaf': 25, 'max_features': 0.5} inner_LL=0.432467 (29.1s)
[15:57:13]     rf[weather_on] fold=5 {'min_samples_leaf': 25, 'max_features': 0.7} inner_LL=0.432781 (39.0s)
[15:58:09]     rf[weather_on] fold=5 {'min_samples_leaf': 25, 'max_features': 1.0} inner_LL=0.433239 (56.2s)
[15:58:35]     rf[weather_on] fold=5 {'min_samples_leaf': 50, 'max_features': 0.5} inner_LL=0.432739 (25.9s)
[15:59:09]     rf[weather_on] fold=5 {'min_samples_leaf': 50, 'max_features': 0.7} inner_LL=0.432672 (34.1s)
[15:59:58]     rf[weather_on] fold=5 {'min_samples_leaf': 50, 'max_features': 1.0} inner_LL=0.432963 (49.6s)
[16:00:21]     rf[weather_on] fold=5 {'min_samples_leaf': 100, 'max_features': 0.5} inner_LL=0.433432 (22.3s)
[16:00:51]     rf[weather_on] fold=5 {'min_samples_leaf': 100, 'max_features': 0.7} inner_LL=0.433525 (30.4s)
[16:01:35]     rf[weather_on] fold=5 {'min_samples_leaf': 100, 'max_features': 1.0} inner_LL=0.433662 (44.4s)
[16:01:56]     rf[weather_on] fold=5 {'min_samples_leaf': 200, 'max_features': 0.5} inner_LL=0.435028 (20.2s)
[16:02:24]     rf[weather_on] fold=5 {'min_samples_leaf': 200, 'max_features': 0.7} inner_LL=0.434779 (27.9s)
[16:03:04]     rf[weather_on] fold=5 {'min_samples_leaf': 200, 'max_features': 1.0} inner_LL=0.435053 (40.3s)
[16:03:21]     rf[weather_on] fold=5 {'min_samples_leaf': 400, 'max_features': 0.5} inner_LL=0.436867 (17.2s)
[16:03:45]     rf[weather_on] fold=5 {'min_samples_leaf': 400, 'max_features': 0.7} inner_LL=0.436988 (23.9s)
[16:04:19]     rf[weather_on] fold=5 {'min_samples_leaf': 400, 'max_features': 1.0} inner_LL=0.436969 (34.2s)
[16:04:20]   1_weather_on_random_forest_ext fold=5 params={'min_samples_leaf': 25, 'max_features': 0.5} edge={'min_samples_leaf': 'low', 'max_features': 'low'} thr=0.25 (495.3s)
[16:04:23] DONE seed=1 weather_on/random_forest_ext MacroF1=0.607277 LL=0.432011 AUC=0.686721 P1=0.3468 R1=0.3689 (2488s)
[16:04:23] START seed=7 weather_off/random_forest_ext
[16:04:42]     rf[weather_off] fold=1 {'min_samples_leaf': 25, 'max_features': 0.5} inner_LL=0.443473 (18.8s)
[16:05:09]     rf[weather_off] fold=1 {'min_samples_leaf': 25, 'max_features': 0.7} inner_LL=0.443543 (26.4s)
[16:05:45]     rf[weather_off] fold=1 {'min_samples_leaf': 25, 'max_features': 1.0} inner_LL=0.443978 (36.8s)
[16:06:06]     rf[weather_off] fold=1 {'min_samples_leaf': 50, 'max_features': 0.5} inner_LL=0.443179 (20.9s)
[16:06:30]     rf[weather_off] fold=1 {'min_samples_leaf': 50, 'max_features': 0.7} inner_LL=0.443221 (24.0s)
[16:07:03]     rf[weather_off] fold=1 {'min_samples_leaf': 50, 'max_features': 1.0} inner_LL=0.443337 (32.9s)
[16:07:19]     rf[weather_off] fold=1 {'min_samples_leaf': 100, 'max_features': 0.5} inner_LL=0.443209 (16.1s)
[16:07:42]     rf[weather_off] fold=1 {'min_samples_leaf': 100, 'max_features': 0.7} inner_LL=0.443135 (23.0s)
[16:08:14]     rf[weather_off] fold=1 {'min_samples_leaf': 100, 'max_features': 1.0} inner_LL=0.443246 (31.1s)
[16:08:28]     rf[weather_off] fold=1 {'min_samples_leaf': 200, 'max_features': 0.5} inner_LL=0.443659 (14.3s)
[16:08:47]     rf[weather_off] fold=1 {'min_samples_leaf': 200, 'max_features': 0.7} inner_LL=0.443590 (19.5s)
[16:09:14]     rf[weather_off] fold=1 {'min_samples_leaf': 200, 'max_features': 1.0} inner_LL=0.443583 (27.0s)
[16:09:27]     rf[weather_off] fold=1 {'min_samples_leaf': 400, 'max_features': 0.5} inner_LL=0.444514 (12.5s)
[16:09:43]     rf[weather_off] fold=1 {'min_samples_leaf': 400, 'max_features': 0.7} inner_LL=0.444350 (16.4s)
[16:10:07]     rf[weather_off] fold=1 {'min_samples_leaf': 400, 'max_features': 1.0} inner_LL=0.444320 (23.4s)
[16:10:07]   7_weather_off_random_forest_ext fold=1 params={'min_samples_leaf': 100, 'max_features': 0.7} edge={'min_samples_leaf': None, 'max_features': None} thr=0.24 (343.7s)
[16:10:27]     rf[weather_off] fold=2 {'min_samples_leaf': 25, 'max_features': 0.5} inner_LL=0.443804 (20.2s)
[16:10:56]     rf[weather_off] fold=2 {'min_samples_leaf': 25, 'max_features': 0.7} inner_LL=0.443724 (28.6s)
[16:11:35]     rf[weather_off] fold=2 {'min_samples_leaf': 25, 'max_features': 1.0} inner_LL=0.443995 (38.5s)
[16:11:52]     rf[weather_off] fold=2 {'min_samples_leaf': 50, 'max_features': 0.5} inner_LL=0.443156 (17.8s)
[16:12:17]     rf[weather_off] fold=2 {'min_samples_leaf': 50, 'max_features': 0.7} inner_LL=0.443071 (24.3s)
[16:12:51]     rf[weather_off] fold=2 {'min_samples_leaf': 50, 'max_features': 1.0} inner_LL=0.443050 (34.1s)
[16:13:06]     rf[weather_off] fold=2 {'min_samples_leaf': 100, 'max_features': 0.5} inner_LL=0.442951 (15.6s)
[16:13:28]     rf[weather_off] fold=2 {'min_samples_leaf': 100, 'max_features': 0.7} inner_LL=0.442774 (21.3s)
[16:13:58]     rf[weather_off] fold=2 {'min_samples_leaf': 100, 'max_features': 1.0} inner_LL=0.442884 (29.8s)
[16:14:12]     rf[weather_off] fold=2 {'min_samples_leaf': 200, 'max_features': 0.5} inner_LL=0.443301 (14.0s)
[16:14:30]     rf[weather_off] fold=2 {'min_samples_leaf': 200, 'max_features': 0.7} inner_LL=0.443179 (18.8s)
[16:14:56]     rf[weather_off] fold=2 {'min_samples_leaf': 200, 'max_features': 1.0} inner_LL=0.443178 (25.7s)
[16:15:08]     rf[weather_off] fold=2 {'min_samples_leaf': 400, 'max_features': 0.5} inner_LL=0.444101 (11.9s)
[16:15:24]     rf[weather_off] fold=2 {'min_samples_leaf': 400, 'max_features': 0.7} inner_LL=0.444028 (15.6s)
[16:15:46]     rf[weather_off] fold=2 {'min_samples_leaf': 400, 'max_features': 1.0} inner_LL=0.443839 (22.7s)
[16:15:46]   7_weather_off_random_forest_ext fold=2 params={'min_samples_leaf': 100, 'max_features': 0.7} edge={'min_samples_leaf': None, 'max_features': None} thr=0.24 (339.5s)
[16:16:05]     rf[weather_off] fold=3 {'min_samples_leaf': 25, 'max_features': 0.5} inner_LL=0.444707 (18.6s)
[16:16:32]     rf[weather_off] fold=3 {'min_samples_leaf': 25, 'max_features': 0.7} inner_LL=0.444651 (26.7s)
[16:17:08]     rf[weather_off] fold=3 {'min_samples_leaf': 25, 'max_features': 1.0} inner_LL=0.444653 (36.4s)
[16:17:26]     rf[weather_off] fold=3 {'min_samples_leaf': 50, 'max_features': 0.5} inner_LL=0.444217 (17.1s)
[16:17:49]     rf[weather_off] fold=3 {'min_samples_leaf': 50, 'max_features': 0.7} inner_LL=0.444251 (23.6s)
[16:18:22]     rf[weather_off] fold=3 {'min_samples_leaf': 50, 'max_features': 1.0} inner_LL=0.444206 (32.9s)
[16:18:38]     rf[weather_off] fold=3 {'min_samples_leaf': 100, 'max_features': 0.5} inner_LL=0.444122 (15.4s)
[16:18:58]     rf[weather_off] fold=3 {'min_samples_leaf': 100, 'max_features': 0.7} inner_LL=0.444292 (20.8s)
[16:19:28]     rf[weather_off] fold=3 {'min_samples_leaf': 100, 'max_features': 1.0} inner_LL=0.444173 (29.8s)
[16:19:42]     rf[weather_off] fold=3 {'min_samples_leaf': 200, 'max_features': 0.5} inner_LL=0.444812 (13.4s)
[16:20:00]     rf[weather_off] fold=3 {'min_samples_leaf': 200, 'max_features': 0.7} inner_LL=0.444692 (18.2s)
[16:20:25]     rf[weather_off] fold=3 {'min_samples_leaf': 200, 'max_features': 1.0} inner_LL=0.444576 (25.2s)
[16:20:36]     rf[weather_off] fold=3 {'min_samples_leaf': 400, 'max_features': 0.5} inner_LL=0.445521 (11.1s)
[16:20:51]     rf[weather_off] fold=3 {'min_samples_leaf': 400, 'max_features': 0.7} inner_LL=0.445432 (14.5s)
[16:21:12]     rf[weather_off] fold=3 {'min_samples_leaf': 400, 'max_features': 1.0} inner_LL=0.445382 (21.9s)
[16:21:13]   7_weather_off_random_forest_ext fold=3 params={'min_samples_leaf': 100, 'max_features': 0.5} edge={'min_samples_leaf': None, 'max_features': 'low'} thr=0.23 (326.3s)
[16:21:32]     rf[weather_off] fold=4 {'min_samples_leaf': 25, 'max_features': 0.5} inner_LL=0.444228 (19.0s)
[16:21:58]     rf[weather_off] fold=4 {'min_samples_leaf': 25, 'max_features': 0.7} inner_LL=0.444509 (26.0s)
[16:22:34]     rf[weather_off] fold=4 {'min_samples_leaf': 25, 'max_features': 1.0} inner_LL=0.444732 (36.3s)
[16:22:51]     rf[weather_off] fold=4 {'min_samples_leaf': 50, 'max_features': 0.5} inner_LL=0.443527 (16.7s)
[16:23:15]     rf[weather_off] fold=4 {'min_samples_leaf': 50, 'max_features': 0.7} inner_LL=0.443859 (23.4s)
[16:23:47]     rf[weather_off] fold=4 {'min_samples_leaf': 50, 'max_features': 1.0} inner_LL=0.444150 (32.9s)
[16:24:02]     rf[weather_off] fold=4 {'min_samples_leaf': 100, 'max_features': 0.5} inner_LL=0.443699 (14.9s)
[16:24:22]     rf[weather_off] fold=4 {'min_samples_leaf': 100, 'max_features': 0.7} inner_LL=0.443688 (19.8s)
[16:24:50]     rf[weather_off] fold=4 {'min_samples_leaf': 100, 'max_features': 1.0} inner_LL=0.443909 (28.3s)
[16:25:03]     rf[weather_off] fold=4 {'min_samples_leaf': 200, 'max_features': 0.5} inner_LL=0.444115 (12.5s)
[16:25:20]     rf[weather_off] fold=4 {'min_samples_leaf': 200, 'max_features': 0.7} inner_LL=0.444234 (16.9s)
[16:25:44]     rf[weather_off] fold=4 {'min_samples_leaf': 200, 'max_features': 1.0} inner_LL=0.444253 (23.8s)
[16:25:54]     rf[weather_off] fold=4 {'min_samples_leaf': 400, 'max_features': 0.5} inner_LL=0.444795 (10.6s)
[16:26:09]     rf[weather_off] fold=4 {'min_samples_leaf': 400, 'max_features': 0.7} inner_LL=0.444768 (14.4s)
[16:26:29]     rf[weather_off] fold=4 {'min_samples_leaf': 400, 'max_features': 1.0} inner_LL=0.444884 (20.7s)
[16:26:30]   7_weather_off_random_forest_ext fold=4 params={'min_samples_leaf': 50, 'max_features': 0.5} edge={'min_samples_leaf': None, 'max_features': 'low'} thr=0.25 (316.8s)
[16:26:49]     rf[weather_off] fold=5 {'min_samples_leaf': 25, 'max_features': 0.5} inner_LL=0.443403 (18.7s)
[16:27:15]     rf[weather_off] fold=5 {'min_samples_leaf': 25, 'max_features': 0.7} inner_LL=0.443687 (26.3s)
[16:27:51]     rf[weather_off] fold=5 {'min_samples_leaf': 25, 'max_features': 1.0} inner_LL=0.443608 (36.1s)
[16:28:07]     rf[weather_off] fold=5 {'min_samples_leaf': 50, 'max_features': 0.5} inner_LL=0.442503 (16.3s)
[16:28:30]     rf[weather_off] fold=5 {'min_samples_leaf': 50, 'max_features': 0.7} inner_LL=0.442715 (22.7s)
[16:29:02]     rf[weather_off] fold=5 {'min_samples_leaf': 50, 'max_features': 1.0} inner_LL=0.442857 (31.7s)
[16:29:16]     rf[weather_off] fold=5 {'min_samples_leaf': 100, 'max_features': 0.5} inner_LL=0.442304 (14.5s)
[16:29:37]     rf[weather_off] fold=5 {'min_samples_leaf': 100, 'max_features': 0.7} inner_LL=0.442367 (20.3s)
[16:30:04]     rf[weather_off] fold=5 {'min_samples_leaf': 100, 'max_features': 1.0} inner_LL=0.442435 (27.6s)
[16:30:17]     rf[weather_off] fold=5 {'min_samples_leaf': 200, 'max_features': 0.5} inner_LL=0.442461 (12.5s)
[16:30:34]     rf[weather_off] fold=5 {'min_samples_leaf': 200, 'max_features': 0.7} inner_LL=0.442572 (16.8s)
[16:30:58]     rf[weather_off] fold=5 {'min_samples_leaf': 200, 'max_features': 1.0} inner_LL=0.442511 (24.3s)
[16:31:09]     rf[weather_off] fold=5 {'min_samples_leaf': 400, 'max_features': 0.5} inner_LL=0.443237 (10.9s)
[16:31:23]     rf[weather_off] fold=5 {'min_samples_leaf': 400, 'max_features': 0.7} inner_LL=0.443101 (14.6s)
[16:31:44]     rf[weather_off] fold=5 {'min_samples_leaf': 400, 'max_features': 1.0} inner_LL=0.442995 (20.6s)
[16:31:44]   7_weather_off_random_forest_ext fold=5 params={'min_samples_leaf': 100, 'max_features': 0.5} edge={'min_samples_leaf': None, 'max_features': 'low'} thr=0.24 (314.7s)
[16:31:48] DONE seed=7 weather_off/random_forest_ext MacroF1=0.582275 LL=0.443460 AUC=0.654400 P1=0.3034 R1=0.3408 (1641s)
[16:31:48] START seed=7 weather_on/random_forest_ext
[16:32:18]     rf[weather_on] fold=1 {'min_samples_leaf': 25, 'max_features': 0.5} inner_LL=0.428824 (29.3s)
[16:32:57]     rf[weather_on] fold=1 {'min_samples_leaf': 25, 'max_features': 0.7} inner_LL=0.428937 (39.5s)
[16:33:55]     rf[weather_on] fold=1 {'min_samples_leaf': 25, 'max_features': 1.0} inner_LL=0.429030 (58.1s)
[16:34:21]     rf[weather_on] fold=1 {'min_samples_leaf': 50, 'max_features': 0.5} inner_LL=0.429608 (26.2s)
[16:34:57]     rf[weather_on] fold=1 {'min_samples_leaf': 50, 'max_features': 0.7} inner_LL=0.429436 (35.6s)
[16:35:50]     rf[weather_on] fold=1 {'min_samples_leaf': 50, 'max_features': 1.0} inner_LL=0.429282 (52.5s)
[16:36:13]     rf[weather_on] fold=1 {'min_samples_leaf': 100, 'max_features': 0.5} inner_LL=0.430750 (23.4s)
[16:36:44]     rf[weather_on] fold=1 {'min_samples_leaf': 100, 'max_features': 0.7} inner_LL=0.430515 (31.5s)
[16:37:29]     rf[weather_on] fold=1 {'min_samples_leaf': 100, 'max_features': 1.0} inner_LL=0.430404 (45.0s)
[16:37:49]     rf[weather_on] fold=1 {'min_samples_leaf': 200, 'max_features': 0.5} inner_LL=0.432483 (19.9s)
[16:38:16]     rf[weather_on] fold=1 {'min_samples_leaf': 200, 'max_features': 0.7} inner_LL=0.432250 (26.9s)
[16:38:56]     rf[weather_on] fold=1 {'min_samples_leaf': 200, 'max_features': 1.0} inner_LL=0.432338 (40.2s)
[16:39:14]     rf[weather_on] fold=1 {'min_samples_leaf': 400, 'max_features': 0.5} inner_LL=0.434589 (17.5s)
[16:39:38]     rf[weather_on] fold=1 {'min_samples_leaf': 400, 'max_features': 0.7} inner_LL=0.434534 (23.6s)
[16:40:13]     rf[weather_on] fold=1 {'min_samples_leaf': 400, 'max_features': 1.0} inner_LL=0.434491 (35.1s)
[16:40:13]   7_weather_on_random_forest_ext fold=1 params={'min_samples_leaf': 25, 'max_features': 0.5} edge={'min_samples_leaf': 'low', 'max_features': 'low'} thr=0.27 (505.1s)
[16:40:43]     rf[weather_on] fold=2 {'min_samples_leaf': 25, 'max_features': 0.5} inner_LL=0.432455 (29.8s)
[16:41:23]     rf[weather_on] fold=2 {'min_samples_leaf': 25, 'max_features': 0.7} inner_LL=0.432300 (39.7s)
[16:42:21]     rf[weather_on] fold=2 {'min_samples_leaf': 25, 'max_features': 1.0} inner_LL=0.433197 (58.2s)
[16:42:48]     rf[weather_on] fold=2 {'min_samples_leaf': 50, 'max_features': 0.5} inner_LL=0.432628 (26.8s)
[16:43:23]     rf[weather_on] fold=2 {'min_samples_leaf': 50, 'max_features': 0.7} inner_LL=0.432630 (34.8s)
[16:44:14]     rf[weather_on] fold=2 {'min_samples_leaf': 50, 'max_features': 1.0} inner_LL=0.432864 (51.1s)
[16:44:38]     rf[weather_on] fold=2 {'min_samples_leaf': 100, 'max_features': 0.5} inner_LL=0.433529 (23.7s)
[16:45:09]     rf[weather_on] fold=2 {'min_samples_leaf': 100, 'max_features': 0.7} inner_LL=0.433559 (31.3s)
[16:45:54]     rf[weather_on] fold=2 {'min_samples_leaf': 100, 'max_features': 1.0} inner_LL=0.433579 (45.1s)
[16:46:13]     rf[weather_on] fold=2 {'min_samples_leaf': 200, 'max_features': 0.5} inner_LL=0.434912 (19.3s)
[16:46:39]     rf[weather_on] fold=2 {'min_samples_leaf': 200, 'max_features': 0.7} inner_LL=0.435008 (25.8s)
[16:47:17]     rf[weather_on] fold=2 {'min_samples_leaf': 200, 'max_features': 1.0} inner_LL=0.435180 (37.8s)
[16:47:34]     rf[weather_on] fold=2 {'min_samples_leaf': 400, 'max_features': 0.5} inner_LL=0.436943 (17.6s)
[16:47:58]     rf[weather_on] fold=2 {'min_samples_leaf': 400, 'max_features': 0.7} inner_LL=0.436997 (23.4s)
[16:48:32]     rf[weather_on] fold=2 {'min_samples_leaf': 400, 'max_features': 1.0} inner_LL=0.437273 (34.1s)
[16:48:32]   7_weather_on_random_forest_ext fold=2 params={'min_samples_leaf': 25, 'max_features': 0.7} edge={'min_samples_leaf': 'low', 'max_features': None} thr=0.26 (499.2s)
[16:49:01]     rf[weather_on] fold=3 {'min_samples_leaf': 25, 'max_features': 0.5} inner_LL=0.432280 (28.2s)
[16:49:39]     rf[weather_on] fold=3 {'min_samples_leaf': 25, 'max_features': 0.7} inner_LL=0.432704 (37.9s)
[16:50:34]     rf[weather_on] fold=3 {'min_samples_leaf': 25, 'max_features': 1.0} inner_LL=0.432660 (55.1s)
[16:50:59]     rf[weather_on] fold=3 {'min_samples_leaf': 50, 'max_features': 0.5} inner_LL=0.432514 (25.0s)
[16:51:33]     rf[weather_on] fold=3 {'min_samples_leaf': 50, 'max_features': 0.7} inner_LL=0.432716 (33.8s)
[16:52:22]     rf[weather_on] fold=3 {'min_samples_leaf': 50, 'max_features': 1.0} inner_LL=0.432925 (49.3s)
[16:52:44]     rf[weather_on] fold=3 {'min_samples_leaf': 100, 'max_features': 0.5} inner_LL=0.433525 (22.2s)
[16:53:14]     rf[weather_on] fold=3 {'min_samples_leaf': 100, 'max_features': 0.7} inner_LL=0.433737 (29.6s)
[16:53:57]     rf[weather_on] fold=3 {'min_samples_leaf': 100, 'max_features': 1.0} inner_LL=0.433710 (42.9s)
[16:54:15]     rf[weather_on] fold=3 {'min_samples_leaf': 200, 'max_features': 0.5} inner_LL=0.435273 (18.8s)
[16:54:41]     rf[weather_on] fold=3 {'min_samples_leaf': 200, 'max_features': 0.7} inner_LL=0.435094 (25.3s)
[16:55:18]     rf[weather_on] fold=3 {'min_samples_leaf': 200, 'max_features': 1.0} inner_LL=0.435182 (36.8s)
[16:55:34]     rf[weather_on] fold=3 {'min_samples_leaf': 400, 'max_features': 0.5} inner_LL=0.437233 (16.2s)
[16:55:56]     rf[weather_on] fold=3 {'min_samples_leaf': 400, 'max_features': 0.7} inner_LL=0.437104 (21.8s)
[16:56:27]     rf[weather_on] fold=3 {'min_samples_leaf': 400, 'max_features': 1.0} inner_LL=0.437251 (31.4s)
[16:56:27]   7_weather_on_random_forest_ext fold=3 params={'min_samples_leaf': 25, 'max_features': 0.5} edge={'min_samples_leaf': 'low', 'max_features': 'low'} thr=0.25 (475.0s)
[16:56:56]     rf[weather_on] fold=4 {'min_samples_leaf': 25, 'max_features': 0.5} inner_LL=0.430856 (28.2s)
[16:57:35]     rf[weather_on] fold=4 {'min_samples_leaf': 25, 'max_features': 0.7} inner_LL=0.430961 (39.3s)
[16:58:33]     rf[weather_on] fold=4 {'min_samples_leaf': 25, 'max_features': 1.0} inner_LL=0.431284 (57.5s)
[16:58:59]     rf[weather_on] fold=4 {'min_samples_leaf': 50, 'max_features': 0.5} inner_LL=0.431203 (26.3s)
[16:59:34]     rf[weather_on] fold=4 {'min_samples_leaf': 50, 'max_features': 0.7} inner_LL=0.431140 (35.5s)
[17:00:25]     rf[weather_on] fold=4 {'min_samples_leaf': 50, 'max_features': 1.0} inner_LL=0.431115 (50.4s)
[17:00:49]     rf[weather_on] fold=4 {'min_samples_leaf': 100, 'max_features': 0.5} inner_LL=0.432362 (23.7s)
[17:01:20]     rf[weather_on] fold=4 {'min_samples_leaf': 100, 'max_features': 0.7} inner_LL=0.432106 (31.4s)
[17:02:04]     rf[weather_on] fold=4 {'min_samples_leaf': 100, 'max_features': 1.0} inner_LL=0.432031 (44.4s)
[17:02:23]     rf[weather_on] fold=4 {'min_samples_leaf': 200, 'max_features': 0.5} inner_LL=0.434004 (19.0s)
[17:02:49]     rf[weather_on] fold=4 {'min_samples_leaf': 200, 'max_features': 0.7} inner_LL=0.433789 (26.0s)
[17:03:26]     rf[weather_on] fold=4 {'min_samples_leaf': 200, 'max_features': 1.0} inner_LL=0.433591 (36.3s)
[17:03:41]     rf[weather_on] fold=4 {'min_samples_leaf': 400, 'max_features': 0.5} inner_LL=0.436228 (15.5s)
[17:04:02]     rf[weather_on] fold=4 {'min_samples_leaf': 400, 'max_features': 0.7} inner_LL=0.436036 (20.6s)
[17:04:32]     rf[weather_on] fold=4 {'min_samples_leaf': 400, 'max_features': 1.0} inner_LL=0.435979 (29.7s)
[17:04:32]   7_weather_on_random_forest_ext fold=4 params={'min_samples_leaf': 25, 'max_features': 0.5} edge={'min_samples_leaf': 'low', 'max_features': 'low'} thr=0.25 (484.6s)
[17:04:59]     rf[weather_on] fold=5 {'min_samples_leaf': 25, 'max_features': 0.5} inner_LL=0.429534 (26.9s)
[17:05:37]     rf[weather_on] fold=5 {'min_samples_leaf': 25, 'max_features': 0.7} inner_LL=0.429996 (38.2s)
[17:06:30]     rf[weather_on] fold=5 {'min_samples_leaf': 25, 'max_features': 1.0} inner_LL=0.430389 (52.3s)
[17:06:53]     rf[weather_on] fold=5 {'min_samples_leaf': 50, 'max_features': 0.5} inner_LL=0.429923 (23.1s)
[17:07:24]     rf[weather_on] fold=5 {'min_samples_leaf': 50, 'max_features': 0.7} inner_LL=0.430039 (31.5s)
[17:08:11]     rf[weather_on] fold=5 {'min_samples_leaf': 50, 'max_features': 1.0} inner_LL=0.430237 (47.2s)
[17:08:32]     rf[weather_on] fold=5 {'min_samples_leaf': 100, 'max_features': 0.5} inner_LL=0.430779 (20.5s)
[17:08:59]     rf[weather_on] fold=5 {'min_samples_leaf': 100, 'max_features': 0.7} inner_LL=0.431090 (27.4s)
[17:09:42]     rf[weather_on] fold=5 {'min_samples_leaf': 100, 'max_features': 1.0} inner_LL=0.431105 (42.2s)
[17:10:00]     rf[weather_on] fold=5 {'min_samples_leaf': 200, 'max_features': 0.5} inner_LL=0.432516 (18.7s)
[17:10:25]     rf[weather_on] fold=5 {'min_samples_leaf': 200, 'max_features': 0.7} inner_LL=0.432304 (24.5s)
[17:11:02]     rf[weather_on] fold=5 {'min_samples_leaf': 200, 'max_features': 1.0} inner_LL=0.432565 (37.5s)
[17:11:19]     rf[weather_on] fold=5 {'min_samples_leaf': 400, 'max_features': 0.5} inner_LL=0.434445 (16.6s)
[17:11:43]     rf[weather_on] fold=5 {'min_samples_leaf': 400, 'max_features': 0.7} inner_LL=0.434508 (24.0s)
[17:12:16]     rf[weather_on] fold=5 {'min_samples_leaf': 400, 'max_features': 1.0} inner_LL=0.434532 (32.6s)
[17:12:16]   7_weather_on_random_forest_ext fold=5 params={'min_samples_leaf': 25, 'max_features': 0.5} edge={'min_samples_leaf': 'low', 'max_features': 'low'} thr=0.25 (464.1s)
[17:12:20] DONE seed=7 weather_on/random_forest_ext MacroF1=0.608276 LL=0.431576 AUC=0.687695 P1=0.3492 R1=0.3682 (2428s)
[17:12:20] FINISHED {"runs": "baseline_recovery_v2_classifier_grid_ext_20261008_rf_runs.csv", "lightgbm_reproduction_max_abs_diff": 0.0, "rf_reproduction_max_abs_diff": 1.1102230246251565e-16}
