[13:36:36] git HEAD f84c5c3fdf301edbf0f500a0521a0e3379dba579; dirty entries: ['?? notebooks/run_classifier_calibration.py', '?? notebooks/run_classifier_grid_extension.py', '?? output/baseline_recovery_v2_classifier_grid_ext_20261008_lgbm.log', '?? output/baseline_recovery_v2_classifier_grid_ext_20261008_rf.log', '?? src/classifier_calibration.py', '?? src/classifier_grid_extension.py', '?? tests/test_classifier_calibration.py', '?? tests/test_classifier_grid_extension.py']; priority=below_normal
[13:36:47] loaded weather_on (180332, 39), weather_off (180332, 25), positives=31805 in 11.1s
[13:36:47] START seed=42 weather_on/lightgbm_ext
[13:37:06]     lgbm fold=1 lr=0.01 nl=127 mcs=20 k*=600 inner_LL=0.437373 (18.1s)
[13:37:20]     lgbm fold=1 lr=0.01 nl=127 mcs=100 k*=300 inner_LL=0.437578 (14.1s)
[13:37:36]     lgbm fold=1 lr=0.01 nl=255 mcs=20 k*=600 inner_LL=0.437403 (16.6s)
[13:37:52]     lgbm fold=1 lr=0.01 nl=255 mcs=100 k*=600 inner_LL=0.437679 (16.2s)
[13:38:09]     lgbm fold=1 lr=0.01 nl=511 mcs=20 k*=600 inner_LL=0.437403 (16.7s)
[13:38:24]     lgbm fold=1 lr=0.01 nl=511 mcs=100 k*=600 inner_LL=0.437679 (15.1s)
[13:38:34]     lgbm fold=1 lr=0.02 nl=127 mcs=20 k*=150 inner_LL=0.437520 (10.2s)
[13:38:44]     lgbm fold=1 lr=0.02 nl=127 mcs=100 k*=150 inner_LL=0.437774 (9.7s)
[13:38:56]     lgbm fold=1 lr=0.02 nl=255 mcs=20 k*=150 inner_LL=0.437551 (11.7s)
[13:39:06]     lgbm fold=1 lr=0.02 nl=255 mcs=100 k*=150 inner_LL=0.437883 (10.2s)
[13:39:18]     lgbm fold=1 lr=0.02 nl=511 mcs=20 k*=150 inner_LL=0.437551 (11.9s)
[13:39:28]     lgbm fold=1 lr=0.02 nl=511 mcs=100 k*=150 inner_LL=0.437883 (10.4s)
[13:39:35]     lgbm fold=1 lr=0.03 nl=127 mcs=20 k*=150 inner_LL=0.437537 (6.5s)
[13:39:41]     lgbm fold=1 lr=0.03 nl=127 mcs=100 k*=100 inner_LL=0.437901 (6.1s)
[13:39:48]     lgbm fold=1 lr=0.03 nl=255 mcs=20 k*=150 inner_LL=0.437360 (6.7s)
[13:39:54]     lgbm fold=1 lr=0.03 nl=255 mcs=100 k*=150 inner_LL=0.437824 (6.3s)
[13:40:01]     lgbm fold=1 lr=0.03 nl=511 mcs=20 k*=150 inner_LL=0.437360 (6.9s)
[13:40:07]     lgbm fold=1 lr=0.03 nl=511 mcs=100 k*=150 inner_LL=0.437824 (6.4s)
[13:40:08]   42_weather_on_lightgbm_ext fold=1 params={'learning_rate': 0.03, 'num_leaves': 255, 'min_child_samples': 20, 'subsample': 0.8, 'subsample_freq': 0, 'n_estimators': 150} edge={'learning_rate': 'high', 'num_leaves': None, 'min_child_samples': 'low', 'n_estimators': None} thr=0.22 (200.4s)
[13:40:26]     lgbm fold=2 lr=0.01 nl=127 mcs=20 k*=600 inner_LL=0.437284 (17.6s)
[13:40:43]     lgbm fold=2 lr=0.01 nl=127 mcs=100 k*=600 inner_LL=0.437482 (17.1s)
[13:41:02]     lgbm fold=2 lr=0.01 nl=255 mcs=20 k*=600 inner_LL=0.437413 (19.4s)
[13:41:21]     lgbm fold=2 lr=0.01 nl=255 mcs=100 k*=600 inner_LL=0.437579 (18.7s)
[13:41:38]     lgbm fold=2 lr=0.01 nl=511 mcs=20 k*=600 inner_LL=0.437413 (17.5s)
[13:41:54]     lgbm fold=2 lr=0.01 nl=511 mcs=100 k*=600 inner_LL=0.437579 (16.0s)
[13:42:06]     lgbm fold=2 lr=0.02 nl=127 mcs=20 k*=300 inner_LL=0.437297 (11.3s)
[13:42:17]     lgbm fold=2 lr=0.02 nl=127 mcs=100 k*=300 inner_LL=0.437664 (11.2s)
[13:42:31]     lgbm fold=2 lr=0.02 nl=255 mcs=20 k*=300 inner_LL=0.437436 (13.7s)
[13:42:42]     lgbm fold=2 lr=0.02 nl=255 mcs=100 k*=150 inner_LL=0.437623 (11.1s)
[13:42:54]     lgbm fold=2 lr=0.02 nl=511 mcs=20 k*=300 inner_LL=0.437436 (12.3s)
[13:43:05]     lgbm fold=2 lr=0.02 nl=511 mcs=100 k*=150 inner_LL=0.437623 (10.9s)
[13:43:12]     lgbm fold=2 lr=0.03 nl=127 mcs=20 k*=150 inner_LL=0.437432 (7.0s)
[13:43:19]     lgbm fold=2 lr=0.03 nl=127 mcs=100 k*=150 inner_LL=0.437735 (7.0s)
[13:43:26]     lgbm fold=2 lr=0.03 nl=255 mcs=20 k*=150 inner_LL=0.437548 (7.4s)
[13:43:33]     lgbm fold=2 lr=0.03 nl=255 mcs=100 k*=150 inner_LL=0.437770 (6.5s)
[13:43:40]     lgbm fold=2 lr=0.03 nl=511 mcs=20 k*=150 inner_LL=0.437548 (6.6s)
[13:43:46]     lgbm fold=2 lr=0.03 nl=511 mcs=100 k*=150 inner_LL=0.437770 (6.7s)
[13:43:47]   42_weather_on_lightgbm_ext fold=2 params={'learning_rate': 0.01, 'num_leaves': 127, 'min_child_samples': 20, 'subsample': 0.8, 'subsample_freq': 0, 'n_estimators': 600} edge={'learning_rate': 'low', 'num_leaves': 'low', 'min_child_samples': 'low', 'n_estimators': None} thr=0.25 (219.3s)
[13:44:05]     lgbm fold=3 lr=0.01 nl=127 mcs=20 k*=600 inner_LL=0.435093 (17.9s)
[13:44:22]     lgbm fold=3 lr=0.01 nl=127 mcs=100 k*=600 inner_LL=0.435234 (16.8s)
[13:44:43]     lgbm fold=3 lr=0.01 nl=255 mcs=20 k*=600 inner_LL=0.434854 (20.5s)
[13:45:03]     lgbm fold=3 lr=0.01 nl=255 mcs=100 k*=600 inner_LL=0.435289 (20.8s)
[13:45:26]     lgbm fold=3 lr=0.01 nl=511 mcs=20 k*=600 inner_LL=0.434854 (23.0s)
[13:45:46]     lgbm fold=3 lr=0.01 nl=511 mcs=100 k*=600 inner_LL=0.435289 (19.9s)
[13:46:01]     lgbm fold=3 lr=0.02 nl=127 mcs=20 k*=300 inner_LL=0.435376 (14.6s)
[13:46:12]     lgbm fold=3 lr=0.02 nl=127 mcs=100 k*=300 inner_LL=0.435398 (11.5s)
[13:46:25]     lgbm fold=3 lr=0.02 nl=255 mcs=20 k*=300 inner_LL=0.435178 (12.6s)
[13:46:36]     lgbm fold=3 lr=0.02 nl=255 mcs=100 k*=300 inner_LL=0.435504 (11.2s)
[13:46:51]     lgbm fold=3 lr=0.02 nl=511 mcs=20 k*=300 inner_LL=0.435178 (15.2s)
[13:47:02]     lgbm fold=3 lr=0.02 nl=511 mcs=100 k*=300 inner_LL=0.435504 (10.7s)
[13:47:10]     lgbm fold=3 lr=0.03 nl=127 mcs=20 k*=150 inner_LL=0.434973 (7.4s)
[13:47:16]     lgbm fold=3 lr=0.03 nl=127 mcs=100 k*=150 inner_LL=0.435239 (6.6s)
[13:47:23]     lgbm fold=3 lr=0.03 nl=255 mcs=20 k*=150 inner_LL=0.434979 (7.2s)
[13:47:31]     lgbm fold=3 lr=0.03 nl=255 mcs=100 k*=150 inner_LL=0.435436 (7.3s)
[13:47:38]     lgbm fold=3 lr=0.03 nl=511 mcs=20 k*=150 inner_LL=0.434979 (7.6s)
[13:47:47]     lgbm fold=3 lr=0.03 nl=511 mcs=100 k*=150 inner_LL=0.435436 (8.5s)
[13:47:48]   42_weather_on_lightgbm_ext fold=3 params={'learning_rate': 0.01, 'num_leaves': 255, 'min_child_samples': 20, 'subsample': 0.8, 'subsample_freq': 0, 'n_estimators': 600} edge={'learning_rate': 'low', 'num_leaves': None, 'min_child_samples': 'low', 'n_estimators': None} thr=0.24 (240.8s)
[13:48:08]     lgbm fold=4 lr=0.01 nl=127 mcs=20 k*=600 inner_LL=0.435105 (20.1s)
[13:48:28]     lgbm fold=4 lr=0.01 nl=127 mcs=100 k*=600 inner_LL=0.435499 (19.6s)
[13:48:46]     lgbm fold=4 lr=0.01 nl=255 mcs=20 k*=600 inner_LL=0.435077 (18.0s)
[13:49:03]     lgbm fold=4 lr=0.01 nl=255 mcs=100 k*=600 inner_LL=0.435515 (17.4s)
[13:49:23]     lgbm fold=4 lr=0.01 nl=511 mcs=20 k*=600 inner_LL=0.435077 (19.2s)
[13:49:43]     lgbm fold=4 lr=0.01 nl=511 mcs=100 k*=600 inner_LL=0.435515 (20.0s)
[13:49:57]     lgbm fold=4 lr=0.02 nl=127 mcs=20 k*=150 inner_LL=0.435015 (14.8s)
[13:50:10]     lgbm fold=4 lr=0.02 nl=127 mcs=100 k*=150 inner_LL=0.435448 (13.1s)
[13:50:23]     lgbm fold=4 lr=0.02 nl=255 mcs=20 k*=150 inner_LL=0.435075 (12.2s)
[13:50:33]     lgbm fold=4 lr=0.02 nl=255 mcs=100 k*=150 inner_LL=0.435638 (10.2s)
[13:50:44]     lgbm fold=4 lr=0.02 nl=511 mcs=20 k*=150 inner_LL=0.435075 (11.5s)
[13:50:55]     lgbm fold=4 lr=0.02 nl=511 mcs=100 k*=150 inner_LL=0.435638 (10.4s)
[13:51:01]     lgbm fold=4 lr=0.03 nl=127 mcs=20 k*=150 inner_LL=0.434640 (6.6s)
[13:51:08]     lgbm fold=4 lr=0.03 nl=127 mcs=100 k*=100 inner_LL=0.435372 (6.3s)
[13:51:14]     lgbm fold=4 lr=0.03 nl=255 mcs=20 k*=150 inner_LL=0.434747 (6.4s)
[13:51:20]     lgbm fold=4 lr=0.03 nl=255 mcs=100 k*=150 inner_LL=0.435268 (6.1s)
[13:51:27]     lgbm fold=4 lr=0.03 nl=511 mcs=20 k*=150 inner_LL=0.434747 (6.7s)
[13:51:33]     lgbm fold=4 lr=0.03 nl=511 mcs=100 k*=150 inner_LL=0.435268 (6.2s)
[13:51:33]   42_weather_on_lightgbm_ext fold=4 params={'learning_rate': 0.03, 'num_leaves': 127, 'min_child_samples': 20, 'subsample': 0.8, 'subsample_freq': 0, 'n_estimators': 150} edge={'learning_rate': 'high', 'num_leaves': 'low', 'min_child_samples': 'low', 'n_estimators': None} thr=0.24 (225.6s)
[13:51:51]     lgbm fold=5 lr=0.01 nl=127 mcs=20 k*=600 inner_LL=0.436094 (17.3s)
[13:52:07]     lgbm fold=5 lr=0.01 nl=127 mcs=100 k*=600 inner_LL=0.436279 (15.9s)
[13:52:24]     lgbm fold=5 lr=0.01 nl=255 mcs=20 k*=600 inner_LL=0.435816 (17.4s)
[13:52:41]     lgbm fold=5 lr=0.01 nl=255 mcs=100 k*=600 inner_LL=0.436370 (16.6s)
[13:52:59]     lgbm fold=5 lr=0.01 nl=511 mcs=20 k*=600 inner_LL=0.435816 (17.9s)
[13:53:15]     lgbm fold=5 lr=0.01 nl=511 mcs=100 k*=600 inner_LL=0.436370 (16.4s)
[13:53:26]     lgbm fold=5 lr=0.02 nl=127 mcs=20 k*=300 inner_LL=0.436109 (10.9s)
[13:53:36]     lgbm fold=5 lr=0.02 nl=127 mcs=100 k*=300 inner_LL=0.436358 (10.2s)
[13:53:48]     lgbm fold=5 lr=0.02 nl=255 mcs=20 k*=300 inner_LL=0.436085 (11.1s)
[13:53:58]     lgbm fold=5 lr=0.02 nl=255 mcs=100 k*=150 inner_LL=0.436280 (10.1s)
[13:54:09]     lgbm fold=5 lr=0.02 nl=511 mcs=20 k*=300 inner_LL=0.436085 (11.3s)
[13:54:19]     lgbm fold=5 lr=0.02 nl=511 mcs=100 k*=150 inner_LL=0.436280 (10.2s)
[13:54:26]     lgbm fold=5 lr=0.03 nl=127 mcs=20 k*=150 inner_LL=0.435995 (6.5s)
[13:54:32]     lgbm fold=5 lr=0.03 nl=127 mcs=100 k*=150 inner_LL=0.436356 (6.1s)
[13:54:38]     lgbm fold=5 lr=0.03 nl=255 mcs=20 k*=150 inner_LL=0.435892 (6.5s)
[13:54:44]     lgbm fold=5 lr=0.03 nl=255 mcs=100 k*=150 inner_LL=0.436365 (6.2s)
[13:54:51]     lgbm fold=5 lr=0.03 nl=511 mcs=20 k*=150 inner_LL=0.435892 (6.7s)
[13:54:57]     lgbm fold=5 lr=0.03 nl=511 mcs=100 k*=150 inner_LL=0.436365 (6.1s)
[13:54:58]   42_weather_on_lightgbm_ext fold=5 params={'learning_rate': 0.01, 'num_leaves': 255, 'min_child_samples': 20, 'subsample': 0.8, 'subsample_freq': 0, 'n_estimators': 600} edge={'learning_rate': 'low', 'num_leaves': None, 'min_child_samples': 'low', 'n_estimators': None} thr=0.23 (204.5s)
[13:55:03] DONE seed=42 weather_on/lightgbm_ext MacroF1=0.600556 LL=0.436172 AUC=0.673824 P1=0.3378 R1=0.3529 (1091s)
[13:55:03] START seed=1 weather_on/lightgbm_ext
[13:55:21]     lgbm fold=1 lr=0.01 nl=127 mcs=20 k*=600 inner_LL=0.436469 (17.1s)
[13:55:36]     lgbm fold=1 lr=0.01 nl=127 mcs=100 k*=600 inner_LL=0.436885 (15.8s)
[13:55:54]     lgbm fold=1 lr=0.01 nl=255 mcs=20 k*=600 inner_LL=0.436534 (17.5s)
[13:56:10]     lgbm fold=1 lr=0.01 nl=255 mcs=100 k*=600 inner_LL=0.436926 (16.0s)
[13:56:28]     lgbm fold=1 lr=0.01 nl=511 mcs=20 k*=600 inner_LL=0.436534 (17.7s)
[13:56:44]     lgbm fold=1 lr=0.01 nl=511 mcs=100 k*=600 inner_LL=0.436926 (16.0s)
[13:56:55]     lgbm fold=1 lr=0.02 nl=127 mcs=20 k*=300 inner_LL=0.436703 (11.1s)
[13:57:05]     lgbm fold=1 lr=0.02 nl=127 mcs=100 k*=300 inner_LL=0.437454 (10.4s)
[13:57:16]     lgbm fold=1 lr=0.02 nl=255 mcs=20 k*=300 inner_LL=0.436761 (10.9s)
[13:57:26]     lgbm fold=1 lr=0.02 nl=255 mcs=100 k*=300 inner_LL=0.437309 (10.2s)
[13:57:37]     lgbm fold=1 lr=0.02 nl=511 mcs=20 k*=300 inner_LL=0.436761 (11.1s)
[13:57:48]     lgbm fold=1 lr=0.02 nl=511 mcs=100 k*=300 inner_LL=0.437309 (10.4s)
[13:57:55]     lgbm fold=1 lr=0.03 nl=127 mcs=20 k*=150 inner_LL=0.436846 (6.9s)
[13:58:01]     lgbm fold=1 lr=0.03 nl=127 mcs=100 k*=150 inner_LL=0.437220 (6.0s)
[13:58:07]     lgbm fold=1 lr=0.03 nl=255 mcs=20 k*=150 inner_LL=0.436688 (6.6s)
[13:58:14]     lgbm fold=1 lr=0.03 nl=255 mcs=100 k*=150 inner_LL=0.437412 (6.6s)
[13:58:21]     lgbm fold=1 lr=0.03 nl=511 mcs=20 k*=150 inner_LL=0.436688 (7.1s)
[13:58:27]     lgbm fold=1 lr=0.03 nl=511 mcs=100 k*=150 inner_LL=0.437412 (6.3s)
[13:58:28]   1_weather_on_lightgbm_ext fold=1 params={'learning_rate': 0.01, 'num_leaves': 127, 'min_child_samples': 20, 'subsample': 0.8, 'subsample_freq': 0, 'n_estimators': 600} edge={'learning_rate': 'low', 'num_leaves': 'low', 'min_child_samples': 'low', 'n_estimators': None} thr=0.23 (204.9s)
[13:58:46]     lgbm fold=2 lr=0.01 nl=127 mcs=20 k*=600 inner_LL=0.434552 (17.3s)
[13:59:02]     lgbm fold=2 lr=0.01 nl=127 mcs=100 k*=600 inner_LL=0.434553 (15.8s)
[13:59:19]     lgbm fold=2 lr=0.01 nl=255 mcs=20 k*=600 inner_LL=0.434333 (17.5s)
[13:59:35]     lgbm fold=2 lr=0.01 nl=255 mcs=100 k*=600 inner_LL=0.434420 (16.1s)
[13:59:53]     lgbm fold=2 lr=0.01 nl=511 mcs=20 k*=600 inner_LL=0.434333 (17.8s)
[14:00:09]     lgbm fold=2 lr=0.01 nl=511 mcs=100 k*=600 inner_LL=0.434420 (16.2s)
[14:00:20]     lgbm fold=2 lr=0.02 nl=127 mcs=20 k*=300 inner_LL=0.434324 (10.9s)
[14:00:30]     lgbm fold=2 lr=0.02 nl=127 mcs=100 k*=300 inner_LL=0.434690 (10.4s)
[14:00:41]     lgbm fold=2 lr=0.02 nl=255 mcs=20 k*=300 inner_LL=0.434252 (10.6s)
[14:00:51]     lgbm fold=2 lr=0.02 nl=255 mcs=100 k*=300 inner_LL=0.434899 (9.5s)
[14:01:01]     lgbm fold=2 lr=0.02 nl=511 mcs=20 k*=300 inner_LL=0.434252 (10.7s)
[14:01:11]     lgbm fold=2 lr=0.02 nl=511 mcs=100 k*=300 inner_LL=0.434899 (9.5s)
[14:01:17]     lgbm fold=2 lr=0.03 nl=127 mcs=20 k*=150 inner_LL=0.434092 (6.0s)
[14:01:22]     lgbm fold=2 lr=0.03 nl=127 mcs=100 k*=150 inner_LL=0.434751 (5.7s)
[14:01:29]     lgbm fold=2 lr=0.03 nl=255 mcs=20 k*=150 inner_LL=0.434156 (6.1s)
[14:01:34]     lgbm fold=2 lr=0.03 nl=255 mcs=100 k*=150 inner_LL=0.434752 (5.6s)
[14:01:40]     lgbm fold=2 lr=0.03 nl=511 mcs=20 k*=150 inner_LL=0.434156 (6.1s)
[14:01:46]     lgbm fold=2 lr=0.03 nl=511 mcs=100 k*=150 inner_LL=0.434752 (5.8s)
[14:01:46]   1_weather_on_lightgbm_ext fold=2 params={'learning_rate': 0.03, 'num_leaves': 127, 'min_child_samples': 20, 'subsample': 0.8, 'subsample_freq': 0, 'n_estimators': 150} edge={'learning_rate': 'high', 'num_leaves': 'low', 'min_child_samples': 'low', 'n_estimators': None} thr=0.23 (198.3s)
[14:02:03]     lgbm fold=3 lr=0.01 nl=127 mcs=20 k*=300 inner_LL=0.434366 (16.5s)
[14:02:18]     lgbm fold=3 lr=0.01 nl=127 mcs=100 k*=600 inner_LL=0.434751 (15.0s)
[14:02:34]     lgbm fold=3 lr=0.01 nl=255 mcs=20 k*=600 inner_LL=0.434440 (15.9s)
[14:02:49]     lgbm fold=3 lr=0.01 nl=255 mcs=100 k*=600 inner_LL=0.434749 (15.1s)
[14:03:07]     lgbm fold=3 lr=0.01 nl=511 mcs=20 k*=600 inner_LL=0.434440 (17.5s)
[14:03:23]     lgbm fold=3 lr=0.01 nl=511 mcs=100 k*=600 inner_LL=0.434749 (16.2s)
[14:03:35]     lgbm fold=3 lr=0.02 nl=127 mcs=20 k*=300 inner_LL=0.434874 (11.3s)
[14:03:45]     lgbm fold=3 lr=0.02 nl=127 mcs=100 k*=300 inner_LL=0.434931 (10.0s)
[14:03:56]     lgbm fold=3 lr=0.02 nl=255 mcs=20 k*=300 inner_LL=0.434677 (11.4s)
[14:04:06]     lgbm fold=3 lr=0.02 nl=255 mcs=100 k*=150 inner_LL=0.434939 (10.3s)
[14:04:17]     lgbm fold=3 lr=0.02 nl=511 mcs=20 k*=300 inner_LL=0.434677 (11.1s)
[14:04:28]     lgbm fold=3 lr=0.02 nl=511 mcs=100 k*=150 inner_LL=0.434939 (10.4s)
[14:04:35]     lgbm fold=3 lr=0.03 nl=127 mcs=20 k*=150 inner_LL=0.434464 (7.1s)
[14:04:42]     lgbm fold=3 lr=0.03 nl=127 mcs=100 k*=150 inner_LL=0.434590 (6.6s)
[14:04:49]     lgbm fold=3 lr=0.03 nl=255 mcs=20 k*=150 inner_LL=0.434654 (7.1s)
[14:04:55]     lgbm fold=3 lr=0.03 nl=255 mcs=100 k*=150 inner_LL=0.434635 (6.3s)
[14:05:02]     lgbm fold=3 lr=0.03 nl=511 mcs=20 k*=150 inner_LL=0.434654 (6.9s)
[14:05:08]     lgbm fold=3 lr=0.03 nl=511 mcs=100 k*=150 inner_LL=0.434635 (6.2s)
[14:05:08]   1_weather_on_lightgbm_ext fold=3 params={'learning_rate': 0.01, 'num_leaves': 127, 'min_child_samples': 20, 'subsample': 0.8, 'subsample_freq': 0, 'n_estimators': 300} edge={'learning_rate': 'low', 'num_leaves': 'low', 'min_child_samples': 'low', 'n_estimators': None} thr=0.23 (202.1s)
[14:05:26]     lgbm fold=4 lr=0.01 nl=127 mcs=20 k*=600 inner_LL=0.435295 (16.8s)
[14:05:43]     lgbm fold=4 lr=0.01 nl=127 mcs=100 k*=600 inner_LL=0.435369 (17.1s)
[14:06:01]     lgbm fold=4 lr=0.01 nl=255 mcs=20 k*=600 inner_LL=0.435108 (18.6s)
[14:06:18]     lgbm fold=4 lr=0.01 nl=255 mcs=100 k*=600 inner_LL=0.435445 (16.5s)
[14:06:45]     lgbm fold=4 lr=0.01 nl=511 mcs=20 k*=600 inner_LL=0.435108 (27.2s)
[14:07:06]     lgbm fold=4 lr=0.01 nl=511 mcs=100 k*=600 inner_LL=0.435445 (20.6s)
[14:07:17]     lgbm fold=4 lr=0.02 nl=127 mcs=20 k*=300 inner_LL=0.435303 (11.2s)
[14:07:27]     lgbm fold=4 lr=0.02 nl=127 mcs=100 k*=300 inner_LL=0.435882 (9.7s)
[14:07:37]     lgbm fold=4 lr=0.02 nl=255 mcs=20 k*=300 inner_LL=0.435385 (10.4s)
[14:07:47]     lgbm fold=4 lr=0.02 nl=255 mcs=100 k*=300 inner_LL=0.435330 (9.6s)
[14:07:58]     lgbm fold=4 lr=0.02 nl=511 mcs=20 k*=300 inner_LL=0.435385 (11.7s)
[14:08:10]     lgbm fold=4 lr=0.02 nl=511 mcs=100 k*=300 inner_LL=0.435330 (11.1s)
[14:08:17]     lgbm fold=4 lr=0.03 nl=127 mcs=20 k*=150 inner_LL=0.435231 (7.0s)
[14:08:23]     lgbm fold=4 lr=0.03 nl=127 mcs=100 k*=150 inner_LL=0.435270 (6.1s)
[14:08:30]     lgbm fold=4 lr=0.03 nl=255 mcs=20 k*=150 inner_LL=0.435512 (7.1s)
[14:08:36]     lgbm fold=4 lr=0.03 nl=255 mcs=100 k*=150 inner_LL=0.435540 (6.2s)
[14:08:43]     lgbm fold=4 lr=0.03 nl=511 mcs=20 k*=150 inner_LL=0.435512 (6.7s)
[14:08:49]     lgbm fold=4 lr=0.03 nl=511 mcs=100 k*=150 inner_LL=0.435540 (6.2s)
[14:08:50]   1_weather_on_lightgbm_ext fold=4 params={'learning_rate': 0.01, 'num_leaves': 255, 'min_child_samples': 20, 'subsample': 0.8, 'subsample_freq': 0, 'n_estimators': 600} edge={'learning_rate': 'low', 'num_leaves': None, 'min_child_samples': 'low', 'n_estimators': None} thr=0.23 (221.1s)
[14:09:13]     lgbm fold=5 lr=0.01 nl=127 mcs=20 k*=600 inner_LL=0.436404 (23.1s)
[14:09:30]     lgbm fold=5 lr=0.01 nl=127 mcs=100 k*=600 inner_LL=0.436477 (17.1s)
[14:09:48]     lgbm fold=5 lr=0.01 nl=255 mcs=20 k*=600 inner_LL=0.436452 (18.2s)
[14:10:04]     lgbm fold=5 lr=0.01 nl=255 mcs=100 k*=600 inner_LL=0.436700 (15.9s)
[14:10:22]     lgbm fold=5 lr=0.01 nl=511 mcs=20 k*=600 inner_LL=0.436452 (17.9s)
[14:10:38]     lgbm fold=5 lr=0.01 nl=511 mcs=100 k*=600 inner_LL=0.436700 (15.6s)
[14:10:49]     lgbm fold=5 lr=0.02 nl=127 mcs=20 k*=300 inner_LL=0.436460 (11.4s)
[14:11:01]     lgbm fold=5 lr=0.02 nl=127 mcs=100 k*=300 inner_LL=0.436683 (11.3s)
[14:11:13]     lgbm fold=5 lr=0.02 nl=255 mcs=20 k*=300 inner_LL=0.436229 (12.3s)
[14:11:24]     lgbm fold=5 lr=0.02 nl=255 mcs=100 k*=300 inner_LL=0.436881 (10.6s)
[14:11:35]     lgbm fold=5 lr=0.02 nl=511 mcs=20 k*=300 inner_LL=0.436229 (11.6s)
[14:11:46]     lgbm fold=5 lr=0.02 nl=511 mcs=100 k*=300 inner_LL=0.436881 (10.6s)
[14:11:53]     lgbm fold=5 lr=0.03 nl=127 mcs=20 k*=150 inner_LL=0.436086 (7.5s)
[14:12:00]     lgbm fold=5 lr=0.03 nl=127 mcs=100 k*=150 inner_LL=0.436464 (6.5s)
[14:12:07]     lgbm fold=5 lr=0.03 nl=255 mcs=20 k*=150 inner_LL=0.435913 (7.1s)
[14:12:13]     lgbm fold=5 lr=0.03 nl=255 mcs=100 k*=150 inner_LL=0.436669 (5.9s)
[14:12:19]     lgbm fold=5 lr=0.03 nl=511 mcs=20 k*=150 inner_LL=0.435913 (6.6s)
[14:12:25]     lgbm fold=5 lr=0.03 nl=511 mcs=100 k*=150 inner_LL=0.436669 (5.8s)
[14:12:25]   1_weather_on_lightgbm_ext fold=5 params={'learning_rate': 0.03, 'num_leaves': 255, 'min_child_samples': 20, 'subsample': 0.8, 'subsample_freq': 0, 'n_estimators': 150} edge={'learning_rate': 'high', 'num_leaves': None, 'min_child_samples': 'low', 'n_estimators': None} thr=0.24 (215.8s)
[14:12:31] DONE seed=1 weather_on/lightgbm_ext MacroF1=0.600498 LL=0.436100 AUC=0.674837 P1=0.3351 R1=0.3601 (1042s)
[14:12:31] START seed=7 weather_on/lightgbm_ext
[14:12:50]     lgbm fold=1 lr=0.01 nl=127 mcs=20 k*=300 inner_LL=0.435838 (18.6s)
[14:13:06]     lgbm fold=1 lr=0.01 nl=127 mcs=100 k*=600 inner_LL=0.435944 (16.0s)
[14:13:23]     lgbm fold=1 lr=0.01 nl=255 mcs=20 k*=600 inner_LL=0.435879 (17.1s)
[14:13:40]     lgbm fold=1 lr=0.01 nl=255 mcs=100 k*=600 inner_LL=0.435841 (16.8s)
[14:13:57]     lgbm fold=1 lr=0.01 nl=511 mcs=20 k*=600 inner_LL=0.435879 (17.5s)
[14:14:13]     lgbm fold=1 lr=0.01 nl=511 mcs=100 k*=600 inner_LL=0.435841 (15.9s)
[14:14:24]     lgbm fold=1 lr=0.02 nl=127 mcs=20 k*=150 inner_LL=0.435733 (11.0s)
[14:14:34]     lgbm fold=1 lr=0.02 nl=127 mcs=100 k*=150 inner_LL=0.435820 (10.4s)
[14:14:45]     lgbm fold=1 lr=0.02 nl=255 mcs=20 k*=150 inner_LL=0.435690 (10.8s)
[14:14:57]     lgbm fold=1 lr=0.02 nl=255 mcs=100 k*=150 inner_LL=0.435952 (11.6s)
[14:15:20]     lgbm fold=1 lr=0.02 nl=511 mcs=20 k*=150 inner_LL=0.435690 (23.6s)
[14:15:34]     lgbm fold=1 lr=0.02 nl=511 mcs=100 k*=150 inner_LL=0.435952 (13.5s)
[14:15:41]     lgbm fold=1 lr=0.03 nl=127 mcs=20 k*=150 inner_LL=0.435573 (7.2s)
[14:15:49]     lgbm fold=1 lr=0.03 nl=127 mcs=100 k*=100 inner_LL=0.435834 (7.4s)
[14:15:56]     lgbm fold=1 lr=0.03 nl=255 mcs=20 k*=150 inner_LL=0.435967 (7.4s)
[14:16:02]     lgbm fold=1 lr=0.03 nl=255 mcs=100 k*=150 inner_LL=0.435734 (6.2s)
[14:16:09]     lgbm fold=1 lr=0.03 nl=511 mcs=20 k*=150 inner_LL=0.435967 (6.9s)
[14:16:16]     lgbm fold=1 lr=0.03 nl=511 mcs=100 k*=150 inner_LL=0.435734 (7.1s)
[14:16:16]   7_weather_on_lightgbm_ext fold=1 params={'learning_rate': 0.03, 'num_leaves': 127, 'min_child_samples': 20, 'subsample': 0.8, 'subsample_freq': 0, 'n_estimators': 150} edge={'learning_rate': 'high', 'num_leaves': 'low', 'min_child_samples': 'low', 'n_estimators': None} thr=0.22 (225.7s)
[14:16:35]     lgbm fold=2 lr=0.01 nl=127 mcs=20 k*=600 inner_LL=0.436728 (18.6s)
[14:16:54]     lgbm fold=2 lr=0.01 nl=127 mcs=100 k*=600 inner_LL=0.437128 (18.2s)
[14:17:11]     lgbm fold=2 lr=0.01 nl=255 mcs=20 k*=600 inner_LL=0.437078 (17.5s)
[14:17:29]     lgbm fold=2 lr=0.01 nl=255 mcs=100 k*=600 inner_LL=0.437103 (18.1s)
[14:17:46]     lgbm fold=2 lr=0.01 nl=511 mcs=20 k*=600 inner_LL=0.437078 (17.3s)
[14:18:02]     lgbm fold=2 lr=0.01 nl=511 mcs=100 k*=600 inner_LL=0.437103 (15.2s)
[14:18:13]     lgbm fold=2 lr=0.02 nl=127 mcs=20 k*=300 inner_LL=0.437150 (11.7s)
[14:18:24]     lgbm fold=2 lr=0.02 nl=127 mcs=100 k*=150 inner_LL=0.437303 (10.6s)
[14:18:36]     lgbm fold=2 lr=0.02 nl=255 mcs=20 k*=150 inner_LL=0.437111 (12.2s)
[14:18:49]     lgbm fold=2 lr=0.02 nl=255 mcs=100 k*=300 inner_LL=0.437188 (12.7s)
[14:19:02]     lgbm fold=2 lr=0.02 nl=511 mcs=20 k*=150 inner_LL=0.437111 (12.8s)
[14:19:12]     lgbm fold=2 lr=0.02 nl=511 mcs=100 k*=300 inner_LL=0.437188 (10.4s)
[14:19:20]     lgbm fold=2 lr=0.03 nl=127 mcs=20 k*=150 inner_LL=0.436692 (7.4s)
[14:19:26]     lgbm fold=2 lr=0.03 nl=127 mcs=100 k*=150 inner_LL=0.437363 (6.7s)
[14:19:34]     lgbm fold=2 lr=0.03 nl=255 mcs=20 k*=150 inner_LL=0.436939 (7.4s)
[14:19:40]     lgbm fold=2 lr=0.03 nl=255 mcs=100 k*=150 inner_LL=0.437190 (6.1s)
[14:19:47]     lgbm fold=2 lr=0.03 nl=511 mcs=20 k*=150 inner_LL=0.436939 (7.0s)
[14:19:53]     lgbm fold=2 lr=0.03 nl=511 mcs=100 k*=150 inner_LL=0.437190 (6.3s)
[14:19:53]   7_weather_on_lightgbm_ext fold=2 params={'learning_rate': 0.03, 'num_leaves': 127, 'min_child_samples': 20, 'subsample': 0.8, 'subsample_freq': 0, 'n_estimators': 150} edge={'learning_rate': 'high', 'num_leaves': 'low', 'min_child_samples': 'low', 'n_estimators': None} thr=0.23 (217.1s)
[14:20:11]     lgbm fold=3 lr=0.01 nl=127 mcs=20 k*=600 inner_LL=0.436034 (17.6s)
[14:20:33]     lgbm fold=3 lr=0.01 nl=127 mcs=100 k*=600 inner_LL=0.436414 (21.8s)
[14:20:55]     lgbm fold=3 lr=0.01 nl=255 mcs=20 k*=600 inner_LL=0.435958 (21.3s)
[14:21:15]     lgbm fold=3 lr=0.01 nl=255 mcs=100 k*=600 inner_LL=0.436320 (20.0s)
[14:21:36]     lgbm fold=3 lr=0.01 nl=511 mcs=20 k*=600 inner_LL=0.435958 (21.6s)
[14:21:57]     lgbm fold=3 lr=0.01 nl=511 mcs=100 k*=600 inner_LL=0.436320 (20.7s)
[14:22:11]     lgbm fold=3 lr=0.02 nl=127 mcs=20 k*=300 inner_LL=0.436097 (14.4s)
[14:22:22]     lgbm fold=3 lr=0.02 nl=127 mcs=100 k*=150 inner_LL=0.436544 (10.7s)
[14:22:34]     lgbm fold=3 lr=0.02 nl=255 mcs=20 k*=300 inner_LL=0.436307 (12.0s)
[14:22:45]     lgbm fold=3 lr=0.02 nl=255 mcs=100 k*=150 inner_LL=0.436714 (10.8s)
[14:22:57]     lgbm fold=3 lr=0.02 nl=511 mcs=20 k*=300 inner_LL=0.436307 (11.7s)
[14:23:09]     lgbm fold=3 lr=0.02 nl=511 mcs=100 k*=150 inner_LL=0.436714 (12.0s)
[14:23:16]     lgbm fold=3 lr=0.03 nl=127 mcs=20 k*=150 inner_LL=0.436233 (7.7s)
[14:23:23]     lgbm fold=3 lr=0.03 nl=127 mcs=100 k*=150 inner_LL=0.436240 (6.6s)
[14:23:30]     lgbm fold=3 lr=0.03 nl=255 mcs=20 k*=150 inner_LL=0.436282 (6.8s)
[14:23:36]     lgbm fold=3 lr=0.03 nl=255 mcs=100 k*=150 inner_LL=0.436504 (6.2s)
[14:23:43]     lgbm fold=3 lr=0.03 nl=511 mcs=20 k*=150 inner_LL=0.436282 (7.0s)
[14:23:50]     lgbm fold=3 lr=0.03 nl=511 mcs=100 k*=150 inner_LL=0.436504 (7.0s)
[14:23:51]   7_weather_on_lightgbm_ext fold=3 params={'learning_rate': 0.01, 'num_leaves': 255, 'min_child_samples': 20, 'subsample': 0.8, 'subsample_freq': 0, 'n_estimators': 600} edge={'learning_rate': 'low', 'num_leaves': None, 'min_child_samples': 'low', 'n_estimators': None} thr=0.23 (237.3s)
[14:24:11]     lgbm fold=4 lr=0.01 nl=127 mcs=20 k*=300 inner_LL=0.435195 (19.7s)
[14:24:30]     lgbm fold=4 lr=0.01 nl=127 mcs=100 k*=600 inner_LL=0.435507 (18.9s)
[14:24:49]     lgbm fold=4 lr=0.01 nl=255 mcs=20 k*=600 inner_LL=0.435082 (19.4s)
[14:25:08]     lgbm fold=4 lr=0.01 nl=255 mcs=100 k*=600 inner_LL=0.435357 (18.5s)
[14:25:28]     lgbm fold=4 lr=0.01 nl=511 mcs=20 k*=600 inner_LL=0.435082 (20.6s)
[14:25:48]     lgbm fold=4 lr=0.01 nl=511 mcs=100 k*=600 inner_LL=0.435357 (20.1s)
[14:26:00]     lgbm fold=4 lr=0.02 nl=127 mcs=20 k*=150 inner_LL=0.434962 (11.8s)
[14:26:11]     lgbm fold=4 lr=0.02 nl=127 mcs=100 k*=150 inner_LL=0.435313 (11.2s)
[14:26:24]     lgbm fold=4 lr=0.02 nl=255 mcs=20 k*=150 inner_LL=0.434923 (12.6s)
[14:26:35]     lgbm fold=4 lr=0.02 nl=255 mcs=100 k*=150 inner_LL=0.435414 (11.4s)
[14:26:46]     lgbm fold=4 lr=0.02 nl=511 mcs=20 k*=150 inner_LL=0.434923 (10.9s)
[14:26:56]     lgbm fold=4 lr=0.02 nl=511 mcs=100 k*=150 inner_LL=0.435414 (9.8s)
[14:27:02]     lgbm fold=4 lr=0.03 nl=127 mcs=20 k*=150 inner_LL=0.435023 (6.2s)
[14:27:08]     lgbm fold=4 lr=0.03 nl=127 mcs=100 k*=150 inner_LL=0.434914 (5.9s)
[14:27:15]     lgbm fold=4 lr=0.03 nl=255 mcs=20 k*=150 inner_LL=0.434703 (7.0s)
[14:27:21]     lgbm fold=4 lr=0.03 nl=255 mcs=100 k*=150 inner_LL=0.435207 (5.9s)
[14:27:27]     lgbm fold=4 lr=0.03 nl=511 mcs=20 k*=150 inner_LL=0.434703 (6.2s)
[14:27:33]     lgbm fold=4 lr=0.03 nl=511 mcs=100 k*=150 inner_LL=0.435207 (5.8s)
[14:27:33]   7_weather_on_lightgbm_ext fold=4 params={'learning_rate': 0.03, 'num_leaves': 255, 'min_child_samples': 20, 'subsample': 0.8, 'subsample_freq': 0, 'n_estimators': 150} edge={'learning_rate': 'high', 'num_leaves': None, 'min_child_samples': 'low', 'n_estimators': None} thr=0.24 (222.6s)
[14:27:51]     lgbm fold=5 lr=0.01 nl=127 mcs=20 k*=600 inner_LL=0.433416 (16.9s)
[14:28:06]     lgbm fold=5 lr=0.01 nl=127 mcs=100 k*=600 inner_LL=0.433559 (15.0s)
[14:28:24]     lgbm fold=5 lr=0.01 nl=255 mcs=20 k*=600 inner_LL=0.433722 (18.6s)
[14:28:40]     lgbm fold=5 lr=0.01 nl=255 mcs=100 k*=600 inner_LL=0.433423 (16.0s)
[14:28:58]     lgbm fold=5 lr=0.01 nl=511 mcs=20 k*=600 inner_LL=0.433722 (17.4s)
[14:29:16]     lgbm fold=5 lr=0.01 nl=511 mcs=100 k*=600 inner_LL=0.433423 (18.8s)
[14:29:28]     lgbm fold=5 lr=0.02 nl=127 mcs=20 k*=300 inner_LL=0.433287 (11.6s)
[14:29:39]     lgbm fold=5 lr=0.02 nl=127 mcs=100 k*=300 inner_LL=0.433649 (11.0s)
[14:29:51]     lgbm fold=5 lr=0.02 nl=255 mcs=20 k*=300 inner_LL=0.433348 (11.7s)
[14:30:03]     lgbm fold=5 lr=0.02 nl=255 mcs=100 k*=300 inner_LL=0.433963 (11.8s)
[14:30:17]     lgbm fold=5 lr=0.02 nl=511 mcs=20 k*=300 inner_LL=0.433348 (14.3s)
[14:30:28]     lgbm fold=5 lr=0.02 nl=511 mcs=100 k*=300 inner_LL=0.433963 (10.7s)
[14:30:34]     lgbm fold=5 lr=0.03 nl=127 mcs=20 k*=150 inner_LL=0.433528 (6.9s)
[14:30:42]     lgbm fold=5 lr=0.03 nl=127 mcs=100 k*=150 inner_LL=0.433268 (7.3s)
[14:30:49]     lgbm fold=5 lr=0.03 nl=255 mcs=20 k*=150 inner_LL=0.433739 (7.1s)
[14:30:55]     lgbm fold=5 lr=0.03 nl=255 mcs=100 k*=150 inner_LL=0.433488 (6.4s)
[14:31:02]     lgbm fold=5 lr=0.03 nl=511 mcs=20 k*=150 inner_LL=0.433739 (7.0s)
[14:31:08]     lgbm fold=5 lr=0.03 nl=511 mcs=100 k*=150 inner_LL=0.433488 (6.2s)
[14:31:09]   7_weather_on_lightgbm_ext fold=5 params={'learning_rate': 0.03, 'num_leaves': 127, 'min_child_samples': 100, 'subsample': 0.8, 'subsample_freq': 0, 'n_estimators': 150} edge={'learning_rate': 'high', 'num_leaves': 'low', 'min_child_samples': 'high', 'n_estimators': None} thr=0.23 (215.4s)
[14:31:14] DONE seed=7 weather_on/lightgbm_ext MacroF1=0.600717 LL=0.435931 AUC=0.674665 P1=0.3330 R1=0.3681 (1118s)
[14:31:15] FINISHED {"runs": "baseline_recovery_v2_classifier_grid_ext_20261008_lgbm_runs.csv", "lightgbm_reproduction_max_abs_diff": 0.0, "rf_reproduction_max_abs_diff": 0.0}
