[13:37:11] git HEAD f84c5c3fdf301edbf0f500a0521a0e3379dba579; dirty entries: ['?? notebooks/run_classifier_calibration.py', '?? notebooks/run_classifier_grid_extension.py', '?? output/baseline_recovery_v2_classifier_calibration_20261008.log', '?? output/baseline_recovery_v2_classifier_grid_ext_20261008_lgbm.log', '?? output/baseline_recovery_v2_classifier_grid_ext_20261008_rf.log', '?? src/classifier_calibration.py', '?? src/classifier_grid_extension.py', '?? tests/test_classifier_calibration.py', '?? tests/test_classifier_grid_extension.py']; priority=below_normal; rf_n_jobs=6 lgbm_n_jobs=4 OMP_NUM_THREADS=4
[13:37:26] loaded weather_on (180332, 39), positives=31805 in 14.5s
[13:37:26] START seed=42 logistic_regression
[13:37:38]     fold=1 base fit 2.5s, crossfit k=5 9.6s
[13:37:39]   42_logistic_regression_fold1 params={'C': 0.1} thr={'none': 0.24, 'platt_inner_holdout': 0.25, 'isotonic_inner_holdout': 0.24, 'platt_crossfit': 0.24, 'isotonic_crossfit': 0.25} repro={'recorded_source': 'baseline_recovery_v2_classifier_compare_20261008_folds.csv', 'raw_valid_probs_sha256_equal_recorded': None, 'raw_valid_probs_max_abs_diff_recorded': None, 'none_threshold_equal_recorded': True, 'inner_holdout_log_loss_abs_diff_recorded': 4.887640070450061e-09} (13.0s)
[13:37:59]     fold=2 base fit 4.0s, crossfit k=5 16.2s
[13:38:00]   42_logistic_regression_fold2 params={'C': 10.0} thr={'none': 0.25, 'platt_inner_holdout': 0.25, 'isotonic_inner_holdout': 0.25, 'platt_crossfit': 0.25, 'isotonic_crossfit': 0.25} repro={'recorded_source': 'baseline_recovery_v2_classifier_compare_20261008_folds.csv', 'raw_valid_probs_sha256_equal_recorded': None, 'raw_valid_probs_max_abs_diff_recorded': None, 'none_threshold_equal_recorded': True, 'inner_holdout_log_loss_abs_diff_recorded': 2.0801763405686735e-05} (21.3s)
[13:38:13]     fold=3 base fit 2.7s, crossfit k=5 9.7s
[13:38:14]   42_logistic_regression_fold3 params={'C': 0.1} thr={'none': 0.25, 'platt_inner_holdout': 0.25, 'isotonic_inner_holdout': 0.24, 'platt_crossfit': 0.25, 'isotonic_crossfit': 0.25} repro={'recorded_source': 'baseline_recovery_v2_classifier_compare_20261008_folds.csv', 'raw_valid_probs_sha256_equal_recorded': None, 'raw_valid_probs_max_abs_diff_recorded': None, 'none_threshold_equal_recorded': True, 'inner_holdout_log_loss_abs_diff_recorded': 3.5282832211436244e-11} (13.5s)
[13:38:26]     fold=4 base fit 2.6s, crossfit k=5 9.9s
[13:38:27]   42_logistic_regression_fold4 params={'C': 0.1} thr={'none': 0.24, 'platt_inner_holdout': 0.24, 'isotonic_inner_holdout': 0.25, 'platt_crossfit': 0.24, 'isotonic_crossfit': 0.24} repro={'recorded_source': 'baseline_recovery_v2_classifier_compare_20261008_folds.csv', 'raw_valid_probs_sha256_equal_recorded': None, 'raw_valid_probs_max_abs_diff_recorded': None, 'none_threshold_equal_recorded': True, 'inner_holdout_log_loss_abs_diff_recorded': 4.41171466025736e-09} (13.5s)
[13:38:39]     fold=5 base fit 2.0s, crossfit k=5 9.8s
[13:38:40]   42_logistic_regression_fold5 params={'C': 0.1} thr={'none': 0.23, 'platt_inner_holdout': 0.23, 'isotonic_inner_holdout': 0.24, 'platt_crossfit': 0.23, 'isotonic_crossfit': 0.23} repro={'recorded_source': 'baseline_recovery_v2_classifier_compare_20261008_folds.csv', 'raw_valid_probs_sha256_equal_recorded': None, 'raw_valid_probs_max_abs_diff_recorded': None, 'none_threshold_equal_recorded': True, 'inner_holdout_log_loss_abs_diff_recorded': 3.7692071686024065e-14} (12.9s)
[13:38:41] DONE seed=42 logistic_regression none: LL=0.437197 Brier=0.136442 ECE15=0.00348 AUC=0.674230 MacroF1=0.596583 P1=0.3202 R1=0.3863
[13:38:41] DONE seed=42 logistic_regression platt_inner_holdout: LL=0.437218 Brier=0.136458 ECE15=0.00426 AUC=0.674224 MacroF1=0.596972 P1=0.3237 R1=0.3745
[13:38:41] DONE seed=42 logistic_regression isotonic_inner_holdout: LL=0.437822 Brier=0.136564 ECE15=0.00377 AUC=0.673491 MacroF1=0.596750 P1=0.3224 R1=0.3780
[13:38:41] DONE seed=42 logistic_regression platt_crossfit: LL=0.437186 Brier=0.136444 ECE15=0.00387 AUC=0.674233 MacroF1=0.596969 P1=0.3212 R1=0.3851
[13:38:41] DONE seed=42 logistic_regression isotonic_crossfit: LL=0.437475 Brier=0.136463 ECE15=0.00224 AUC=0.673790 MacroF1=0.596641 P1=0.3218 R1=0.3795
[13:38:41] unit time 75s
[13:38:41] START seed=42 random_forest_tuned
[13:42:44]     fold=1 base fit 50.1s, crossfit k=5 192.9s
[13:42:45]   42_random_forest_tuned_fold1 params={'max_features': 0.5, 'min_samples_leaf': 25} thr={'none': 0.25, 'platt_inner_holdout': 0.25, 'isotonic_inner_holdout': 0.23, 'platt_crossfit': 0.25, 'isotonic_crossfit': 0.27} repro={'recorded_source': 'baseline_recovery_v2_classifier_tuning_20261008_folds.csv', 'raw_valid_probs_sha256_equal_recorded': False, 'raw_valid_probs_max_abs_diff_recorded': 2.220446049250313e-16, 'none_threshold_equal_recorded': True, 'inner_holdout_log_loss_abs_diff_recorded': 0.0} (244.2s)
[13:46:57]     fold=2 base fit 51.8s, crossfit k=5 200.0s
[13:46:58]   42_random_forest_tuned_fold2 params={'max_features': 0.5, 'min_samples_leaf': 25} thr={'none': 0.25, 'platt_inner_holdout': 0.25, 'isotonic_inner_holdout': 0.22, 'platt_crossfit': 0.25, 'isotonic_crossfit': 0.25} repro={'recorded_source': 'baseline_recovery_v2_classifier_tuning_20261008_folds.csv', 'raw_valid_probs_sha256_equal_recorded': False, 'raw_valid_probs_max_abs_diff_recorded': 2.220446049250313e-16, 'none_threshold_equal_recorded': True, 'inner_holdout_log_loss_abs_diff_recorded': 5.551115123125783e-17} (252.9s)
[13:51:11]     fold=3 base fit 53.1s, crossfit k=5 199.4s
[13:51:12]   42_random_forest_tuned_fold3 params={'max_features': 0.5, 'min_samples_leaf': 25} thr={'none': 0.26, 'platt_inner_holdout': 0.25, 'isotonic_inner_holdout': 0.25, 'platt_crossfit': 0.25, 'isotonic_crossfit': 0.25} repro={'recorded_source': 'baseline_recovery_v2_classifier_tuning_20261008_folds.csv', 'raw_valid_probs_sha256_equal_recorded': False, 'raw_valid_probs_max_abs_diff_recorded': 2.220446049250313e-16, 'none_threshold_equal_recorded': True, 'inner_holdout_log_loss_abs_diff_recorded': 0.0} (253.5s)
[13:55:10]     fold=4 base fit 50.1s, crossfit k=5 188.5s
[13:55:12]   42_random_forest_tuned_fold4 params={'max_features': 0.5, 'min_samples_leaf': 25} thr={'none': 0.25, 'platt_inner_holdout': 0.26, 'isotonic_inner_holdout': 0.26, 'platt_crossfit': 0.26, 'isotonic_crossfit': 0.25} repro={'recorded_source': 'baseline_recovery_v2_classifier_tuning_20261008_folds.csv', 'raw_valid_probs_sha256_equal_recorded': False, 'raw_valid_probs_max_abs_diff_recorded': 2.220446049250313e-16, 'none_threshold_equal_recorded': True, 'inner_holdout_log_loss_abs_diff_recorded': 5.551115123125783e-17} (239.7s)
[14:00:36]     fold=5 base fit 67.5s, crossfit k=5 256.5s
[14:00:37]   42_random_forest_tuned_fold5 params={'max_features': 0.7, 'min_samples_leaf': 25} thr={'none': 0.25, 'platt_inner_holdout': 0.25, 'isotonic_inner_holdout': 0.25, 'platt_crossfit': 0.25, 'isotonic_crossfit': 0.22} repro={'recorded_source': 'baseline_recovery_v2_classifier_tuning_20261008_folds.csv', 'raw_valid_probs_sha256_equal_recorded': False, 'raw_valid_probs_max_abs_diff_recorded': 2.7755575615628914e-16, 'none_threshold_equal_recorded': True, 'inner_holdout_log_loss_abs_diff_recorded': 5.551115123125783e-17} (325.0s)
[14:00:38] DONE seed=42 random_forest_tuned none: LL=0.431571 Brier=0.134429 ECE15=0.00748 AUC=0.687429 MacroF1=0.609882 P1=0.3470 R1=0.3847
[14:00:38] DONE seed=42 random_forest_tuned platt_inner_holdout: LL=0.431502 Brier=0.134374 ECE15=0.00679 AUC=0.687454 MacroF1=0.610061 P1=0.3461 R1=0.3885
[14:00:38] DONE seed=42 random_forest_tuned isotonic_inner_holdout: LL=0.431869 Brier=0.134399 ECE15=0.00451 AUC=0.686985 MacroF1=0.609254 P1=0.3432 R1=0.3926
[14:00:38] DONE seed=42 random_forest_tuned platt_crossfit: LL=0.431507 Brier=0.134378 ECE15=0.00676 AUC=0.687442 MacroF1=0.609531 P1=0.3452 R1=0.3878
[14:00:38] DONE seed=42 random_forest_tuned isotonic_crossfit: LL=0.431534 Brier=0.134319 ECE15=0.00275 AUC=0.687162 MacroF1=0.610267 P1=0.3500 R1=0.3782
[14:00:38] unit time 1316s
[14:00:38] START seed=42 lightgbm_tuned
[14:00:49]     fold=1 base fit 2.3s, crossfit k=5 9.1s
[14:00:50]   42_lightgbm_tuned_fold1 params={'learning_rate': 0.03, 'min_child_samples': 20, 'n_estimators': 150, 'num_leaves': 63, 'subsample': 0.8, 'subsample_freq': 0} thr={'none': 0.23, 'platt_inner_holdout': 0.24, 'isotonic_inner_holdout': 0.23, 'platt_crossfit': 0.24, 'isotonic_crossfit': 0.24} repro={'recorded_source': 'baseline_recovery_v2_classifier_tuning_20261008_folds.csv', 'raw_valid_probs_sha256_equal_recorded': True, 'raw_valid_probs_max_abs_diff_recorded': 0.0, 'none_threshold_equal_recorded': True, 'inner_holdout_log_loss_abs_diff_recorded': 5.551115123125783e-17} (12.5s)
[14:01:02]     fold=2 base fit 2.5s, crossfit k=5 9.6s
[14:01:03]   42_lightgbm_tuned_fold2 params={'learning_rate': 0.03, 'min_child_samples': 20, 'n_estimators': 150, 'num_leaves': 127, 'subsample': 0.8, 'subsample_freq': 0} thr={'none': 0.24, 'platt_inner_holdout': 0.24, 'isotonic_inner_holdout': 0.25, 'platt_crossfit': 0.25, 'isotonic_crossfit': 0.25} repro={'recorded_source': 'baseline_recovery_v2_classifier_tuning_20261008_folds.csv', 'raw_valid_probs_sha256_equal_recorded': True, 'raw_valid_probs_max_abs_diff_recorded': 0.0, 'none_threshold_equal_recorded': True, 'inner_holdout_log_loss_abs_diff_recorded': 0.0} (13.2s)
[14:01:15]     fold=3 base fit 2.3s, crossfit k=5 8.9s
[14:01:16]   42_lightgbm_tuned_fold3 params={'learning_rate': 0.03, 'min_child_samples': 20, 'n_estimators': 150, 'num_leaves': 63, 'subsample': 0.8, 'subsample_freq': 0} thr={'none': 0.24, 'platt_inner_holdout': 0.25, 'isotonic_inner_holdout': 0.24, 'platt_crossfit': 0.25, 'isotonic_crossfit': 0.26} repro={'recorded_source': 'baseline_recovery_v2_classifier_tuning_20261008_folds.csv', 'raw_valid_probs_sha256_equal_recorded': True, 'raw_valid_probs_max_abs_diff_recorded': 0.0, 'none_threshold_equal_recorded': True, 'inner_holdout_log_loss_abs_diff_recorded': 5.551115123125783e-17} (12.3s)
[14:01:28]     fold=4 base fit 2.4s, crossfit k=5 9.6s
[14:01:29]   42_lightgbm_tuned_fold4 params={'learning_rate': 0.03, 'min_child_samples': 20, 'n_estimators': 150, 'num_leaves': 127, 'subsample': 0.8, 'subsample_freq': 0} thr={'none': 0.24, 'platt_inner_holdout': 0.26, 'isotonic_inner_holdout': 0.25, 'platt_crossfit': 0.25, 'isotonic_crossfit': 0.26} repro={'recorded_source': 'baseline_recovery_v2_classifier_tuning_20261008_folds.csv', 'raw_valid_probs_sha256_equal_recorded': True, 'raw_valid_probs_max_abs_diff_recorded': 0.0, 'none_threshold_equal_recorded': True, 'inner_holdout_log_loss_abs_diff_recorded': 0.0} (13.1s)
[14:01:40]     fold=5 base fit 2.2s, crossfit k=5 8.8s
[14:01:41]   42_lightgbm_tuned_fold5 params={'learning_rate': 0.03, 'min_child_samples': 20, 'n_estimators': 150, 'num_leaves': 63, 'subsample': 0.8, 'subsample_freq': 0} thr={'none': 0.23, 'platt_inner_holdout': 0.24, 'isotonic_inner_holdout': 0.25, 'platt_crossfit': 0.24, 'isotonic_crossfit': 0.23} repro={'recorded_source': 'baseline_recovery_v2_classifier_tuning_20261008_folds.csv', 'raw_valid_probs_sha256_equal_recorded': True, 'raw_valid_probs_max_abs_diff_recorded': 0.0, 'none_threshold_equal_recorded': True, 'inner_holdout_log_loss_abs_diff_recorded': 5.551115123125783e-17} (12.1s)
[14:01:42] DONE seed=42 lightgbm_tuned none: LL=0.436023 Brier=0.135783 ECE15=0.00725 AUC=0.674670 MacroF1=0.600827 P1=0.3384 R1=0.3529
[14:01:42] DONE seed=42 lightgbm_tuned platt_inner_holdout: LL=0.435763 Brier=0.135671 ECE15=0.00277 AUC=0.674686 MacroF1=0.600385 P1=0.3369 R1=0.3543
[14:01:42] DONE seed=42 lightgbm_tuned isotonic_inner_holdout: LL=0.437484 Brier=0.135798 ECE15=0.00340 AUC=0.673845 MacroF1=0.600821 P1=0.3374 R1=0.3554
[14:01:42] DONE seed=42 lightgbm_tuned platt_crossfit: LL=0.435786 Brier=0.135679 ECE15=0.00277 AUC=0.674641 MacroF1=0.600816 P1=0.3366 R1=0.3577
[14:01:42] DONE seed=42 lightgbm_tuned isotonic_crossfit: LL=0.436221 Brier=0.135732 ECE15=0.00267 AUC=0.674317 MacroF1=0.600474 P1=0.3376 R1=0.3530
[14:01:42] unit time 64s
[14:01:42] START seed=1 logistic_regression
[14:01:51]     fold=1 base fit 2.0s, crossfit k=5 7.0s
[14:01:52]   1_logistic_regression_fold1 params={'C': 0.01} thr={'none': 0.25, 'platt_inner_holdout': 0.25, 'isotonic_inner_holdout': 0.24, 'platt_crossfit': 0.26, 'isotonic_crossfit': 0.26} repro={'recorded_source': 'baseline_recovery_v2_classifier_compare_20261008_folds.csv', 'raw_valid_probs_sha256_equal_recorded': None, 'raw_valid_probs_max_abs_diff_recorded': None, 'none_threshold_equal_recorded': True, 'inner_holdout_log_loss_abs_diff_recorded': 8.326672684688674e-16} (10.0s)
[14:02:05]     fold=2 base fit 3.1s, crossfit k=5 10.2s
[14:02:06]   1_logistic_regression_fold2 params={'C': 0.1} thr={'none': 0.26, 'platt_inner_holdout': 0.26, 'isotonic_inner_holdout': 0.24, 'platt_crossfit': 0.25, 'isotonic_crossfit': 0.25} repro={'recorded_source': 'baseline_recovery_v2_classifier_compare_20261008_folds.csv', 'raw_valid_probs_sha256_equal_recorded': None, 'raw_valid_probs_max_abs_diff_recorded': None, 'none_threshold_equal_recorded': True, 'inner_holdout_log_loss_abs_diff_recorded': 3.3059710524696584e-09} (14.3s)
[14:02:19]     fold=3 base fit 2.5s, crossfit k=5 10.1s
[14:02:20]   1_logistic_regression_fold3 params={'C': 0.1} thr={'none': 0.26, 'platt_inner_holdout': 0.25, 'isotonic_inner_holdout': 0.25, 'platt_crossfit': 0.26, 'isotonic_crossfit': 0.24} repro={'recorded_source': 'baseline_recovery_v2_classifier_compare_20261008_folds.csv', 'raw_valid_probs_sha256_equal_recorded': None, 'raw_valid_probs_max_abs_diff_recorded': None, 'none_threshold_equal_recorded': True, 'inner_holdout_log_loss_abs_diff_recorded': 2.341166532859873e-08} (13.7s)
[14:02:32]     fold=4 base fit 2.8s, crossfit k=5 9.4s
[14:02:33]   1_logistic_regression_fold4 params={'C': 0.1} thr={'none': 0.24, 'platt_inner_holdout': 0.24, 'isotonic_inner_holdout': 0.23, 'platt_crossfit': 0.24, 'isotonic_crossfit': 0.24} repro={'recorded_source': 'baseline_recovery_v2_classifier_compare_20261008_folds.csv', 'raw_valid_probs_sha256_equal_recorded': None, 'raw_valid_probs_max_abs_diff_recorded': None, 'none_threshold_equal_recorded': True, 'inner_holdout_log_loss_abs_diff_recorded': 1.0200335021082196e-10} (13.3s)
[14:02:42]     fold=5 base fit 2.0s, crossfit k=5 6.9s
[14:02:43]   1_logistic_regression_fold5 params={'C': 0.01} thr={'none': 0.25, 'platt_inner_holdout': 0.25, 'isotonic_inner_holdout': 0.25, 'platt_crossfit': 0.25, 'isotonic_crossfit': 0.25} repro={'recorded_source': 'baseline_recovery_v2_classifier_compare_20261008_folds.csv', 'raw_valid_probs_sha256_equal_recorded': None, 'raw_valid_probs_max_abs_diff_recorded': None, 'none_threshold_equal_recorded': True, 'inner_holdout_log_loss_abs_diff_recorded': 1.6653345369377348e-16} (9.8s)
[14:02:44] DONE seed=1 logistic_regression none: LL=0.437069 Brier=0.136411 ECE15=0.00408 AUC=0.674643 MacroF1=0.596832 P1=0.3314 R1=0.3479
[14:02:44] DONE seed=1 logistic_regression platt_inner_holdout: LL=0.437105 Brier=0.136411 ECE15=0.00368 AUC=0.674588 MacroF1=0.597180 P1=0.3284 R1=0.3592
[14:02:44] DONE seed=1 logistic_regression isotonic_inner_holdout: LL=0.438194 Brier=0.136486 ECE15=0.00399 AUC=0.674021 MacroF1=0.597118 P1=0.3288 R1=0.3575
[14:02:44] DONE seed=1 logistic_regression platt_crossfit: LL=0.437059 Brier=0.136410 ECE15=0.00413 AUC=0.674672 MacroF1=0.597217 P1=0.3323 R1=0.3476
[14:02:44] DONE seed=1 logistic_regression isotonic_crossfit: LL=0.437233 Brier=0.136422 ECE15=0.00275 AUC=0.674342 MacroF1=0.597129 P1=0.3282 R1=0.3595
[14:02:44] unit time 62s
[14:02:44] START seed=1 random_forest_tuned
[14:06:51]     fold=1 base fit 50.6s, crossfit k=5 196.4s
[14:06:53]   1_random_forest_tuned_fold1 params={'max_features': 0.5, 'min_samples_leaf': 25} thr={'none': 0.25, 'platt_inner_holdout': 0.25, 'isotonic_inner_holdout': 0.24, 'platt_crossfit': 0.25, 'isotonic_crossfit': 0.26} repro={'recorded_source': 'baseline_recovery_v2_classifier_tuning_20261008_folds.csv', 'raw_valid_probs_sha256_equal_recorded': False, 'raw_valid_probs_max_abs_diff_recorded': 2.220446049250313e-16, 'none_threshold_equal_recorded': True, 'inner_holdout_log_loss_abs_diff_recorded': 0.0} (248.3s)
[14:12:23]     fold=2 base fit 67.4s, crossfit k=5 262.9s
[14:12:24]   1_random_forest_tuned_fold2 params={'max_features': 0.7, 'min_samples_leaf': 25} thr={'none': 0.25, 'platt_inner_holdout': 0.25, 'isotonic_inner_holdout': 0.25, 'platt_crossfit': 0.25, 'isotonic_crossfit': 0.27} repro={'recorded_source': 'baseline_recovery_v2_classifier_tuning_20261008_folds.csv', 'raw_valid_probs_sha256_equal_recorded': False, 'raw_valid_probs_max_abs_diff_recorded': 2.220446049250313e-16, 'none_threshold_equal_recorded': True, 'inner_holdout_log_loss_abs_diff_recorded': 0.0} (331.3s)
[14:18:01]     fold=3 base fit 68.9s, crossfit k=5 268.2s
[14:18:02]   1_random_forest_tuned_fold3 params={'max_features': 0.7, 'min_samples_leaf': 25} thr={'none': 0.25, 'platt_inner_holdout': 0.25, 'isotonic_inner_holdout': 0.26, 'platt_crossfit': 0.25, 'isotonic_crossfit': 0.27} repro={'recorded_source': 'baseline_recovery_v2_classifier_tuning_20261008_folds.csv', 'raw_valid_probs_sha256_equal_recorded': False, 'raw_valid_probs_max_abs_diff_recorded': 2.220446049250313e-16, 'none_threshold_equal_recorded': True, 'inner_holdout_log_loss_abs_diff_recorded': 0.0} (338.2s)
[14:22:19]     fold=4 base fit 54.2s, crossfit k=5 202.7s
[14:22:20]   1_random_forest_tuned_fold4 params={'max_features': 0.5, 'min_samples_leaf': 25} thr={'none': 0.28, 'platt_inner_holdout': 0.27, 'isotonic_inner_holdout': 0.25, 'platt_crossfit': 0.27, 'isotonic_crossfit': 0.28} repro={'recorded_source': 'baseline_recovery_v2_classifier_tuning_20261008_folds.csv', 'raw_valid_probs_sha256_equal_recorded': False, 'raw_valid_probs_max_abs_diff_recorded': 2.220446049250313e-16, 'none_threshold_equal_recorded': True, 'inner_holdout_log_loss_abs_diff_recorded': 0.0} (258.0s)
[14:26:31]     fold=5 base fit 51.3s, crossfit k=5 200.0s
[14:26:33]   1_random_forest_tuned_fold5 params={'max_features': 0.5, 'min_samples_leaf': 25} thr={'none': 0.25, 'platt_inner_holdout': 0.25, 'isotonic_inner_holdout': 0.26, 'platt_crossfit': 0.25, 'isotonic_crossfit': 0.23} repro={'recorded_source': 'baseline_recovery_v2_classifier_tuning_20261008_folds.csv', 'raw_valid_probs_sha256_equal_recorded': False, 'raw_valid_probs_max_abs_diff_recorded': 2.220446049250313e-16, 'none_threshold_equal_recorded': True, 'inner_holdout_log_loss_abs_diff_recorded': 5.551115123125783e-17} (252.5s)
[14:26:34] DONE seed=1 random_forest_tuned none: LL=0.432011 Brier=0.134607 ECE15=0.00699 AUC=0.686721 MacroF1=0.607277 P1=0.3468 R1=0.3689
[14:26:34] DONE seed=1 random_forest_tuned platt_inner_holdout: LL=0.431987 Brier=0.134559 ECE15=0.00570 AUC=0.686706 MacroF1=0.607551 P1=0.3444 R1=0.3774
[14:26:34] DONE seed=1 random_forest_tuned isotonic_inner_holdout: LL=0.432921 Brier=0.134655 ECE15=0.00466 AUC=0.685721 MacroF1=0.607570 P1=0.3552 R1=0.3499
[14:26:34] DONE seed=1 random_forest_tuned platt_crossfit: LL=0.431955 Brier=0.134567 ECE15=0.00584 AUC=0.686753 MacroF1=0.607637 P1=0.3448 R1=0.3770
[14:26:34] DONE seed=1 random_forest_tuned isotonic_crossfit: LL=0.432128 Brier=0.134555 ECE15=0.00222 AUC=0.686414 MacroF1=0.607797 P1=0.3592 R1=0.3427
[14:26:34] unit time 1430s
[14:26:34] START seed=1 lightgbm_tuned
[14:26:46]     fold=1 base fit 2.5s, crossfit k=5 10.0s
[14:26:47]   1_lightgbm_tuned_fold1 params={'learning_rate': 0.03, 'min_child_samples': 20, 'n_estimators': 150, 'num_leaves': 127, 'subsample': 0.8, 'subsample_freq': 0} thr={'none': 0.23, 'platt_inner_holdout': 0.25, 'isotonic_inner_holdout': 0.24, 'platt_crossfit': 0.25, 'isotonic_crossfit': 0.25} repro={'recorded_source': 'baseline_recovery_v2_classifier_tuning_20261008_folds.csv', 'raw_valid_probs_sha256_equal_recorded': True, 'raw_valid_probs_max_abs_diff_recorded': 0.0, 'none_threshold_equal_recorded': True, 'inner_holdout_log_loss_abs_diff_recorded': 5.551115123125783e-17} (13.7s)
[14:27:00]     fold=2 base fit 2.4s, crossfit k=5 9.8s
[14:27:01]   1_lightgbm_tuned_fold2 params={'learning_rate': 0.03, 'min_child_samples': 20, 'n_estimators': 150, 'num_leaves': 127, 'subsample': 0.8, 'subsample_freq': 0} thr={'none': 0.23, 'platt_inner_holdout': 0.24, 'isotonic_inner_holdout': 0.24, 'platt_crossfit': 0.24, 'isotonic_crossfit': 0.26} repro={'recorded_source': 'baseline_recovery_v2_classifier_tuning_20261008_folds.csv', 'raw_valid_probs_sha256_equal_recorded': True, 'raw_valid_probs_max_abs_diff_recorded': 0.0, 'none_threshold_equal_recorded': True, 'inner_holdout_log_loss_abs_diff_recorded': 0.0} (13.3s)
[14:27:13]     fold=3 base fit 2.3s, crossfit k=5 10.0s
[14:27:14]   1_lightgbm_tuned_fold3 params={'learning_rate': 0.03, 'min_child_samples': 20, 'n_estimators': 150, 'num_leaves': 63, 'subsample': 0.8, 'subsample_freq': 0} thr={'none': 0.23, 'platt_inner_holdout': 0.24, 'isotonic_inner_holdout': 0.26, 'platt_crossfit': 0.24, 'isotonic_crossfit': 0.25} repro={'recorded_source': 'baseline_recovery_v2_classifier_tuning_20261008_folds.csv', 'raw_valid_probs_sha256_equal_recorded': True, 'raw_valid_probs_max_abs_diff_recorded': 0.0, 'none_threshold_equal_recorded': True, 'inner_holdout_log_loss_abs_diff_recorded': 0.0} (13.5s)
[14:27:26]     fold=4 base fit 2.5s, crossfit k=5 9.6s
[14:27:27]   1_lightgbm_tuned_fold4 params={'learning_rate': 0.03, 'min_child_samples': 20, 'n_estimators': 150, 'num_leaves': 127, 'subsample': 0.8, 'subsample_freq': 0} thr={'none': 0.24, 'platt_inner_holdout': 0.25, 'isotonic_inner_holdout': 0.24, 'platt_crossfit': 0.25, 'isotonic_crossfit': 0.25} repro={'recorded_source': 'baseline_recovery_v2_classifier_tuning_20261008_folds.csv', 'raw_valid_probs_sha256_equal_recorded': True, 'raw_valid_probs_max_abs_diff_recorded': 0.0, 'none_threshold_equal_recorded': True, 'inner_holdout_log_loss_abs_diff_recorded': 0.0} (13.1s)
[14:27:39]     fold=5 base fit 2.3s, crossfit k=5 9.2s
[14:27:40]   1_lightgbm_tuned_fold5 params={'learning_rate': 0.03, 'min_child_samples': 20, 'n_estimators': 150, 'num_leaves': 63, 'subsample': 0.8, 'subsample_freq': 0} thr={'none': 0.23, 'platt_inner_holdout': 0.24, 'isotonic_inner_holdout': 0.25, 'platt_crossfit': 0.24, 'isotonic_crossfit': 0.24} repro={'recorded_source': 'baseline_recovery_v2_classifier_tuning_20261008_folds.csv', 'raw_valid_probs_sha256_equal_recorded': True, 'raw_valid_probs_max_abs_diff_recorded': 0.0, 'none_threshold_equal_recorded': True, 'inner_holdout_log_loss_abs_diff_recorded': 5.551115123125783e-17} (12.6s)
[14:27:41] DONE seed=1 lightgbm_tuned none: LL=0.435928 Brier=0.135775 ECE15=0.00838 AUC=0.675349 MacroF1=0.599806 P1=0.3334 R1=0.3610
[14:27:41] DONE seed=1 lightgbm_tuned platt_inner_holdout: LL=0.435621 Brier=0.135647 ECE15=0.00292 AUC=0.675314 MacroF1=0.600001 P1=0.3350 R1=0.3572
[14:27:41] DONE seed=1 lightgbm_tuned isotonic_inner_holdout: LL=0.436571 Brier=0.135765 ECE15=0.00420 AUC=0.674701 MacroF1=0.600117 P1=0.3335 R1=0.3625
[14:27:41] DONE seed=1 lightgbm_tuned platt_crossfit: LL=0.435617 Brier=0.135648 ECE15=0.00333 AUC=0.675360 MacroF1=0.600242 P1=0.3346 R1=0.3601
[14:27:41] DONE seed=1 lightgbm_tuned isotonic_crossfit: LL=0.435761 Brier=0.135702 ECE15=0.00322 AUC=0.675025 MacroF1=0.599637 P1=0.3335 R1=0.3594
[14:27:41] unit time 67s
[14:27:41] START seed=7 logistic_regression
[14:27:54]     fold=1 base fit 2.7s, crossfit k=5 10.2s
[14:27:55]   7_logistic_regression_fold1 params={'C': 0.1} thr={'none': 0.25, 'platt_inner_holdout': 0.26, 'isotonic_inner_holdout': 0.25, 'platt_crossfit': 0.26, 'isotonic_crossfit': 0.24} repro={'recorded_source': 'baseline_recovery_v2_classifier_compare_20261008_folds.csv', 'raw_valid_probs_sha256_equal_recorded': None, 'raw_valid_probs_max_abs_diff_recorded': None, 'none_threshold_equal_recorded': True, 'inner_holdout_log_loss_abs_diff_recorded': 3.934695819163281e-08} (14.0s)
[14:28:05]     fold=2 base fit 2.0s, crossfit k=5 7.3s
[14:28:06]   7_logistic_regression_fold2 params={'C': 0.01} thr={'none': 0.24, 'platt_inner_holdout': 0.24, 'isotonic_inner_holdout': 0.23, 'platt_crossfit': 0.24, 'isotonic_crossfit': 0.24} repro={'recorded_source': 'baseline_recovery_v2_classifier_compare_20261008_folds.csv', 'raw_valid_probs_sha256_equal_recorded': None, 'raw_valid_probs_max_abs_diff_recorded': None, 'none_threshold_equal_recorded': True, 'inner_holdout_log_loss_abs_diff_recorded': 3.2751579226442118e-15} (10.6s)
[14:28:19]     fold=3 base fit 2.7s, crossfit k=5 11.0s
[14:28:21]   7_logistic_regression_fold3 params={'C': 0.1} thr={'none': 0.25, 'platt_inner_holdout': 0.25, 'isotonic_inner_holdout': 0.25, 'platt_crossfit': 0.25, 'isotonic_crossfit': 0.24} repro={'recorded_source': 'baseline_recovery_v2_classifier_compare_20261008_folds.csv', 'raw_valid_probs_sha256_equal_recorded': None, 'raw_valid_probs_max_abs_diff_recorded': None, 'none_threshold_equal_recorded': True, 'inner_holdout_log_loss_abs_diff_recorded': 2.981610514041222e-10} (14.9s)
[14:28:34]     fold=4 base fit 3.0s, crossfit k=5 10.8s
[14:28:36]   7_logistic_regression_fold4 params={'C': 0.1} thr={'none': 0.25, 'platt_inner_holdout': 0.25, 'isotonic_inner_holdout': 0.24, 'platt_crossfit': 0.25, 'isotonic_crossfit': 0.26} repro={'recorded_source': 'baseline_recovery_v2_classifier_compare_20261008_folds.csv', 'raw_valid_probs_sha256_equal_recorded': None, 'raw_valid_probs_max_abs_diff_recorded': None, 'none_threshold_equal_recorded': True, 'inner_holdout_log_loss_abs_diff_recorded': 1.9949774721084168e-07} (14.9s)
[14:28:54]     fold=5 base fit 3.7s, crossfit k=5 14.2s
[14:28:55]   7_logistic_regression_fold5 params={'C': 1.0} thr={'none': 0.25, 'platt_inner_holdout': 0.25, 'isotonic_inner_holdout': 0.25, 'platt_crossfit': 0.25, 'isotonic_crossfit': 0.23} repro={'recorded_source': 'baseline_recovery_v2_classifier_compare_20261008_folds.csv', 'raw_valid_probs_sha256_equal_recorded': None, 'raw_valid_probs_max_abs_diff_recorded': None, 'none_threshold_equal_recorded': True, 'inner_holdout_log_loss_abs_diff_recorded': 5.3520587867339486e-05} (19.0s)
[14:28:56] DONE seed=7 logistic_regression none: LL=0.437172 Brier=0.136450 ECE15=0.00326 AUC=0.674311 MacroF1=0.597048 P1=0.3272 R1=0.3622
[14:28:56] DONE seed=7 logistic_regression platt_inner_holdout: LL=0.437185 Brier=0.136455 ECE15=0.00318 AUC=0.674277 MacroF1=0.597301 P1=0.3293 R1=0.3573
[14:28:56] DONE seed=7 logistic_regression isotonic_inner_holdout: LL=0.438022 Brier=0.136525 ECE15=0.00334 AUC=0.674034 MacroF1=0.597403 P1=0.3255 R1=0.3710
[14:28:56] DONE seed=7 logistic_regression platt_crossfit: LL=0.437171 Brier=0.136454 ECE15=0.00349 AUC=0.674311 MacroF1=0.597379 P1=0.3303 R1=0.3546
[14:28:56] DONE seed=7 logistic_regression isotonic_crossfit: LL=0.437436 Brier=0.136479 ECE15=0.00217 AUC=0.673925 MacroF1=0.597111 P1=0.3247 R1=0.3718
[14:28:56] unit time 75s
[14:28:56] START seed=7 random_forest_tuned
[14:32:56]     fold=1 base fit 52.4s, crossfit k=5 187.9s
[14:32:57]   7_random_forest_tuned_fold1 params={'max_features': 0.5, 'min_samples_leaf': 25} thr={'none': 0.27, 'platt_inner_holdout': 0.26, 'isotonic_inner_holdout': 0.25, 'platt_crossfit': 0.26, 'isotonic_crossfit': 0.24} repro={'recorded_source': 'baseline_recovery_v2_classifier_tuning_20261008_folds.csv', 'raw_valid_probs_sha256_equal_recorded': False, 'raw_valid_probs_max_abs_diff_recorded': 2.220446049250313e-16, 'none_threshold_equal_recorded': True, 'inner_holdout_log_loss_abs_diff_recorded': 5.551115123125783e-17} (241.3s)
[14:37:58]     fold=2 base fit 64.3s, crossfit k=5 236.7s
[14:37:59]   7_random_forest_tuned_fold2 params={'max_features': 0.7, 'min_samples_leaf': 25} thr={'none': 0.26, 'platt_inner_holdout': 0.25, 'isotonic_inner_holdout': 0.26, 'platt_crossfit': 0.26, 'isotonic_crossfit': 0.27} repro={'recorded_source': 'baseline_recovery_v2_classifier_tuning_20261008_folds.csv', 'raw_valid_probs_sha256_equal_recorded': False, 'raw_valid_probs_max_abs_diff_recorded': 2.220446049250313e-16, 'none_threshold_equal_recorded': True, 'inner_holdout_log_loss_abs_diff_recorded': 0.0} (302.0s)
[14:41:27]     fold=3 base fit 43.8s, crossfit k=5 163.7s
[14:41:28]   7_random_forest_tuned_fold3 params={'max_features': 0.5, 'min_samples_leaf': 25} thr={'none': 0.25, 'platt_inner_holdout': 0.26, 'isotonic_inner_holdout': 0.25, 'platt_crossfit': 0.25, 'isotonic_crossfit': 0.26} repro={'recorded_source': 'baseline_recovery_v2_classifier_tuning_20261008_folds.csv', 'raw_valid_probs_sha256_equal_recorded': False, 'raw_valid_probs_max_abs_diff_recorded': 2.220446049250313e-16, 'none_threshold_equal_recorded': True, 'inner_holdout_log_loss_abs_diff_recorded': 5.551115123125783e-17} (208.5s)
[14:45:02]     fold=4 base fit 44.8s, crossfit k=5 169.4s
[14:45:03]   7_random_forest_tuned_fold4 params={'max_features': 0.5, 'min_samples_leaf': 25} thr={'none': 0.25, 'platt_inner_holdout': 0.25, 'isotonic_inner_holdout': 0.26, 'platt_crossfit': 0.26, 'isotonic_crossfit': 0.25} repro={'recorded_source': 'baseline_recovery_v2_classifier_tuning_20261008_folds.csv', 'raw_valid_probs_sha256_equal_recorded': False, 'raw_valid_probs_max_abs_diff_recorded': 2.220446049250313e-16, 'none_threshold_equal_recorded': True, 'inner_holdout_log_loss_abs_diff_recorded': 0.0} (215.1s)
[14:48:37]     fold=5 base fit 44.7s, crossfit k=5 168.9s
[14:48:37]   7_random_forest_tuned_fold5 params={'max_features': 0.5, 'min_samples_leaf': 25} thr={'none': 0.25, 'platt_inner_holdout': 0.25, 'isotonic_inner_holdout': 0.25, 'platt_crossfit': 0.25, 'isotonic_crossfit': 0.24} repro={'recorded_source': 'baseline_recovery_v2_classifier_tuning_20261008_folds.csv', 'raw_valid_probs_sha256_equal_recorded': False, 'raw_valid_probs_max_abs_diff_recorded': 2.220446049250313e-16, 'none_threshold_equal_recorded': True, 'inner_holdout_log_loss_abs_diff_recorded': 0.0} (214.6s)
[14:48:38] DONE seed=7 random_forest_tuned none: LL=0.431576 Brier=0.134494 ECE15=0.00704 AUC=0.687695 MacroF1=0.608276 P1=0.3492 R1=0.3682
[14:48:38] DONE seed=7 random_forest_tuned platt_inner_holdout: LL=0.431530 Brier=0.134445 ECE15=0.00565 AUC=0.687694 MacroF1=0.608508 P1=0.3452 R1=0.3814
[14:48:38] DONE seed=7 random_forest_tuned isotonic_inner_holdout: LL=0.431753 Brier=0.134474 ECE15=0.00371 AUC=0.687140 MacroF1=0.608798 P1=0.3520 R1=0.3641
[14:48:38] DONE seed=7 random_forest_tuned platt_crossfit: LL=0.431508 Brier=0.134447 ECE15=0.00586 AUC=0.687700 MacroF1=0.608499 P1=0.3485 R1=0.3717
[14:48:38] DONE seed=7 random_forest_tuned isotonic_crossfit: LL=0.431541 Brier=0.134413 ECE15=0.00278 AUC=0.687451 MacroF1=0.609198 P1=0.3496 R1=0.3727
[14:48:38] unit time 1183s
[14:48:38] START seed=7 lightgbm_tuned
[14:48:49]     fold=1 base fit 2.1s, crossfit k=5 8.8s
[14:48:50]   7_lightgbm_tuned_fold1 params={'learning_rate': 0.03, 'min_child_samples': 20, 'n_estimators': 150, 'num_leaves': 127, 'subsample': 0.8, 'subsample_freq': 0} thr={'none': 0.22, 'platt_inner_holdout': 0.23, 'isotonic_inner_holdout': 0.25, 'platt_crossfit': 0.25, 'isotonic_crossfit': 0.26} repro={'recorded_source': 'baseline_recovery_v2_classifier_tuning_20261008_folds.csv', 'raw_valid_probs_sha256_equal_recorded': True, 'raw_valid_probs_max_abs_diff_recorded': 0.0, 'none_threshold_equal_recorded': True, 'inner_holdout_log_loss_abs_diff_recorded': 0.0} (11.9s)
[14:49:02]     fold=2 base fit 2.3s, crossfit k=5 8.9s
[14:49:03]   7_lightgbm_tuned_fold2 params={'learning_rate': 0.03, 'min_child_samples': 20, 'n_estimators': 150, 'num_leaves': 127, 'subsample': 0.8, 'subsample_freq': 0} thr={'none': 0.23, 'platt_inner_holdout': 0.25, 'isotonic_inner_holdout': 0.24, 'platt_crossfit': 0.24, 'isotonic_crossfit': 0.23} repro={'recorded_source': 'baseline_recovery_v2_classifier_tuning_20261008_folds.csv', 'raw_valid_probs_sha256_equal_recorded': True, 'raw_valid_probs_max_abs_diff_recorded': 0.0, 'none_threshold_equal_recorded': True, 'inner_holdout_log_loss_abs_diff_recorded': 5.551115123125783e-17} (12.2s)
[14:49:10]     fold=3 base fit 1.5s, crossfit k=5 5.9s
[14:49:11]   7_lightgbm_tuned_fold3 params={'learning_rate': 0.05, 'min_child_samples': 100, 'n_estimators': 100, 'num_leaves': 127, 'subsample': 0.8, 'subsample_freq': 0} thr={'none': 0.24, 'platt_inner_holdout': 0.25, 'isotonic_inner_holdout': 0.24, 'platt_crossfit': 0.25, 'isotonic_crossfit': 0.25} repro={'recorded_source': 'baseline_recovery_v2_classifier_tuning_20261008_folds.csv', 'raw_valid_probs_sha256_equal_recorded': True, 'raw_valid_probs_max_abs_diff_recorded': 0.0, 'none_threshold_equal_recorded': True, 'inner_holdout_log_loss_abs_diff_recorded': 5.551115123125783e-17} (8.6s)
[14:49:22]     fold=4 base fit 2.1s, crossfit k=5 8.7s
[14:49:23]   7_lightgbm_tuned_fold4 params={'learning_rate': 0.03, 'min_child_samples': 20, 'n_estimators': 150, 'num_leaves': 63, 'subsample': 0.8, 'subsample_freq': 0} thr={'none': 0.24, 'platt_inner_holdout': 0.25, 'isotonic_inner_holdout': 0.25, 'platt_crossfit': 0.25, 'isotonic_crossfit': 0.26} repro={'recorded_source': 'baseline_recovery_v2_classifier_tuning_20261008_folds.csv', 'raw_valid_probs_sha256_equal_recorded': True, 'raw_valid_probs_max_abs_diff_recorded': 0.0, 'none_threshold_equal_recorded': True, 'inner_holdout_log_loss_abs_diff_recorded': 5.551115123125783e-17} (11.9s)
[14:49:34]     fold=5 base fit 2.2s, crossfit k=5 8.4s
[14:49:35]   7_lightgbm_tuned_fold5 params={'learning_rate': 0.03, 'min_child_samples': 100, 'n_estimators': 150, 'num_leaves': 127, 'subsample': 0.8, 'subsample_freq': 0} thr={'none': 0.23, 'platt_inner_holdout': 0.25, 'isotonic_inner_holdout': 0.25, 'platt_crossfit': 0.24, 'isotonic_crossfit': 0.25} repro={'recorded_source': 'baseline_recovery_v2_classifier_tuning_20261008_folds.csv', 'raw_valid_probs_sha256_equal_recorded': True, 'raw_valid_probs_max_abs_diff_recorded': 0.0, 'none_threshold_equal_recorded': True, 'inner_holdout_log_loss_abs_diff_recorded': 5.551115123125783e-17} (11.6s)
[14:49:36] DONE seed=7 lightgbm_tuned none: LL=0.435979 Brier=0.135755 ECE15=0.00790 AUC=0.674516 MacroF1=0.600770 P1=0.3350 R1=0.3624
[14:49:36] DONE seed=7 lightgbm_tuned platt_inner_holdout: LL=0.435738 Brier=0.135652 ECE15=0.00312 AUC=0.674473 MacroF1=0.600737 P1=0.3380 R1=0.3534
[14:49:36] DONE seed=7 lightgbm_tuned isotonic_inner_holdout: LL=0.436792 Brier=0.135779 ECE15=0.00360 AUC=0.673800 MacroF1=0.600860 P1=0.3397 R1=0.3496
[14:49:36] DONE seed=7 lightgbm_tuned platt_crossfit: LL=0.435720 Brier=0.135643 ECE15=0.00309 AUC=0.674507 MacroF1=0.601262 P1=0.3394 R1=0.3527
[14:49:36] DONE seed=7 lightgbm_tuned isotonic_crossfit: LL=0.435948 Brier=0.135691 ECE15=0.00204 AUC=0.674092 MacroF1=0.600723 P1=0.3349 R1=0.3622
[14:49:36] unit time 57s
[14:49:36] FINISHED {"runs": "baseline_recovery_v2_classifier_calibration_20261008_runs.csv", "run_level_max_abs_metric_diff": 0.00021729080135490797, "fold_level": {"lightgbm_tuned": {"n_folds": 15, "valid_probs_sha256_equal": 15, "max_abs_valid_prob_diff": 0.0, "thresholds_equal": 15, "max_inner_holdout_log_loss_abs_diff": 5.551115123125783e-17}, "logistic_regression": {"n_folds": 15, "valid_probs_sha256_equal": null, "max_abs_valid_prob_diff": null, "thresholds_equal": 15, "max_inner_holdout_log_loss_abs_diff": 5.3520587867339486e-05}, "random_forest_tuned": {"n_folds": 15, "valid_probs_sha256_equal": 0, "max_abs_valid_prob_diff": 2.7755575615628914e-16, "thresholds_equal": 15, "max_inner_holdout_log_loss_abs_diff": 5.551115123125783e-17}}}
