==============================================================================
Phase 1~6 통일 프로토콜 재측정 — 정직한 기준선 확정
PLAN.md §4-0 P0-2 / P0-3 · AUDIT.md §3 대응
==============================================================================

[실행 시각] 2026-09-16T05:34:22+00:00
[!] 축소 스모크 모드: 상위 2,000행만 사용 — 결과를 인용하지 말 것

[CVConfig.describe()]
  n_splits                 = 5
  shuffle                  = True
  seed                     = 42
  stopping_rounds          = 40
  threshold_grid           = (0.1, 0.7, 0.01)
  metric_aggregation       = pooled_oof
  inner_holdout_frac       = 0.2
  n_thresholds             = 61
  inner_early_stopping     = False
  nested_threshold         = True
  tree_selection           = nested_grid
  n_estimators_grid        = [10, 25, 50, 75, 100, 150, 300, 600]
  threshold_selection      = outer_train_holdout
  teacher_scope            = student_inner_train
  teacher_selection        = nested_grid
  stopping_rounds_used     = False

[LightGBM 하이퍼파라미터 — 전 Phase 동일 고정 (Phase 4 기준)]
  objective                = binary
  metric                   = binary_logloss
  boosting_type            = gbdt
  learning_rate            = 0.05
  num_leaves               = 63
  max_depth                = 8
  subsample                = 0.8
  colsample_bytree         = 0.8
  random_state             = 42
  verbose                  = -1
  scale_pos_weight         = 미적용 (전 Phase 고정, es_protocol_final.md 작업 5)
  n_estimators             = nested grid 선택 (아래 grid, ES 아님)
  n_estimators_grid        = [10, 25, 50, 75, 100, 150, 300, 600]

[TE 설정 — 전 Phase 동일 고정]
  smoothing_m              = 20.0  (기존 Phase 6 만 25.0 이었음)
  inner_splits             = 5  (기존 5개 스크립트는 0 에 해당)
  ※ P4_te0 만 inner_splits=0 으로 추가 실행 — TE 방식 변경의 단독 효과 분리용

[실행 대상] 2개
  P6_fixed     Phase 6: Advanced (Traffic 결측 제외)
  P6_clean     Phase 6: 전처리 개선

[제외] Phase 7-Ex — 원천 데이터 결함으로 폐기 (PLAN.md §3-12)
==============================================================================

>> 데이터 로드: C:\Projects\01_Lecture_Study\Airplane\data\train.csv
   2,000행 × 19열 | 1.1s

==============================================================================
▶ P6_fixed — Phase 6: Advanced (Traffic 결측 제외)
==============================================================================
   Dep_Hour==-1 행을 집계에서 제외 + 결측 플래그 분리 (AUDIT §3-8 수정).
   피처 빌드 0.0s
   라벨 501행 | 피처 19개 | 미라벨 1,499행 | scale_pos_weight 미적용(고정, es_protocol_final.md 작업 5)
   fold 1/5 | 학습 320행 (holdout 80) | n_estimators 10 | 0.5s
   fold 2/5 | 학습 320행 (holdout 81) | n_estimators 10 | 0.4s
   fold 3/5 | 학습 320행 (holdout 81) | n_estimators 10 | 0.4s
   fold 4/5 | 학습 320행 (holdout 81) | n_estimators 25 | 0.5s
   fold 5/5 | 학습 320행 (holdout 81) | n_estimators 10 | 0.4s
   ★ LogLoss 0.4729 | AUC 0.5423 | Macro F1(nested) 0.4933 (naive 0.5134, 차이 +0.0201) | 3s
   >> CSV checkpoint 완료: C:\Projects\01_Lecture_Study\Airplane\output\baseline_recovery_v2_oof_smoke_20260916_v2_seed42.csv

==============================================================================
▶ P6_clean — Phase 6: 전처리 개선
==============================================================================
   유일 대응만 대치; local-clock proxy 명시; 0분 분모 NaN; 시각 결측 플래그
   피처 빌드 0.0s
   라벨 501행 | 피처 25개 | 미라벨 1,499행 | scale_pos_weight 미적용(고정, es_protocol_final.md 작업 5)
   fold 1/5 | 학습 320행 (holdout 80) | n_estimators 10 | 0.5s
   fold 2/5 | 학습 320행 (holdout 81) | n_estimators 10 | 0.5s
   fold 3/5 | 학습 320행 (holdout 81) | n_estimators 25 | 0.5s
   fold 4/5 | 학습 320행 (holdout 81) | n_estimators 10 | 0.4s
   fold 5/5 | 학습 320행 (holdout 81) | n_estimators 10 | 0.4s
   ★ LogLoss 0.4713 | AUC 0.5577 | Macro F1(nested) 0.5116 (naive 0.5395, 차이 +0.0279) | 3s
   >> CSV checkpoint 완료: C:\Projects\01_Lecture_Study\Airplane\output\baseline_recovery_v2_oof_smoke_20260916_v2_seed42.csv

>> 대조표 저장: C:\Projects\01_Lecture_Study\Airplane\output\baseline_recovery_v2_oof_smoke_20260916_v2_seed42.md
>> 원본 CSV   : C:\Projects\01_Lecture_Study\Airplane\output\baseline_recovery_v2_oof_smoke_20260916_v2_seed42.csv
