[09:41:35] git HEAD 998d980ebbe44dfcb6b52e9035293fb2db5afbd2; dirty entries: ['?? notebooks/run_classifier_comparison.py', '?? output/baseline_recovery_v2_classifier_compare_20261008.log', '?? src/classifier_compare.py', '?? tests/test_classifier_comparison.py']
[09:41:45] loaded weather_on matrix (180332, 39), positives=31805 in 11.0s
[09:41:45] START seed=42 model=lightgbm
[09:41:55]   lightgbm seed=42 fold=1 params={'n_estimators': 100} thr=0.23 (9.9s)
[09:42:07]   lightgbm seed=42 fold=2 params={'n_estimators': 100} thr=0.24 (11.2s)
[09:42:19]   lightgbm seed=42 fold=3 params={'n_estimators': 100} thr=0.24 (12.1s)
[09:42:30]   lightgbm seed=42 fold=4 params={'n_estimators': 100} thr=0.23 (11.1s)
[09:42:40]   lightgbm seed=42 fold=5 params={'n_estimators': 75} thr=0.23 (10.6s)
[09:42:44] DONE seed=42 model=lightgbm MacroF1=0.598500 LL=0.436841 AUC=0.672408 P1=0.3317 R1=0.3577 (59s)
[09:42:44] START seed=42 model=logistic_regression
[09:42:45]     logistic_regression fold=1 {'C': 0.001} inner_LL=0.440738 (0.7s)
[09:42:46]     logistic_regression fold=1 {'C': 0.01} inner_LL=0.439812 (1.2s)
[09:42:48]     logistic_regression fold=1 {'C': 0.1} inner_LL=0.439746 (1.6s)
[09:42:50]     logistic_regression fold=1 {'C': 1.0} inner_LL=0.439904 (2.3s)
[09:42:53]     logistic_regression fold=1 {'C': 10.0} inner_LL=0.439955 (2.4s)
[09:42:53]   logistic_regression seed=42 fold=1 params={'C': 0.1} thr=0.24 (8.8s)
[09:42:54]     logistic_regression fold=2 {'C': 0.001} inner_LL=0.440052 (0.7s)
[09:42:55]     logistic_regression fold=2 {'C': 0.01} inner_LL=0.439103 (1.1s)
[09:42:57]     logistic_regression fold=2 {'C': 0.1} inner_LL=0.439049 (1.5s)
[09:42:59]     logistic_regression fold=2 {'C': 1.0} inner_LL=0.439085 (2.2s)
[09:43:01]     logistic_regression fold=2 {'C': 10.0} inner_LL=0.439027 (2.6s)
[09:43:01]   logistic_regression seed=42 fold=2 params={'C': 10.0} thr=0.25 (8.7s)
[09:43:02]     logistic_regression fold=3 {'C': 0.001} inner_LL=0.437505 (0.7s)
[09:43:04]     logistic_regression fold=3 {'C': 0.01} inner_LL=0.436362 (1.0s)
[09:43:05]     logistic_regression fold=3 {'C': 0.1} inner_LL=0.436194 (1.5s)
[09:43:07]     logistic_regression fold=3 {'C': 1.0} inner_LL=0.436336 (2.0s)
[09:43:09]     logistic_regression fold=3 {'C': 10.0} inner_LL=0.436380 (2.3s)
[09:43:09]   logistic_regression seed=42 fold=3 params={'C': 0.1} thr=0.25 (7.9s)
[09:43:10]     logistic_regression fold=4 {'C': 0.001} inner_LL=0.438244 (0.7s)
[09:43:11]     logistic_regression fold=4 {'C': 0.01} inner_LL=0.437125 (1.0s)
[09:43:13]     logistic_regression fold=4 {'C': 0.1} inner_LL=0.436994 (1.5s)
[09:43:15]     logistic_regression fold=4 {'C': 1.0} inner_LL=0.437090 (2.0s)
[09:43:17]     logistic_regression fold=4 {'C': 10.0} inner_LL=0.437188 (1.8s)
[09:43:17]   logistic_regression seed=42 fold=4 params={'C': 0.1} thr=0.24 (7.3s)
[09:43:18]     logistic_regression fold=5 {'C': 0.001} inner_LL=0.438253 (0.7s)
[09:43:19]     logistic_regression fold=5 {'C': 0.01} inner_LL=0.436935 (1.0s)
[09:43:20]     logistic_regression fold=5 {'C': 0.1} inner_LL=0.436700 (1.1s)
[09:43:22]     logistic_regression fold=5 {'C': 1.0} inner_LL=0.436792 (1.9s)
[09:43:24]     logistic_regression fold=5 {'C': 10.0} inner_LL=0.436887 (2.3s)
[09:43:24]   logistic_regression seed=42 fold=5 params={'C': 0.1} thr=0.23 (7.4s)
[09:43:28] DONE seed=42 model=logistic_regression MacroF1=0.596366 LL=0.437195 AUC=0.674232 P1=0.3199 R1=0.3859 (44s)
[09:43:28] START seed=42 model=random_forest
[09:43:33]     random_forest fold=1 {'min_samples_leaf': 5, 'max_features': 'sqrt'} inner_LL=0.433339 (5.3s)
[09:43:54]     random_forest fold=1 {'min_samples_leaf': 5, 'max_features': 0.5} inner_LL=0.434993 (20.9s)
[09:43:59]     random_forest fold=1 {'min_samples_leaf': 25, 'max_features': 'sqrt'} inner_LL=0.433772 (5.2s)
[09:44:16]     random_forest fold=1 {'min_samples_leaf': 25, 'max_features': 0.5} inner_LL=0.432877 (17.1s)
[09:44:21]     random_forest fold=1 {'min_samples_leaf': 100, 'max_features': 'sqrt'} inner_LL=0.436046 (4.4s)
[09:44:34]     random_forest fold=1 {'min_samples_leaf': 100, 'max_features': 0.5} inner_LL=0.434438 (13.5s)
[09:44:34]   random_forest seed=42 fold=1 params={'min_samples_leaf': 25, 'max_features': 0.5} thr=0.25 (66.8s)
[09:44:41]     random_forest fold=2 {'min_samples_leaf': 5, 'max_features': 'sqrt'} inner_LL=0.432282 (6.7s)
[09:45:03]     random_forest fold=2 {'min_samples_leaf': 5, 'max_features': 0.5} inner_LL=0.433365 (22.0s)
[09:45:09]     random_forest fold=2 {'min_samples_leaf': 25, 'max_features': 'sqrt'} inner_LL=0.433089 (6.0s)
[09:45:27]     random_forest fold=2 {'min_samples_leaf': 25, 'max_features': 0.5} inner_LL=0.431795 (17.4s)
[09:45:31]     random_forest fold=2 {'min_samples_leaf': 100, 'max_features': 'sqrt'} inner_LL=0.435573 (4.2s)
[09:45:44]     random_forest fold=2 {'min_samples_leaf': 100, 'max_features': 0.5} inner_LL=0.433828 (13.2s)
[09:45:44]   random_forest seed=42 fold=2 params={'min_samples_leaf': 25, 'max_features': 0.5} thr=0.25 (70.1s)
[09:45:51]     random_forest fold=3 {'min_samples_leaf': 5, 'max_features': 'sqrt'} inner_LL=0.431283 (6.3s)
[09:46:12]     random_forest fold=3 {'min_samples_leaf': 5, 'max_features': 0.5} inner_LL=0.432982 (20.7s)
[09:46:17]     random_forest fold=3 {'min_samples_leaf': 25, 'max_features': 'sqrt'} inner_LL=0.431103 (5.1s)
[09:46:34]     random_forest fold=3 {'min_samples_leaf': 25, 'max_features': 0.5} inner_LL=0.430640 (16.8s)
[09:46:38]     random_forest fold=3 {'min_samples_leaf': 100, 'max_features': 'sqrt'} inner_LL=0.433865 (4.2s)
[09:46:51]     random_forest fold=3 {'min_samples_leaf': 100, 'max_features': 0.5} inner_LL=0.432159 (12.9s)
[09:46:51]   random_forest seed=42 fold=3 params={'min_samples_leaf': 25, 'max_features': 0.5} thr=0.26 (66.6s)
[09:46:57]     random_forest fold=4 {'min_samples_leaf': 5, 'max_features': 'sqrt'} inner_LL=0.431512 (6.0s)
[09:47:18]     random_forest fold=4 {'min_samples_leaf': 5, 'max_features': 0.5} inner_LL=0.432636 (20.2s)
[09:47:24]     random_forest fold=4 {'min_samples_leaf': 25, 'max_features': 'sqrt'} inner_LL=0.431315 (6.1s)
[09:47:41]     random_forest fold=4 {'min_samples_leaf': 25, 'max_features': 0.5} inner_LL=0.430267 (17.3s)
[09:47:45]     random_forest fold=4 {'min_samples_leaf': 100, 'max_features': 'sqrt'} inner_LL=0.434010 (4.1s)
[09:47:58]     random_forest fold=4 {'min_samples_leaf': 100, 'max_features': 0.5} inner_LL=0.431361 (13.1s)
[09:47:59]   random_forest seed=42 fold=4 params={'min_samples_leaf': 25, 'max_features': 0.5} thr=0.25 (67.5s)
[09:48:06]     random_forest fold=5 {'min_samples_leaf': 5, 'max_features': 'sqrt'} inner_LL=0.433137 (6.6s)
[09:48:27]     random_forest fold=5 {'min_samples_leaf': 5, 'max_features': 0.5} inner_LL=0.434502 (21.4s)
[09:48:32]     random_forest fold=5 {'min_samples_leaf': 25, 'max_features': 'sqrt'} inner_LL=0.432792 (5.1s)
[09:48:49]     random_forest fold=5 {'min_samples_leaf': 25, 'max_features': 0.5} inner_LL=0.431923 (16.8s)
[09:48:53]     random_forest fold=5 {'min_samples_leaf': 100, 'max_features': 'sqrt'} inner_LL=0.434629 (4.4s)
[09:49:06]     random_forest fold=5 {'min_samples_leaf': 100, 'max_features': 0.5} inner_LL=0.433118 (13.1s)
[09:49:07]   random_forest seed=42 fold=5 params={'min_samples_leaf': 25, 'max_features': 0.5} thr=0.25 (68.1s)
[09:49:11] DONE seed=42 model=random_forest MacroF1=0.609729 LL=0.431548 AUC=0.687535 P1=0.3468 R1=0.3842 (343s)
[09:49:11] START seed=1 model=lightgbm
[09:49:22]   lightgbm seed=1 fold=1 params={'n_estimators': 150} thr=0.24 (11.5s)
[09:49:33]   lightgbm seed=1 fold=2 params={'n_estimators': 75} thr=0.23 (10.7s)
[09:49:45]   lightgbm seed=1 fold=3 params={'n_estimators': 100} thr=0.23 (12.2s)
[09:49:56]   lightgbm seed=1 fold=4 params={'n_estimators': 100} thr=0.23 (10.9s)
[09:50:07]   lightgbm seed=1 fold=5 params={'n_estimators': 150} thr=0.24 (10.7s)
[09:50:10] DONE seed=1 model=lightgbm MacroF1=0.599009 LL=0.436624 AUC=0.673219 P1=0.3331 R1=0.3567 (59s)
[09:50:10] START seed=1 model=logistic_regression
[09:50:11]     logistic_regression fold=1 {'C': 0.001} inner_LL=0.438537 (0.8s)
[09:50:12]     logistic_regression fold=1 {'C': 0.01} inner_LL=0.437370 (1.2s)
[09:50:14]     logistic_regression fold=1 {'C': 0.1} inner_LL=0.437474 (1.6s)
[09:50:16]     logistic_regression fold=1 {'C': 1.0} inner_LL=0.437615 (2.5s)
[09:50:19]     logistic_regression fold=1 {'C': 10.0} inner_LL=0.437597 (2.7s)
[09:50:19]   logistic_regression seed=1 fold=1 params={'C': 0.01} thr=0.25 (9.2s)
[09:50:20]     logistic_regression fold=2 {'C': 0.001} inner_LL=0.435957 (0.8s)
[09:50:21]     logistic_regression fold=2 {'C': 0.01} inner_LL=0.434482 (1.2s)
[09:50:23]     logistic_regression fold=2 {'C': 0.1} inner_LL=0.434379 (1.9s)
[09:50:26]     logistic_regression fold=2 {'C': 1.0} inner_LL=0.434457 (2.7s)
[09:50:29]     logistic_regression fold=2 {'C': 10.0} inner_LL=0.434504 (2.7s)
[09:50:29]   logistic_regression seed=1 fold=2 params={'C': 0.1} thr=0.26 (9.7s)
[09:50:30]     logistic_regression fold=3 {'C': 0.001} inner_LL=0.435486 (0.8s)
[09:50:31]     logistic_regression fold=3 {'C': 0.01} inner_LL=0.434040 (1.2s)
[09:50:33]     logistic_regression fold=3 {'C': 0.1} inner_LL=0.433874 (1.5s)
[09:50:35]     logistic_regression fold=3 {'C': 1.0} inner_LL=0.433937 (2.1s)
[09:50:37]     logistic_regression fold=3 {'C': 10.0} inner_LL=0.433961 (2.2s)
[09:50:37]   logistic_regression seed=1 fold=3 params={'C': 0.1} thr=0.26 (8.2s)
[09:50:38]     logistic_regression fold=4 {'C': 0.001} inner_LL=0.437795 (0.8s)
[09:50:39]     logistic_regression fold=4 {'C': 0.01} inner_LL=0.436637 (1.2s)
[09:50:41]     logistic_regression fold=4 {'C': 0.1} inner_LL=0.436519 (1.7s)
[09:50:44]     logistic_regression fold=4 {'C': 1.0} inner_LL=0.436627 (2.5s)
[09:50:46]     logistic_regression fold=4 {'C': 10.0} inner_LL=0.436649 (2.7s)
[09:50:46]   logistic_regression seed=1 fold=4 params={'C': 0.1} thr=0.24 (9.2s)
[09:50:47]     logistic_regression fold=5 {'C': 0.001} inner_LL=0.438647 (0.7s)
[09:50:48]     logistic_regression fold=5 {'C': 0.01} inner_LL=0.437663 (1.1s)
[09:50:50]     logistic_regression fold=5 {'C': 0.1} inner_LL=0.437719 (1.6s)
[09:50:52]     logistic_regression fold=5 {'C': 1.0} inner_LL=0.437746 (2.2s)
[09:50:55]     logistic_regression fold=5 {'C': 10.0} inner_LL=0.437821 (2.6s)
[09:50:55]   logistic_regression seed=1 fold=5 params={'C': 0.01} thr=0.25 (8.7s)
[09:50:59] DONE seed=1 model=logistic_regression MacroF1=0.596832 LL=0.437069 AUC=0.674643 P1=0.3314 R1=0.3479 (49s)
[09:50:59] START seed=1 model=random_forest
[09:51:04]     random_forest fold=1 {'min_samples_leaf': 5, 'max_features': 'sqrt'} inner_LL=0.432624 (5.3s)
[09:51:25]     random_forest fold=1 {'min_samples_leaf': 5, 'max_features': 0.5} inner_LL=0.433971 (20.5s)
[09:51:30]     random_forest fold=1 {'min_samples_leaf': 25, 'max_features': 'sqrt'} inner_LL=0.432468 (5.2s)
[09:51:46]     random_forest fold=1 {'min_samples_leaf': 25, 'max_features': 0.5} inner_LL=0.431492 (16.5s)
[09:51:50]     random_forest fold=1 {'min_samples_leaf': 100, 'max_features': 'sqrt'} inner_LL=0.435151 (4.1s)
[09:52:04]     random_forest fold=1 {'min_samples_leaf': 100, 'max_features': 0.5} inner_LL=0.433590 (13.2s)
[09:52:04]   random_forest seed=1 fold=1 params={'min_samples_leaf': 25, 'max_features': 0.5} thr=0.25 (65.3s)
[09:52:10]     random_forest fold=2 {'min_samples_leaf': 5, 'max_features': 'sqrt'} inner_LL=0.430012 (6.1s)
[09:52:31]     random_forest fold=2 {'min_samples_leaf': 5, 'max_features': 0.5} inner_LL=0.431982 (20.6s)
[09:52:36]     random_forest fold=2 {'min_samples_leaf': 25, 'max_features': 'sqrt'} inner_LL=0.429896 (5.1s)
[09:52:53]     random_forest fold=2 {'min_samples_leaf': 25, 'max_features': 0.5} inner_LL=0.429560 (16.6s)
[09:52:57]     random_forest fold=2 {'min_samples_leaf': 100, 'max_features': 'sqrt'} inner_LL=0.432448 (4.2s)
[09:53:10]     random_forest fold=2 {'min_samples_leaf': 100, 'max_features': 0.5} inner_LL=0.430389 (13.3s)
[09:53:10]   random_forest seed=1 fold=2 params={'min_samples_leaf': 25, 'max_features': 0.5} thr=0.27 (66.5s)
[09:53:17]     random_forest fold=3 {'min_samples_leaf': 5, 'max_features': 'sqrt'} inner_LL=0.429516 (6.1s)
[09:53:38]     random_forest fold=3 {'min_samples_leaf': 5, 'max_features': 0.5} inner_LL=0.430608 (20.7s)
[09:53:43]     random_forest fold=3 {'min_samples_leaf': 25, 'max_features': 'sqrt'} inner_LL=0.429892 (5.2s)
[09:53:59]     random_forest fold=3 {'min_samples_leaf': 25, 'max_features': 0.5} inner_LL=0.429008 (16.8s)
[09:54:04]     random_forest fold=3 {'min_samples_leaf': 100, 'max_features': 'sqrt'} inner_LL=0.432732 (4.2s)
[09:54:17]     random_forest fold=3 {'min_samples_leaf': 100, 'max_features': 0.5} inner_LL=0.430594 (13.5s)
[09:54:18]   random_forest seed=1 fold=3 params={'min_samples_leaf': 25, 'max_features': 0.5} thr=0.26 (67.1s)
[09:54:24]     random_forest fold=4 {'min_samples_leaf': 5, 'max_features': 'sqrt'} inner_LL=0.431897 (6.1s)
[09:54:44]     random_forest fold=4 {'min_samples_leaf': 5, 'max_features': 0.5} inner_LL=0.434131 (20.6s)
[09:54:50]     random_forest fold=4 {'min_samples_leaf': 25, 'max_features': 'sqrt'} inner_LL=0.431515 (5.2s)
[09:55:06]     random_forest fold=4 {'min_samples_leaf': 25, 'max_features': 0.5} inner_LL=0.431133 (16.6s)
[09:55:11]     random_forest fold=4 {'min_samples_leaf': 100, 'max_features': 'sqrt'} inner_LL=0.433826 (4.2s)
[09:55:24]     random_forest fold=4 {'min_samples_leaf': 100, 'max_features': 0.5} inner_LL=0.432380 (13.4s)
[09:55:24]   random_forest seed=1 fold=4 params={'min_samples_leaf': 25, 'max_features': 0.5} thr=0.28 (66.6s)
[09:55:31]     random_forest fold=5 {'min_samples_leaf': 5, 'max_features': 'sqrt'} inner_LL=0.433502 (6.1s)
[09:55:51]     random_forest fold=5 {'min_samples_leaf': 5, 'max_features': 0.5} inner_LL=0.435479 (20.5s)
[09:55:56]     random_forest fold=5 {'min_samples_leaf': 25, 'max_features': 'sqrt'} inner_LL=0.432757 (5.2s)
[09:56:13]     random_forest fold=5 {'min_samples_leaf': 25, 'max_features': 0.5} inner_LL=0.432467 (16.6s)
[09:56:17]     random_forest fold=5 {'min_samples_leaf': 100, 'max_features': 'sqrt'} inner_LL=0.435158 (4.2s)
[09:56:30]     random_forest fold=5 {'min_samples_leaf': 100, 'max_features': 0.5} inner_LL=0.433432 (13.2s)
[09:56:31]   random_forest seed=1 fold=5 params={'min_samples_leaf': 25, 'max_features': 0.5} thr=0.25 (66.4s)
[09:56:34] DONE seed=1 model=random_forest MacroF1=0.607776 LL=0.431931 AUC=0.687155 P1=0.3552 R1=0.3511 (335s)
[09:56:34] START seed=7 model=lightgbm
[09:56:45]   lightgbm seed=7 fold=1 params={'n_estimators': 100} thr=0.22 (10.5s)
[09:56:55]   lightgbm seed=7 fold=2 params={'n_estimators': 75} thr=0.24 (10.4s)
[09:57:06]   lightgbm seed=7 fold=3 params={'n_estimators': 75} thr=0.23 (10.4s)
[09:57:16]   lightgbm seed=7 fold=4 params={'n_estimators': 100} thr=0.24 (10.7s)
[09:57:27]   lightgbm seed=7 fold=5 params={'n_estimators': 100} thr=0.24 (10.6s)
[09:57:30] DONE seed=7 model=lightgbm MacroF1=0.599326 LL=0.436601 AUC=0.673180 P1=0.3349 R1=0.3534 (56s)
[09:57:30] START seed=7 model=logistic_regression
[09:57:31]     logistic_regression fold=1 {'C': 0.001} inner_LL=0.437517 (0.8s)
[09:57:32]     logistic_regression fold=1 {'C': 0.01} inner_LL=0.436211 (1.1s)
[09:57:34]     logistic_regression fold=1 {'C': 0.1} inner_LL=0.435971 (1.6s)
[09:57:36]     logistic_regression fold=1 {'C': 1.0} inner_LL=0.436010 (2.4s)
[09:57:39]     logistic_regression fold=1 {'C': 10.0} inner_LL=0.436084 (2.7s)
[09:57:39]   logistic_regression seed=7 fold=1 params={'C': 0.1} thr=0.25 (9.0s)
[09:57:40]     logistic_regression fold=2 {'C': 0.001} inner_LL=0.437943 (0.8s)
[09:57:41]     logistic_regression fold=2 {'C': 0.01} inner_LL=0.436768 (1.2s)
[09:57:43]     logistic_regression fold=2 {'C': 0.1} inner_LL=0.436902 (1.7s)
[09:57:46]     logistic_regression fold=2 {'C': 1.0} inner_LL=0.436947 (2.7s)
[09:57:49]     logistic_regression fold=2 {'C': 10.0} inner_LL=0.436936 (2.8s)
[09:57:49]   logistic_regression seed=7 fold=2 params={'C': 0.01} thr=0.24 (9.6s)
[09:57:50]     logistic_regression fold=3 {'C': 0.001} inner_LL=0.438109 (0.8s)
[09:57:51]     logistic_regression fold=3 {'C': 0.01} inner_LL=0.436954 (1.2s)
[09:57:53]     logistic_regression fold=3 {'C': 0.1} inner_LL=0.436908 (1.6s)
[09:57:55]     logistic_regression fold=3 {'C': 1.0} inner_LL=0.437133 (2.3s)
[09:57:57]     logistic_regression fold=3 {'C': 10.0} inner_LL=0.437278 (2.4s)
[09:57:57]   logistic_regression seed=7 fold=3 params={'C': 0.1} thr=0.25 (8.6s)
[09:57:59]     logistic_regression fold=4 {'C': 0.001} inner_LL=0.438812 (0.8s)
[09:58:00]     logistic_regression fold=4 {'C': 0.01} inner_LL=0.437747 (1.1s)
[09:58:01]     logistic_regression fold=4 {'C': 0.1} inner_LL=0.437676 (1.7s)
[09:58:04]     logistic_regression fold=4 {'C': 1.0} inner_LL=0.437696 (2.3s)
[09:58:06]     logistic_regression fold=4 {'C': 10.0} inner_LL=0.437722 (2.7s)
[09:58:06]   logistic_regression seed=7 fold=4 params={'C': 0.1} thr=0.25 (9.0s)
[09:58:07]     logistic_regression fold=5 {'C': 0.001} inner_LL=0.436521 (0.8s)
[09:58:09]     logistic_regression fold=5 {'C': 0.01} inner_LL=0.435414 (1.1s)
[09:58:10]     logistic_regression fold=5 {'C': 0.1} inner_LL=0.435316 (1.8s)
[09:58:13]     logistic_regression fold=5 {'C': 1.0} inner_LL=0.435282 (2.5s)
[09:58:15]     logistic_regression fold=5 {'C': 10.0} inner_LL=0.435373 (2.6s)
[09:58:16]   logistic_regression seed=7 fold=5 params={'C': 1.0} thr=0.25 (9.2s)
[09:58:19] DONE seed=7 model=logistic_regression MacroF1=0.597250 LL=0.437167 AUC=0.674339 P1=0.3275 R1=0.3627 (49s)
[09:58:19] START seed=7 model=random_forest
[09:58:25]     random_forest fold=1 {'min_samples_leaf': 5, 'max_features': 'sqrt'} inner_LL=0.429938 (5.3s)
[09:58:45]     random_forest fold=1 {'min_samples_leaf': 5, 'max_features': 0.5} inner_LL=0.430588 (20.2s)
[09:58:50]     random_forest fold=1 {'min_samples_leaf': 25, 'max_features': 'sqrt'} inner_LL=0.430456 (5.2s)
[09:59:07]     random_forest fold=1 {'min_samples_leaf': 25, 'max_features': 0.5} inner_LL=0.428824 (16.5s)
[09:59:11]     random_forest fold=1 {'min_samples_leaf': 100, 'max_features': 'sqrt'} inner_LL=0.433255 (4.1s)
[09:59:24]     random_forest fold=1 {'min_samples_leaf': 100, 'max_features': 0.5} inner_LL=0.430750 (13.2s)
[09:59:24]   random_forest seed=7 fold=1 params={'min_samples_leaf': 25, 'max_features': 0.5} thr=0.27 (65.0s)
[09:59:31]     random_forest fold=2 {'min_samples_leaf': 5, 'max_features': 'sqrt'} inner_LL=0.432728 (6.1s)
[09:59:51]     random_forest fold=2 {'min_samples_leaf': 5, 'max_features': 0.5} inner_LL=0.435437 (20.3s)
[09:59:56]     random_forest fold=2 {'min_samples_leaf': 25, 'max_features': 'sqrt'} inner_LL=0.432760 (5.1s)
[10:00:13]     random_forest fold=2 {'min_samples_leaf': 25, 'max_features': 0.5} inner_LL=0.432455 (16.6s)
[10:00:17]     random_forest fold=2 {'min_samples_leaf': 100, 'max_features': 'sqrt'} inner_LL=0.434961 (4.1s)
[10:00:30]     random_forest fold=2 {'min_samples_leaf': 100, 'max_features': 0.5} inner_LL=0.433529 (13.1s)
[10:00:30]   random_forest seed=7 fold=2 params={'min_samples_leaf': 25, 'max_features': 0.5} thr=0.25 (65.7s)
[10:00:36]     random_forest fold=3 {'min_samples_leaf': 5, 'max_features': 'sqrt'} inner_LL=0.432639 (6.0s)
[10:00:56]     random_forest fold=3 {'min_samples_leaf': 5, 'max_features': 0.5} inner_LL=0.434770 (19.9s)
[10:01:01]     random_forest fold=3 {'min_samples_leaf': 25, 'max_features': 'sqrt'} inner_LL=0.432740 (5.1s)
[10:01:17]     random_forest fold=3 {'min_samples_leaf': 25, 'max_features': 0.5} inner_LL=0.432280 (16.1s)
[10:01:21]     random_forest fold=3 {'min_samples_leaf': 100, 'max_features': 'sqrt'} inner_LL=0.435287 (4.1s)
[10:01:34]     random_forest fold=3 {'min_samples_leaf': 100, 'max_features': 0.5} inner_LL=0.433525 (12.7s)
[10:01:34]   random_forest seed=7 fold=3 params={'min_samples_leaf': 25, 'max_features': 0.5} thr=0.25 (64.4s)
[10:01:41]     random_forest fold=4 {'min_samples_leaf': 5, 'max_features': 'sqrt'} inner_LL=0.431889 (6.0s)
[10:02:01]     random_forest fold=4 {'min_samples_leaf': 5, 'max_features': 0.5} inner_LL=0.433284 (20.3s)
[10:02:06]     random_forest fold=4 {'min_samples_leaf': 25, 'max_features': 'sqrt'} inner_LL=0.431713 (5.1s)
[10:02:23]     random_forest fold=4 {'min_samples_leaf': 25, 'max_features': 0.5} inner_LL=0.430856 (16.5s)
[10:02:27]     random_forest fold=4 {'min_samples_leaf': 100, 'max_features': 'sqrt'} inner_LL=0.434356 (4.2s)
[10:02:40]     random_forest fold=4 {'min_samples_leaf': 100, 'max_features': 0.5} inner_LL=0.432362 (13.3s)
[10:02:40]   random_forest seed=7 fold=4 params={'min_samples_leaf': 25, 'max_features': 0.5} thr=0.25 (66.0s)
[10:02:47]     random_forest fold=5 {'min_samples_leaf': 5, 'max_features': 'sqrt'} inner_LL=0.430552 (6.1s)
[10:03:07]     random_forest fold=5 {'min_samples_leaf': 5, 'max_features': 0.5} inner_LL=0.432212 (20.4s)
[10:03:12]     random_forest fold=5 {'min_samples_leaf': 25, 'max_features': 'sqrt'} inner_LL=0.430319 (5.1s)
[10:03:29]     random_forest fold=5 {'min_samples_leaf': 25, 'max_features': 0.5} inner_LL=0.429534 (16.4s)
[10:03:33]     random_forest fold=5 {'min_samples_leaf': 100, 'max_features': 'sqrt'} inner_LL=0.432773 (4.1s)
[10:03:46]     random_forest fold=5 {'min_samples_leaf': 100, 'max_features': 0.5} inner_LL=0.430779 (13.1s)
[10:03:46]   random_forest seed=7 fold=5 params={'min_samples_leaf': 25, 'max_features': 0.5} thr=0.25 (65.6s)
[10:03:49] DONE seed=7 model=random_forest MacroF1=0.608167 LL=0.431514 AUC=0.687852 P1=0.3471 R1=0.3734 (330s)
[10:03:50] FINISHED {"runs": "baseline_recovery_v2_classifier_compare_20261008_runs.csv", "lightgbm_reproduction_all_exact": true}
